Component: ARM Compiler 5.06 update 5 (build 528) Tool: armlink [4d35e2]

==============================================================================

Section Cross References

    main.o(.text) refers to delay.o(.text) for delay_init
    main.o(.text) refers to misc.o(.text) for NVIC_PriorityGroupConfig
    main.o(.text) refers to usart.o(.text) for uart_init
    main.o(.text) refers to exti.o(.text) for KEY_Init
    main.o(.text) refers to beep.o(.text) for BEEP_Init
    main.o(.text) refers to lcd.o(.text) for LCD_Init
    main.o(.text) refers to displaychess.o(.text) for initUI
    main.o(.text) refers to chess.o(.text) for change
    main.o(.text) refers to check.o(.text) for check
    main.o(.text) refers to stm32f10x_exti.o(.text) for EXTI_ClearITPendingBit
    main.o(.text) refers to stm32f10x_gpio.o(.text) for GPIO_ReadInputDataBit
    main.o(.text) refers to lcd.o(.data) for POINT_COLOR
    main.o(.text) refers to touch.o(.data) for tp_dev
    main.o(.text) refers to chess.o(.data) for piece
    main.o(.text) refers to displaychess.o(.data) for lengthCH2
    main.o(.text) refers to main.o(.data) for selectIndex
    system_stm32f10x.o(.text) refers to system_stm32f10x.o(.data) for SystemCoreClock
    chess.o(.text) refers to chess.o(.data) for pieceTable
    chess.o(.data) refers to chess.o(.text) for car
    check.o(.text) refers to chess.o(.text) for change
    check.o(.text) refers to chess.o(.data) for piece
    lcd.o(.text) refers to _printf_percent.o(.ARM.Collect$$_printf_percent$$00000000) for _printf_percent
    lcd.o(.text) refers to _printf_x.o(.ARM.Collect$$_printf_percent$$0000000C) for _printf_x
    lcd.o(.text) refers to _printf_hex_int.o(.text) for _printf_longlong_hex
    lcd.o(.text) refers to dflt_clz.o(x$fpl$dflt) for __aeabi_i2d
    lcd.o(.text) refers to dflt_clz.o(x$fpl$dfltu) for __aeabi_ui2d
    lcd.o(.text) refers to ddiv.o(x$fpl$ddiv) for __aeabi_ddiv
    lcd.o(.text) refers to daddsub_clz.o(x$fpl$dadd) for __aeabi_dadd
    lcd.o(.text) refers to dfixu.o(x$fpl$dfixu) for __aeabi_d2uiz
    lcd.o(.text) refers to lcd.o(.bss) for lcddev
    lcd.o(.text) refers to font.o(.constdata) for Chinese64
    lcd.o(.text) refers to lcd.o(.data) for BACK_COLOR
    lcd.o(.text) refers to dmul.o(x$fpl$dmul) for __aeabi_dmul
    lcd.o(.text) refers to daddsub_clz.o(x$fpl$dsub) for __aeabi_dsub
    lcd.o(.text) refers to displaychess.o(.data) for pieceR
    lcd.o(.text) refers to chess.o(.data) for piece
    lcd.o(.text) refers to displaychess.o(.bss) for turnPiX
    lcd.o(.text) refers to delay.o(.text) for delay_us
    lcd.o(.text) refers to stm32f10x_rcc.o(.text) for RCC_APB2PeriphClockCmd
    lcd.o(.text) refers to stm32f10x_gpio.o(.text) for GPIO_PinRemapConfig
    lcd.o(.text) refers to noretval__2printf.o(.text) for __2printf
    displaychess.o(.text) refers to lcd.o(.text) for LCD_Fill_Circle
    displaychess.o(.text) refers to chess.o(.data) for piece
    displaychess.o(.text) refers to displaychess.o(.bss) for turnPiX
    displaychess.o(.text) refers to displaychess.o(.data) for pieceR
    displaychess.o(.text) refers to lcd.o(.data) for BACK_COLOR
    displaychess.o(.text) refers to lcd.o(.bss) for lcddev
    displaychess.o(.text) refers to font.o(.constdata) for GB_1616
    displaychess.o(.text) refers to dflt_clz.o(x$fpl$dflt) for __aeabi_i2d
    displaychess.o(.text) refers to dmul.o(x$fpl$dmul) for __aeabi_dmul
    displaychess.o(.text) refers to daddsub_clz.o(x$fpl$dadd) for __aeabi_dadd
    displaychess.o(.text) refers to ddiv.o(x$fpl$ddiv) for __aeabi_ddiv
    displaychess.o(.text) refers to dfix.o(x$fpl$dfix) for __aeabi_d2iz
    displaychess.o(.text) refers to dflt_clz.o(x$fpl$dfltu) for __aeabi_ui2d
    displaychess.o(.text) refers to daddsub_clz.o(x$fpl$dsub) for __aeabi_dsub
    displaychess.o(.text) refers to main.o(.data) for selectIndex
    displaychess.o(.text) refers to touch.o(.data) for tp_dev
    displaychess.o(.data) refers to font.o(.constdata) for GB_3232
    exti.o(.text) refers to stm32f10x_rcc.o(.text) for RCC_APB2PeriphClockCmd
    exti.o(.text) refers to stm32f10x_gpio.o(.text) for GPIO_EXTILineConfig
    exti.o(.text) refers to stm32f10x_exti.o(.text) for EXTI_Init
    exti.o(.text) refers to misc.o(.text) for NVIC_Init
    24cxx.o(.text) refers to myiic.o(.text) for IIC_Init
    24cxx.o(.text) refers to delay.o(.text) for delay_ms
    myiic.o(.text) refers to stm32f10x_rcc.o(.text) for RCC_APB2PeriphClockCmd
    myiic.o(.text) refers to stm32f10x_gpio.o(.text) for GPIO_Init
    myiic.o(.text) refers to delay.o(.text) for delay_us
    spi.o(.text) refers to stm32f10x_spi.o(.text) for SPI_I2S_GetFlagStatus
    spi.o(.text) refers to stm32f10x_rcc.o(.text) for RCC_APB2PeriphClockCmd
    spi.o(.text) refers to stm32f10x_gpio.o(.text) for GPIO_Init
    spi.o(.text) refers to spi.o(.bss) for SPI_InitStructure
    ctiic.o(.text) refers to delay.o(.text) for delay_us
[...]
    .ARM.Collect$$_printf_percent$$0000000C  0x080001ea   Section        6  _printf_x.o(.ARM.Collect$$_printf_percent$$0000000C)
    .ARM.Collect$$_printf_percent$$00000014  0x080001f0   Section        6  _printf_s.o(.ARM.Collect$$_printf_percent$$00000014)
    .ARM.Collect$$_printf_percent$$00000017  0x080001f6   Section        4  _printf_percent_end.o(.ARM.Collect$$_printf_percent$$00000017)
    .ARM.Collect$$libinit$$00000000          0x080001fa   Section        2  libinit.o(.ARM.Collect$$libinit$$00000000)
    .ARM.Collect$$libinit$$00000002          0x080001fc   Section        0  libinit2.o(.ARM.Collect$$libinit$$00000002)
    .ARM.Collect$$libinit$$00000004          0x080001fc   Section        0  libinit2.o(.ARM.Collect$$libinit$$00000004)
    .ARM.Collect$$libinit$$0000000A          0x080001fc   Section        0  libinit2.o(.ARM.Collect$$libinit$$0000000A)
    .ARM.Collect$$libinit$$0000000C          0x080001fc   Section        0  libinit2.o(.ARM.Collect$$libinit$$0000000C)
    .ARM.Collect$$libinit$$0000000E          0x080001fc   Section        0  libinit2.o(.ARM.Collect$$libinit$$0000000E)
    .ARM.Collect$$libinit$$00000011          0x080001fc   Section        0  libinit2.o(.ARM.Collect$$libinit$$00000011)
    .ARM.Collect$$libinit$$00000013          0x080001fc   Section        0  libinit2.o(.ARM.Collect$$libinit$$00000013)
    .ARM.Collect$$libinit$$00000015          0x080001fc   Section        0  libinit2.o(.ARM.Collect$$libinit$$00000015)
    .ARM.Collect$$libinit$$00000017          0x080001fc   Section        0  libinit2.o(.ARM.Collect$$libinit$$00000017)
    .ARM.Collect$$libinit$$00000019          0x080001fc   Section        0  libinit2.o(.ARM.Collect$$libinit$$00000019)
    .ARM.Collect$$libinit$$0000001B          0x080001fc   Section        0  libinit2.o(.ARM.Collect$$libinit$$0000001B)
    .ARM.Collect$$libinit$$0000001D          0x080001fc   Section        0  libinit2.o(.ARM.Collect$$libinit$$0000001D)
    .ARM.Collect$$libinit$$0000001F          0x080001fc   Section        0  libinit2.o(.ARM.Collect$$libinit$$0000001F)
    .ARM.Collect$$libinit$$00000021          0x080001fc   Section        0  libinit2.o(.ARM.Collect$$libinit$$00000021)
    .ARM.Collect$$libinit$$00000023          0x080001fc   Section        0  libinit2.o(.ARM.Collect$$libinit$$00000023)
    .ARM.Collect$$libinit$$00000025          0x080001fc   Section        0  libinit2.o(.ARM.Collect$$libinit$$00000025)
    .ARM.Collect$$libinit$$0000002C          0x080001fc   Section        0  libinit2.o(.ARM.Collect$$libinit$$0000002C)
    .ARM.Collect$$libinit$$0000002E          0x080001fc   Section        0  libinit2.o(.ARM.Collect$$libinit$$0000002E)
    .ARM.Collect$$libinit$$00000030          0x080001fc   Section        0  libinit2.o(.ARM.Collect$$libinit$$00000030)
    .ARM.Collect$$libinit$$00000032          0x080001fc   Section        0  libinit2.o(.ARM.Collect$$libinit$$00000032)
    .ARM.Collect$$libinit$$00000033          0x080001fc   Section        2  libinit2.o(.ARM.Collect$$libinit$$00000033)
    .ARM.Collect$$libshutdown$$00000000      0x080001fe   Section        2  libshutdown.o(.ARM.Collect$$libshutdown$$00000000)
    .ARM.Collect$$libshutdown$$00000002      0x08000200   Section        0  libshutdown2.o(.ARM.Collect$$libshutdown$$00000002)
    .ARM.Collect$$libshutdown$$00000004      0x08000200   Section        0  libshutdown2.o(.ARM.Collect$$libshutdown$$00000004)
    .ARM.Collect$$libshutdown$$00000007      0x08000200   Section        0  libshutdown2.o(.ARM.Collect$$libshutdown$$00000007)
    .ARM.Collect$$libshutdown$$0000000A      0x08000200   Section        0  libshutdown2.o(.ARM.Collect$$libshutdown$$0000000A)
    .ARM.Collect$$libshutdown$$0000000C      0x08000200   Section        0  libshutdown2.o(.ARM.Collect$$libshutdown$$0000000C)
    .ARM.Collect$$libshutdown$$0000000F      0x08000200   Section        0  libshutdown2.o(.ARM.Collect$$libshutdown$$0000000F)
    .ARM.Collect$$libshutdown$$00000010      0x08000200   Section        2  libshutdown2.o(.ARM.Collect$$libshutdown$$00000010)
    .ARM.Collect$$rtentry$$00000000          0x08000202   Section        0  __rtentry.o(.ARM.Collect$$rtentry$$00000000)
    .ARM.Collect$$rtentry$$00000002          0x08000202   Section        0  __rtentry2.o(.ARM.Collect$$rtentry$$00000002)
    .ARM.Collect$$rtentry$$00000004          0x08000202   Section        6  __rtentry4.o(.ARM.Collect$$rtentry$$00000004)
    .ARM.Collect$$rtentry$$00000009          0x08000208   Section        0  __rtentry2.o(.ARM.Collect$$rtentry$$00000009)
    .ARM.Collect$$rtentry$$0000000A          0x08000208   Section        4  __rtentry2.o(.ARM.Collect$$rtentry$$0000000A)
    .ARM.Collect$$rtentry$$0000000C          0x0800020c   Section        0  __rtentry2.o(.ARM.Collect$$rtentry$$0000000C)
    .ARM.Collect$$rtentry$$0000000D          0x0800020c   Section        8  __rtentry2.o(.ARM.Collect$$rtentry$$0000000D)
    .ARM.Collect$$rtexit$$00000000           0x08000214   Section        2  rtexit.o(.ARM.Collect$$rtexit$$00000000)
    .ARM.Collect$$rtexit$$00000002           0x08000216   Section        0  rtexit2.o(.ARM.Collect$$rtexit$$00000002)
    .ARM.Collect$$rtexit$$00000003           0x08000216   Section        4  rtexit2.o(.ARM.Collect$$rtexit$$00000003)
    .ARM.Collect$$rtexit$$00000004           0x0800021a   Section        6  rtexit2.o(.ARM.Collect$$rtexit$$00000004)
    .text                                    0x08000220   Section        0  main.o(.text)
    .text                                    0x0800073c   Section        0  stm32f10x_it.o(.text)
    .text                                    0x08000758   Section        0  system_stm32f10x.o(.text)
    SetSysClockTo72                          0x08000759   Thumb Code   214  system_stm32f10x.o(.text)
    SetSysClock                              0x0800082f   Thumb Code     8  system_stm32f10x.o(.text)
    .text                                    0x08000938   Section        0  chess.o(.text)
    .text                                    0x08000eb0   Section        0  check.o(.text)
    .text                                    0x0800167c   Section        0  lcd.o(.text)
    .text                                    0x080073e0   Section        0  displaychess.o(.text)
    .text                                    0x08007a78   Section        0  exti.o(.text)
    .text                                    0x08007ae4   Section        0  24cxx.o(.text)
    .text                                    0x08007c60   Section        0  myiic.o(.text)
    .text                                    0x08007ecc   Section        0  ctiic.o(.text)
    .text                                    0x0800812c   Section        0  ft5206.o(.text)
    .text                                    0x08008460   Section        0  gt9147.o(.text)
    .text                                    0x08008844   Section        0  ott2001a.o(.text)
    .text                                    0x08008bb0   Section        0  touch.o(.text)
    .text                                    0x08009854   Section        0  beep.o(.text)
    .text                                    0x0800988c   Section        0  delay.o(.text)
    .text                                    0x08009960   Section        0  usart.o(.text)
    .text                                    0x08009aa0   Section       64  startup_stm32f10x_hd.o(.text)
    .text                                    0x08009ae0   Section        0  misc.o(.text)
    .text                                    0x08009bbc   Section        0  stm32f10x_gpio.o(.text)
    .text                                    0x08009f18   Section        0  stm32f10x_rcc.o(.text)
    .text                                    0x0800a2bc   Section        0  stm32f10x_usart.o(.text)
    .text                                    0x0800a6c4   Section        0  stm32f10x_exti.o(.text)
    .text                                    0x0800a7e0   Section        2  use_no_semi_2.o(.text)
    .text                                    0x0800a7e4   Section        0  noretval__2printf.o(.text)
    .text                                    0x0800a7fc   Section        0  __printf.o(.text)
    .text                                    0x0800a864   Section        0  _printf_str.o(.text)
    .text                                    0x0800a8b8   Section        0  _printf_dec.o(.text)
    .text                                    0x0800a930   Section        0  _printf_hex_int.o(.text)
    .text                                    0x0800a988   Section      128  strcmpv7m.o(.text)
    .text                                    0x0800aa08   Section        0  heapauxi.o(.text)
    .text                                    0x0800aa0e   Section        2  use_no_semi.o(.text)
    .text                                    0x0800aa10   Section        0  _rserrno.o(.text)
    .text                                    0x0800aa26   Section        0  _printf_intcommon.o(.text)
    .text                                    0x0800aad8   Section        0  _printf_char.o(.text)
    .text                                    0x0800ab04   Section        0  _printf_char_file.o(.text)
    .text                                    0x0800ab28   Section        8  rt_errno_addr_intlibspace.o(.text)
    .text                                    0x0800ab30   Section        0  _printf_char_common.o(.text)
    _printf_input_char                       0x0800ab31   Thumb Code    10  _printf_char_common.o(.text)
    .text                                    0x0800ab60   Section        0  ferror.o(.text)
    .text                                    0x0800ab68   Section        8  libspace.o(.text)
    .text                                    0x0800ab70   Section       74  sys_stackheap_outer.o(.text)
    .text                                    0x0800abba   Section        0  exit.o(.text)
    i.sqrt                                   0x0800abcc   Section        0  sqrt.o(i.sqrt)
    x$fpl$dadd                               0x0800ac18   Section      336  daddsub_clz.o(x$fpl$dadd)
    _dadd1                                   0x0800ac29   Thumb Code     0  daddsub_clz.o(x$fpl$dadd)
    x$fpl$dcmpinf                            0x0800ad68   Section       24  dcmpi.o(x$fpl$dcmpinf)
    x$fpl$ddiv                               0x0800ad80   Section      688  ddiv.o(x$fpl$ddiv)
    ddiv_entry                               0x0800ad87   Thumb Code     0  ddiv.o(x$fpl$ddiv)
    x$fpl$dfix                               0x0800b030   Section       94  dfix.o(x$fpl$dfix)
    x$fpl$dfixu                              0x0800b090   Section       90  dfixu.o(x$fpl$dfixu)
    x$fpl$dflt                               0x0800b0ea   Section       46  dflt_clz.o(x$fpl$dflt)
    x$fpl$dfltu                              0x0800b118   Section       38  dflt_clz.o(x$fpl$dfltu)
    x$fpl$dleqf                              0x0800b140   Section      120  dleqf.o(x$fpl$dleqf)
    x$fpl$dmul                               0x0800b1b8   Section      340  dmul.o(x$fpl$dmul)
    x$fpl$dnaninf                            0x0800b30c   Section      156  dnaninf.o(x$fpl$dnaninf)
    x$fpl$dretinf                            0x0800b3a8   Section       12  dretinf.o(x$fpl$dretinf)
    x$fpl$drleqf                             0x0800b3b4   Section      108  drleqf.o(x$fpl$drleqf)
    x$fpl$drsb                               0x0800b420   Section       22  daddsub_clz.o(x$fpl$drsb)
    x$fpl$dsqrt                              0x0800b438   Section      460  dsqrt_noumaal.o(x$fpl$dsqrt)
    x$fpl$dsub                               0x0800b604   Section      468  daddsub_clz.o(x$fpl$dsub)
    _dsub1                                   0x0800b615   Thumb Code     0  daddsub_clz.o(x$fpl$dsub)
    x$fpl$f2d                                0x0800b7d8   Section       86  f2d.o(x$fpl$f2d)
    x$fpl$fadd                               0x0800b830   Section      196  faddsub_clz.o(x$fpl$fadd)
    _fadd1                                   0x0800b83f   Thumb Code     0  faddsub_clz.o(x$fpl$fadd)
    x$fpl$fdiv                               0x0800b8f4   Section      388  fdiv.o(x$fpl$fdiv)
    _fdiv1                                   0x0800b8f5   Thumb Code     0  fdiv.o(x$fpl$fdiv)
    x$fpl$ffix                               0x0800ba78   Section       54  ffix.o(x$fpl$ffix)
    x$fpl$ffixu                              0x0800bab0   Section       62  ffixu.o(x$fpl$ffixu)
    x$fpl$fflt                               0x0800baf0   Section       48  fflt_clz.o(x$fpl$fflt)
    x$fpl$ffltu                              0x0800bb20   Section       38  fflt_clz.o(x$fpl$ffltu)
    x$fpl$fmul                               0x0800bb48   Section      258  fmul.o(x$fpl$fmul)
    x$fpl$fnaninf                            0x0800bc4a   Section      140  fnaninf.o(x$fpl$fnaninf)
    x$fpl$fretinf                            0x0800bcd6   Section       10  fretinf.o(x$fpl$fretinf)
    x$fpl$fsub                               0x0800bce0   Section      234  faddsub_clz.o(x$fpl$fsub)
    _fsub1                                   0x0800bcef   Thumb Code     0  faddsub_clz.o(x$fpl$fsub)
    .constdata                               0x0800bdca   Section       10  ft5206.o(.constdata)
    x$fpl$usenofp                            0x0800bdca   Section        0  usenofp.o(x$fpl$usenofp)
    .constdata                               0x0800bdd4   Section      194  gt9147.o(.constdata)
    .constdata                               0x0800be96   Section       10  ott2001a.o(.constdata)
    .constdata                               0x0800bea0   Section       12  touch.o(.constdata)
    .constdata                               0x0800beac   Section    16184  font.o(.constdata)
    .constdata                               0x0800fde4   Section       40  _printf_hex_int.o(.constdata)
    uc_hextab                                0x0800fde4   Data          20  _printf_hex_int.o(.constdata)
    lc_hextab                                0x0800fdf8   Data          20  _printf_hex_int.o(.constdata)
    .conststring                             0x0800fe0c   Section      121  touch.o(.conststring)
    .data                                    0x20000000   Section        2  main.o(.data)
    .data                                    0x20000004   Section       20  system_stm32f10x.o(.data)
    .data                                    0x20000018   Section      610  chess.o(.data)
    .data                                    0x2000027a   Section        4  lcd.o(.data)
    .data                                    0x20000280   Section       24  displaychess.o(.data)
    .data                                    0x20000298   Section        1  ft5206.o(.data)
    t                                        0x20000298   Data           1  ft5206.o(.data)
    .data                                    0x20000299   Section        1  gt9147.o(.data)
    t                                        0x20000299   Data           1  gt9147.o(.data)
    .data                                    0x2000029a   Section        1  ott2001a.o(.data)
    t                                        0x2000029a   Data           1  ott2001a.o(.data)
    .data                                    0x2000029c   Section       60  touch.o(.data)
    .data                                    0x200002d8   Section        4  delay.o(.data)
    fac_us                                   0x200002d8   Data           1  delay.o(.data)
    fac_ms                                   0x200002da   Data           2  delay.o(.data)
    .data                                    0x200002dc   Section        6  usart.o(.data)
    .data                                    0x200002e2   Section       20  stm32f10x_rcc.o(.data)
    APBAHBPrescTable                         0x200002e2   Data          16  stm32f10x_rcc.o(.data)
    ADCPrescTable                            0x200002f2   Data           4  stm32f10x_rcc.o(.data)
    .bss                                     0x200002f8   Section       14  lcd.o(.bss)
    .bss                                     0x20000306   Section       38  displaychess.o(.bss)
    .bss                                     0x2000032c   Section      200  usart.o(.bss)
    .bss                                     0x200003f4   Section       96  libspace.o(.bss)
    HEAP                                     0x20000458   Section      512  startup_stm32f10x_hd.o(HEAP)
    Heap_Mem                                 0x20000458   Data         512  startup_stm32f10x_hd.o(HEAP)
    STACK                                    0x20000658   Section     1024  startup_stm32f10x_hd.o(STACK)
    Stack_Mem                                0x20000658   Data        1024  startup_stm32f10x_hd.o(STACK)
    __initial_sp                             0x20000a58   Data           0  startup_stm32f10x_hd.o(STACK)

    Global Symbols

    Symbol Name                              Value     Ov Type        Size  Object(Section)

    BuildAttributes$$THM_ISAv4$P$D$K$B$S$PE$A:L22UL41UL21$X:L11$S22US41US21$IEEE1$IW$USESV6$~STKCKD$USESV7$~SHL$OTIME$ROPI$IEEEJ$EBA8$UX$STANDARDLIB$REQ8$PRES8$EABIv2 0x00000000   Number         0  anon$$obj.o ABSOLUTE
    __ARM_use_no_argv                        0x00000000   Number         0  main.o ABSOLUTE
    __ARM_exceptions_init                     - Undefined Weak Reference
    __alloca_initialize                       - Undefined Weak Reference
    __arm_preinit_                            - Undefined Weak Reference
    __cpp_initialize__aeabi_                  - Undefined Weak Reference
    __cxa_finalize                            - Undefined Weak Reference
    __rt_locale                               - Undefined Weak Reference
    __sigvec_lookup                           - Undefined Weak Reference
    _atexit_init                              - Undefined Weak Reference
    _call_atexit_fns                          - Undefined Weak Reference
    _clock_init                               - Undefined Weak Reference
    _fp_trap_init                             - Undefined Weak Reference
    _fp_trap_shutdown                         - Undefined Weak Reference
    _get_lc_collate                           - Undefined Weak Reference
    _get_lc_ctype                             - Undefined Weak Reference
    _get_lc_monetary                          - Undefined Weak Reference
    _get_lc_numeric                           - Undefined Weak Reference
    _get_lc_time                              - Undefined Weak Reference
    _getenv_init                              - Undefined Weak Reference
    _handle_redirection                       - Undefined Weak Reference
    _init_alloc                               - Undefined Weak Reference
    _init_user_alloc                          - Undefined Weak Reference
    _initio                                   - Undefined Weak Reference
    _mutex_acquire                            - Undefined Weak Reference
    _mutex_release                            - Undefined Weak Reference
    _printf_mbtowc                            - Undefined Weak Reference
    _printf_post_padding                      - Undefined Weak Reference
    _printf_pre_padding                       - Undefined Weak Reference
    _printf_truncate_signed                   - Undefined Weak Reference
    _printf_truncate_unsigned                 - Undefined Weak Reference
    _rand_init                                - Undefined Weak Reference
    _signal_finish                            - Undefined Weak Reference
    _signal_init                              - Undefined Weak Reference
    _terminate_alloc                          - Undefined Weak Reference
    _terminate_user_alloc                     - Undefined Weak Reference
    _terminateio                              - Undefined Weak Reference
    __Vectors_Size                           0x00000130   Number         0  startup_stm32f10x_hd.o ABSOLUTE
    __Vectors                                0x08000000   Data           4  startup_stm32f10x_hd.o(RESET)
    __Vectors_End                            0x08000130   Data           0  startup_stm32f10x_hd.o(RESET)
    __main                                   0x08000131   Thumb Code     8  __main.o(!!!main)
    __scatterload                            0x08000139   Thumb Code     0  __scatter.o(!!!scatter)
    __scatterload_rt2                        0x08000139   Thumb Code    44  __scatter.o(!!!scatter)
    __scatterload_rt2_thumb_only             0x08000139   Thumb Code     0  __scatter.o(!!!scatter)
    __scatterload_null                       0x08000147   Thumb Code     0  __scatter.o(!!!scatter)
    __decompress                             0x0800016d   Thumb Code    90  __dczerorl2.o(!!dczerorl2)
    __decompress1                            0x0800016d   Thumb Code     0  __dczerorl2.o(!!dczerorl2)
    __scatterload_zeroinit                   0x080001c9   Thumb Code    28  __scatter_zi.o(!!handler_zi)
    _printf_d                                0x080001e5   Thumb Code     0  _printf_d.o(.ARM.Collect$$_printf_percent$$00000009)
    _printf_percent                          0x080001e5   Thumb Code     0  _printf_percent.o(.ARM.Collect$$_printf_percent$$00000000)
    _printf_x                                0x080001eb   Thumb Code     0  _printf_x.o(.ARM.Collect$$_printf_percent$$0000000C)
    _printf_s                                0x080001f1   Thumb Code     0  _printf_s.o(.ARM.Collect$$_printf_percent$$00000014)
    _printf_percent_end                      0x080001f7   Thumb Code     0  _printf_percent_end.o(.ARM.Collect$$_printf_percent$$00000017)
    __rt_lib_init                            0x080001fb   Thumb Code     0  libinit.o(.ARM.Collect$$libinit$$00000000)
    __rt_lib_init_alloca_1                   0x080001fd   Thumb Code     0  libinit2.o(.ARM.Collect$$libinit$$0000002E)
    __rt_lib_init_argv_1                     0x080001fd   Thumb Code     0  libinit2.o(.ARM.Collect$$libinit$$0000002C)
    __rt_lib_init_atexit_1                   0x080001fd   Thumb Code     0  libinit2.o(.ARM.Collect$$libinit$$0000001B)
    __rt_lib_init_clock_1                    0x080001fd   Thumb Code     0  libinit2.o(.ARM.Collect$$libinit$$00000021)
    __rt_lib_init_cpp_1                      0x080001fd   Thumb Code     0  libinit2.o(.ARM.Collect$$libinit$$00000032)
    __rt_lib_init_exceptions_1               0x080001fd   Thumb Code     0  libinit2.o(.ARM.Collect$$libinit$$00000030)
    __rt_lib_init_fp_1                       0x080001fd   Thumb Code     0  libinit2.o(.ARM.Collect$$libinit$$00000002)
    __rt_lib_init_fp_trap_1                  0x080001fd   Thumb Code     0  libinit2.o(.ARM.Collect$$libinit$$0000001F)
    __rt_lib_init_getenv_1                   0x080001fd   Thumb Code     0  libinit2.o(.ARM.Collect$$libinit$$00000023)
    __rt_lib_init_heap_1                     0x080001fd   Thumb Code     0  libinit2.o(.ARM.Collect$$libinit$$0000000A)
    __rt_lib_init_lc_collate_1               0x080001fd   Thumb Code     0  libinit2.o(.ARM.Collect$$libinit$$00000011)
    __rt_lib_init_lc_ctype_1                 0x080001fd   Thumb Code     0  libinit2.o(.ARM.Collect$$libinit$$00000013)
    __rt_lib_init_lc_monetary_1              0x080001fd   Thumb Code     0  libinit2.o(.ARM.Collect$$libinit$$00000015)
    __rt_lib_init_lc_numeric_1               0x080001fd   Thumb Code     0  libinit2.o(.ARM.Collect$$libinit$$00000017)
    __rt_lib_init_lc_time_1                  0x080001fd   Thumb Code     0  libinit2.o(.ARM.Collect$$libinit$$00000019)
    __rt_lib_init_preinit_1                  0x080001fd   Thumb Code     0  libinit2.o(.ARM.Collect$$libinit$$00000004)
    __rt_lib_init_rand_1                     0x080001fd   Thumb Code     0  libinit2.o(.ARM.Collect$$libinit$$0000000E)
    __rt_lib_init_return                     0x080001fd   Thumb Code     0  libinit2.o(.ARM.Collect$$libinit$$00000033)
    __rt_lib_init_signal_1                   0x080001fd   Thumb Code     0  libinit2.o(.ARM.Collect$$libinit$$0000001D)
    __rt_lib_init_stdio_1                    0x080001fd   Thumb Code     0  libinit2.o(.ARM.Collect$$libinit$$00000025)
    __rt_lib_init_user_alloc_1               0x080001fd   Thumb Code     0  libinit2.o(.ARM.Collect$$libinit$$0000000C)
    __rt_lib_shutdown                        0x080001ff   Thumb Code     0  libshutdown.o(.ARM.Collect$$libshutdown$$00000000)
    __rt_lib_shutdown_cpp_1                  0x08000201   Thumb Code     0  libshutdown2.o(.ARM.Collect$$libshutdown$$00000002)
    __rt_lib_shutdown_fp_trap_1              0x08000201   Thumb Code     0  libshutdown2.o(.ARM.Collect$$libshutdown$$00000007)
    __rt_lib_shutdown_heap_1                 0x08000201   Thumb Code     0  libshutdown2.o(.ARM.Collect$$libshutdown$$0000000F)
    __rt_lib_shutdown_return                 0x08000201   Thumb Code     0  libshutdown2.o(.ARM.Collect$$libshutdown$$00000010)
    __rt_lib_shutdown_signal_1               0x08000201   Thumb Code     0  libshutdown2.o(.ARM.Collect$$libshutdown$$0000000A)
    __rt_lib_shutdown_stdio_1                0x08000201   Thumb Code     0  libshutdown2.o(.ARM.Collect$$libshutdown$$00000004)
    __rt_lib_shutdown_user_alloc_1           0x08000201   Thumb Code     0  libshutdown2.o(.ARM.Collect$$libshutdown$$0000000C)
    __rt_entry                               0x08000203   Thumb Code     0  __rtentry.o(.ARM.Collect$$rtentry$$00000000)
    __rt_entry_presh_1                       0x08000203   Thumb Code     0  __rtentry2.o(.ARM.Collect$$rtentry$$00000002)
    __rt_entry_sh                            0x08000203   Thumb Code     0  __rtentry4.o(.ARM.Collect$$rtentry$$00000004)
    __rt_entry_li                            0x08000209   Thumb Code     0  __rtentry2.o(.ARM.Collect$$rtentry$$0000000A)
    __rt_entry_postsh_1                      0x08000209   Thumb Code     0  __rtentry2.o(.ARM.Collect$$rtentry$$00000009)
    __rt_entry_main                          0x0800020d   Thumb Code     0  __rtentry2.o(.ARM.Collect$$rtentry$$0000000D)
    __rt_entry_postli_1                      0x0800020d   Thumb Code     0  __rtentry2.o(.ARM.Collect$$rtentry$$0000000C)
    __rt_exit                                0x08000215   Thumb Code     0  rtexit.o(.ARM.Collect$$rtexit$$00000000)
    __rt_exit_ls                             0x08000217   Thumb Code     0  rtexit2.o(.ARM.Collect$$rtexit$$00000003)
    __rt_exit_prels_1                        0x08000217   Thumb Code     0  rtexit2.o(.ARM.Collect$$rtexit$$00000002)
    __rt_exit_exit                           0x0800021b   Thumb Code     0  rtexit2.o(.ARM.Collect$$rtexit$$00000004)
    main                                     0x08000221   Thumb Code   866  main.o(.text)
    EXTI4_IRQHandler                         0x08000583   Thumb Code   410  main.o(.text)
    NMI_Handler                              0x0800073d   Thumb Code     2  stm32f10x_it.o(.text)
    HardFault_Handler                        0x0800073f   Thumb Code     4  stm32f10x_it.o(.text)
    MemManage_Handler                        0x08000743   Thumb Code     4  stm32f10x_it.o(.text)
    BusFault_Handler                         0x08000747   Thumb Code     4  stm32f10x_it.o(.text)
    UsageFault_Handler                       0x0800074b   Thumb Code     4  stm32f10x_it.o(.text)
    SVC_Handler                              0x0800074f   Thumb Code     2  stm32f10x_it.o(.text)
    DebugMon_Handler                         0x08000751   Thumb Code     2  stm32f10x_it.o(.text)
    PendSV_Handler                           0x08000753   Thumb Code     2  stm32f10x_it.o(.text)
    SysTick_Handler                          0x08000755   Thumb Code     2  stm32f10x_it.o(.text)
    SystemInit                               0x08000837   Thumb Code    78  system_stm32f10x.o(.text)
    SystemCoreClockUpdate                    0x08000885   Thumb Code   142  system_stm32f10x.o(.text)
    car                                      0x08000939   Thumb Code   222  chess.o(.text)
    horse                                    0x08000a17   Thumb Code   154  chess.o(.text)
    elephant                                 0x08000ab1   Thumb Code   168  chess.o(.text)
    guard                                    0x08000b59   Thumb Code   116  chess.o(.text)
    general                                  0x08000bcd   Thumb Code   114  chess.o(.text)
    cannon                                   0x08000c3f   Thumb Code   256  chess.o(.text)
    soldier                                  0x08000d3f   Thumb Code   148  chess.o(.text)
    change                                   0x08000dd3   Thumb Code   120  chess.o(.text)
    backChange                               0x08000e4b   Thumb Code    94  chess.o(.text)
    generalLine                              0x08000eb1   Thumb Code    74  check.o(.text)
    check                                    0x08000efb   Thumb Code   194  check.o(.text)
    tryMove                                  0x08000fbd   Thumb Code   126  check.o(.text)
    judgePosition                            0x0800103b   Thumb Code    92  check.o(.text)
    escapeFromCannon                         0x08001097   Thumb Code   904  check.o(.text)
    judgeWin                                 0x0800141f   Thumb Code   594  check.o(.text)
    LCD_WR_REG                               0x0800167d   Thumb Code    28  lcd.o(.text)
    LCD_WriteReg                             0x08001699   Thumb Code    40  lcd.o(.text)
    LCD_Fast_DrawPoint                       0x080016c1   Thumb Code   854  lcd.o(.text)
    write_Chinese                            0x08001a17   Thumb Code   264  lcd.o(.text)
    LCD_WriteRAM_Prepare                     0x08001b1f   Thumb Code    12  lcd.o(.text)
    LCD_SetCursor                            0x08001b2b   Thumb Code   966  lcd.o(.text)
    LCD_DrawPoint                            0x08001ef1   Thumb Code    52  lcd.o(.text)
    chess_DrawLine                           0x08001f25   Thumb Code   180  lcd.o(.text)
    pieceWrite                               0x08001fd9   Thumb Code   720  lcd.o(.text)
    LCD_DrawLine                             0x080022a9   Thumb Code   176  lcd.o(.text)
    LCD_Fill_Circle                          0x08002359   Thumb Code   140  lcd.o(.text)
    LCD_WR_DATAX                             0x080023e5   Thumb Code    28  lcd.o(.text)
    LCD_RD_DATA                              0x08002401   Thumb Code    98  lcd.o(.text)
    LCD_ReadReg                              0x08002463   Thumb Code    16  lcd.o(.text)
    LCD_WriteRAM                             0x08002473   Thumb Code    28  lcd.o(.text)
    LCD_BGR2RGB                              0x0800248f   Thumb Code    26  lcd.o(.text)
    opt_delay                                0x080024a9   Thumb Code    14  lcd.o(.text)
    LCD_ReadPoint                            0x080024b7   Thumb Code   506  lcd.o(.text)
    LCD_DisplayOn                            0x080026b1   Thumb Code    92  lcd.o(.text)
    LCD_DisplayOff                           0x0800270d   Thumb Code   108  lcd.o(.text)
    LCD_Scan_Dir                             0x08002779   Thumb Code  1114  lcd.o(.text)
    LCD_SSD_BackLightSet                     0x08002bd3   Thumb Code   198  lcd.o(.text)
    LCD_Display_Dir                          0x08002c99   Thumb Code   444  lcd.o(.text)
    LCD_Set_Window                           0x08002e55   Thumb Code  1082  lcd.o(.text)
    LCD_Clear                                0x0800328f   Thumb Code   122  lcd.o(.text)
    LCD_Init                                 0x08003309   Thumb Code 15300  lcd.o(.text)
    LCD_Fill                                 0x08006ecd   Thumb Code   200  lcd.o(.text)
    LCD_Color_Fill                           0x08006f95   Thumb Code   116  lcd.o(.text)
    LCD_DrawRectangle                        0x08007009   Thumb Code    60  lcd.o(.text)
    LCD_Draw_Circle                          0x08007045   Thumb Code   152  lcd.o(.text)
    LCD_ShowChar                             0x080070dd   Thumb Code   272  lcd.o(.text)
    LCD_Pow                                  0x080071ed   Thumb Code    22  lcd.o(.text)
    LCD_ShowNum                              0x08007203   Thumb Code   148  lcd.o(.text)
    LCD_ShowxNum                             0x08007297   Thumb Code   228  lcd.o(.text)
    LCD_ShowString                           0x0800737b   Thumb Code   102  lcd.o(.text)
    makePiece                                0x080073e1   Thumb Code    68  displaychess.o(.text)
    initPiece                                0x08007425   Thumb Code    22  displaychess.o(.text)
    initUI                                   0x0800743b   Thumb Code   416  displaychess.o(.text)
    clearPiece                               0x080075db   Thumb Code   462  displaychess.o(.text)
    selectPiece                              0x080077a9   Thumb Code   154  displaychess.o(.text)
    deSelectPiece                            0x08007843   Thumb Code    68  displaychess.o(.text)
    getPath                                  0x08007887   Thumb Code   432  displaychess.o(.text)
    extiInit                                 0x08007a79   Thumb Code    70  exti.o(.text)
    KEY_Init                                 0x08007abf   Thumb Code    32  exti.o(.text)
    AT24CXX_Init                             0x08007ae5   Thumb Code     8  24cxx.o(.text)
    AT24CXX_ReadOneByte                      0x08007aed   Thumb Code    88  24cxx.o(.text)
    AT24CXX_WriteOneByte                     0x08007b45   Thumb Code    80  24cxx.o(.text)
    AT24CXX_WriteLenByte                     0x08007b95   Thumb Code    42  24cxx.o(.text)
    AT24CXX_ReadLenByte                      0x08007bbf   Thumb Code    44  24cxx.o(.text)
    AT24CXX_Check                            0x08007beb   Thumb Code    46  24cxx.o(.text)
    AT24CXX_Read                             0x08007c19   Thumb Code    34  24cxx.o(.text)
    AT24CXX_Write                            0x08007c3b   Thumb Code    36  24cxx.o(.text)
    IIC_Init                                 0x08007c61   Thumb Code    52  myiic.o(.text)
    IIC_Start                                0x08007c95   Thumb Code    68  myiic.o(.text)
    IIC_Stop                                 0x08007cd9   Thumb Code    62  myiic.o(.text)
    IIC_Wait_Ack                             0x08007d17   Thumb Code    86  myiic.o(.text)
    IIC_Ack                                  0x08007d6d   Thumb Code    66  myiic.o(.text)
    IIC_NAck                                 0x08007daf   Thumb Code    66  myiic.o(.text)
    IIC_Send_Byte                            0x08007df1   Thumb Code   104  myiic.o(.text)
    IIC_Read_Byte                            0x08007e59   Thumb Code    98  myiic.o(.text)
    CT_Delay                                 0x08007ecd   Thumb Code    10  ctiic.o(.text)
    CT_IIC_Init                              0x08007ed7   Thumb Code    62  ctiic.o(.text)
    CT_IIC_Start                             0x08007f15   Thumb Code    60  ctiic.o(.text)
    CT_IIC_Stop                              0x08007f51   Thumb Code    64  ctiic.o(.text)
    CT_IIC_Wait_Ack                          0x08007f91   Thumb Code    86  ctiic.o(.text)
    CT_IIC_Ack                               0x08007fe7   Thumb Code    66  ctiic.o(.text)
    CT_IIC_NAck                              0x08008029   Thumb Code    66  ctiic.o(.text)
    CT_IIC_Send_Byte                         0x0800806b   Thumb Code    82  ctiic.o(.text)
    CT_IIC_Read_Byte                         0x080080bd   Thumb Code    94  ctiic.o(.text)
    FT5206_WR_Reg                            0x0800812d   Thumb Code    82  ft5206.o(.text)
    FT5206_RD_Reg                            0x0800817f   Thumb Code    88  ft5206.o(.text)
    FT5206_Init                              0x080081d7   Thumb Code   214  ft5206.o(.text)
    FT5206_Scan                              0x080082ad   Thumb Code   400  ft5206.o(.text)
    GT9147_WR_Reg                            0x08008461   Thumb Code    92  gt9147.o(.text)
    GT9147_Send_Cfg                          0x080084bd   Thumb Code    86  gt9147.o(.text)
    GT9147_RD_Reg                            0x08008513   Thumb Code    98  gt9147.o(.text)
    GT9147_Init                              0x08008575   Thumb Code   242  gt9147.o(.text)
    GT9147_Scan                              0x08008667   Thumb Code   408  gt9147.o(.text)
    OTT2001A_WR_Reg                          0x08008845   Thumb Code    92  ott2001a.o(.text)
    OTT2001A_RD_Reg                          0x080088a1   Thumb Code    98  ott2001a.o(.text)
    OTT2001A_SensorControl                   0x08008903   Thumb Code    28  ott2001a.o(.text)
    OTT2001A_Init                            0x0800891f   Thumb Code   156  ott2001a.o(.text)
    OTT2001A_Scan                            0x080089bb   Thumb Code   446  ott2001a.o(.text)
    TP_Write_Byte                            0x08008bb1   Thumb Code    56  touch.o(.text)
    TP_Read_AD                               0x08008be9   Thumb Code   132  touch.o(.text)
    TP_Read_XOY                              0x08008c6d   Thumb Code   120  touch.o(.text)
    TP_Read_XY                               0x08008ce5   Thumb Code    38  touch.o(.text)
    TP_Read_XY2                              0x08008d0b   Thumb Code   192  touch.o(.text)
    TP_Drow_Touch_Point                      0x08008dcb   Thumb Code   108  touch.o(.text)
    TP_Draw_Big_Point                        0x08008e37   Thumb Code    54  touch.o(.text)
    TP_Scan                                  0x08008e6d   Thumb Code   264  touch.o(.text)
    TP_Save_Adjdata                          0x08008f75   Thumb Code   146  touch.o(.text)
    TP_Get_Adjdata                           0x08009007   Thumb Code   152  touch.o(.text)
    TP_Adj_Info_Show                         0x0800909f   Thumb Code   376  touch.o(.text)
    TP_Adjust                                0x08009217   Thumb Code  1250  touch.o(.text)
    TP_Init                                  0x080096f9   Thumb Code   348  touch.o(.text)
    BEEP_Init                                0x08009855   Thumb Code    50  beep.o(.text)
    delay_init                               0x0800988d   Thumb Code    50  delay.o(.text)
    delay_us                                 0x080098bf   Thumb Code    72  delay.o(.text)
    delay_ms                                 0x08009907   Thumb Code    72  delay.o(.text)
    _sys_exit                                0x08009961   Thumb Code     4  usart.o(.text)
    fputc                                    0x08009965   Thumb Code    24  usart.o(.text)
    uart_init                                0x0800997d   Thumb Code   152  usart.o(.text)
    USART1_IRQHandler                        0x08009a15   Thumb Code   122  usart.o(.text)
    Reset_Handler                            0x08009aa1   Thumb Code     8  startup_stm32f10x_hd.o(.text)
    ADC1_2_IRQHandler                        0x08009abb   Thumb Code     0  startup_stm32f10x_hd.o(.text)
    ADC3_IRQHandler                          0x08009abb   Thumb Code     0  startup_stm32f10x_hd.o(.text)
    CAN1_RX1_IRQHandler                      0x08009abb   Thumb Code     0  startup_stm32f10x_hd.o(.text)
    CAN1_SCE_IRQHandler                      0x08009abb   Thumb Code     0  startup_stm32f10x_hd.o(.text)
    DMA1_Channel1_IRQHandler                 0x08009abb   Thumb Code     0  startup_stm32f10x_hd.o(.text)
    DMA1_Channel2_IRQHandler                 0x08009abb   Thumb Code     0  startup_stm32f10x_hd.o(.text)
    DMA1_Channel3_IRQHandler                 0x08009abb   Thumb Code     0  startup_stm32f10x_hd.o(.text)
    DMA1_Channel4_IRQHandler                 0x08009abb   Thumb Code     0  startup_stm32f10x_hd.o(.text)
    DMA1_Channel5_IRQHandler                 0x08009abb   Thumb Code     0  startup_stm32f10x_hd.o(.text)
    DMA1_Channel6_IRQHandler                 0x08009abb   Thumb Code     0  startup_stm32f10x_hd.o(.text)
    DMA1_Channel7_IRQHandler                 0x08009abb   Thumb Code     0  startup_stm32f10x_hd.o(.text)
    DMA2_Channel1_IRQHandler                 0x08009abb   Thumb Code     0  startup_stm32f10x_hd.o(.text)
    DMA2_Channel2_IRQHandler                 0x08009abb   Thumb Code     0  startup_stm32f10x_hd.o(.text)
    DMA2_Channel3_IRQHandler                 0x08009abb   Thumb Code     0  startup_stm32f10x_hd.o(.text)
    DMA2_Channel4_5_IRQHandler               0x08009abb   Thumb Code     0  startup_stm32f10x_hd.o(.text)
    EXTI0_IRQHandler                         0x08009abb   Thumb Code     0  startup_stm32f10x_hd.o(.text)
    EXTI15_10_IRQHandler                     0x08009abb   Thumb Code     0  startup_stm32f10x_hd.o(.text)
    EXTI1_IRQHandler                         0x08009abb   Thumb Code     0  startup_stm32f10x_hd.o(.text)
    EXTI2_IRQHandler                         0x08009abb   Thumb Code     0  startup_stm32f10x_hd.o(.text)
    EXTI3_IRQHandler                         0x08009abb   Thumb Code     0  startup_stm32f10x_hd.o(.text)
    EXTI9_5_IRQHandler                       0x08009abb   Thumb Code     0  startup_stm32f10x_hd.o(.text)
    FLASH_IRQHandler                         0x08009abb   Thumb Code     0  startup_stm32f10x_hd.o(.text)
    FSMC_IRQHandler                          0x08009abb   Thumb Code     0  startup_stm32f10x_hd.o(.text)
    I2C1_ER_IRQHandler                       0x08009abb   Thumb Code     0  startup_stm32f10x_hd.o(.text)
    I2C1_EV_IRQHandler                       0x08009abb   Thumb Code     0  startup_stm32f10x_hd.o(.text)
    I2C2_ER_IRQHandler                       0x08009abb   Thumb Code     0  startup_stm32f10x_hd.o(.text)
    I2C2_EV_IRQHandler                       0x08009abb   Thumb Code     0  startup_stm32f10x_hd.o(.text)
    PVD_IRQHandler                           0x08009abb   Thumb Code     0  startup_stm32f10x_hd.o(.text)
    RCC_IRQHandler                           0x08009abb   Thumb Code     0  startup_stm32f10x_hd.o(.text)
    RTCAlarm_IRQHandler                      0x08009abb   Thumb Code     0  startup_stm32f10x_hd.o(.text)
    RTC_IRQHandler                           0x08009abb   Thumb Code     0  startup_stm32f10x_hd.o(.text)
    SDIO_IRQHandler                          0x08009abb   Thumb Code     0  startup_stm32f10x_hd.o(.text)
    SPI1_IRQHandler                          0x08009abb   Thumb Code     0  startup_stm32f10x_hd.o(.text)
    SPI2_IRQHandler                          0x08009abb   Thumb Code     0  startup_stm32f10x_hd.o(.text)
    SPI3_IRQHandler                          0x08009abb   Thumb Code     0  startup_stm32f10x_hd.o(.text)
    TAMPER_IRQHandler                        0x08009abb   Thumb Code     0  startup_stm32f10x_hd.o(.text)
    TIM1_BRK_IRQHandler                      0x08009abb   Thumb Code     0  startup_stm32f10x_hd.o(.text)
    TIM1_CC_IRQHandler                       0x08009abb   Thumb Code     0  startup_stm32f10x_hd.o(.text)
    TIM1_TRG_COM_IRQHandler                  0x08009abb   Thumb Code     0  startup_stm32f10x_hd.o(.text)
    TIM1_UP_IRQHandler                       0x08009abb   Thumb Code     0  startup_stm32f10x_hd.o(.text)
    TIM2_IRQHandler                          0x08009abb   Thumb Code     0  startup_stm32f10x_hd.o(.text)
    TIM3_IRQHandler                          0x08009abb   Thumb Code     0  startup_stm32f10x_hd.o(.text)
    TIM4_IRQHandler                          0x08009abb   Thumb Code     0  startup_stm32f10x_hd.o(.text)
    TIM5_IRQHandler                          0x08009abb   Thumb Code     0  startup_stm32f10x_hd.o(.text)
    TIM6_IRQHandler                          0x08009abb   Thumb Code     0  startup_stm32f10x_hd.o(.text)
    TIM7_IRQHandler                          0x08009abb   Thumb Code     0  startup_stm32f10x_hd.o(.text)
    TIM8_BRK_IRQHandler                      0x08009abb   Thumb Code     0  startup_stm32f10x_hd.o(.text)
    TIM8_CC_IRQHandler                       0x08009abb   Thumb Code     0  startup_stm32f10x_hd.o(.text)
    TIM8_TRG_COM_IRQHandler                  0x08009abb   Thumb Code     0  startup_stm32f10x_hd.o(.text)
    TIM8_UP_IRQHandler                       0x08009abb   Thumb Code     0  startup_stm32f10x_hd.o(.text)
    UART4_IRQHandler                         0x08009abb   Thumb Code     0  startup_stm32f10x_hd.o(.text)
    UART5_IRQHandler                         0x08009abb   Thumb Code     0  startup_stm32f10x_hd.o(.text)
    USART2_IRQHandler                        0x08009abb   Thumb Code     0  startup_stm32f10x_hd.o(.text)
    USART3_IRQHandler                        0x08009abb   Thumb Code     0  startup_stm32f10x_hd.o(.text)
    USBWakeUp_IRQHandler                     0x08009abb   Thumb Code     0  startup_stm32f10x_hd.o(.text)
    USB_HP_CAN1_TX_IRQHandler                0x08009abb   Thumb Code     0  startup_stm32f10x_hd.o(.text)
    USB_LP_CAN1_RX0_IRQHandler               0x08009abb   Thumb Code     0  startup_stm32f10x_hd.o(.text)
    WWDG_IRQHandler                          0x08009abb   Thumb Code     0  startup_stm32f10x_hd.o(.text)
    __user_initial_stackheap                 0x08009abd   Thumb Code     0  startup_stm32f10x_hd.o(.text)
    NVIC_PriorityGroupConfig                 0x08009ae1   Thumb Code    10  misc.o(.text)
    NVIC_Init                                0x08009aeb   Thumb Code   100  misc.o(.text)
    NVIC_SetVectorTable                      0x08009b4f   Thumb Code    14  misc.o(.text)
    NVIC_SystemLPConfig                      0x08009b5d   Thumb Code    34  misc.o(.text)
    SysTick_CLKSourceConfig                  0x08009b7f   Thumb Code    40  misc.o(.text)
    GPIO_DeInit                              0x08009bbd   Thumb Code   172  stm32f10x_gpio.o(.text)
    GPIO_AFIODeInit                          0x08009c69   Thumb Code    20  stm32f10x_gpio.o(.text)
    GPIO_Init                                0x08009c7d   Thumb Code   278  stm32f10x_gpio.o(.text)
    GPIO_StructInit                          0x08009d93   Thumb Code    16  stm32f10x_gpio.o(.text)
    GPIO_ReadInputDataBit                    0x08009da3   Thumb Code    18  stm32f10x_gpio.o(.text)
    GPIO_ReadInputData                       0x08009db5   Thumb Code     8  stm32f10x_gpio.o(.text)
    GPIO_ReadOutputDataBit                   0x08009dbd   Thumb Code    18  stm32f10x_gpio.o(.text)
    GPIO_ReadOutputData                      0x08009dcf   Thumb Code     8  stm32f10x_gpio.o(.text)
    GPIO_SetBits                             0x08009dd7   Thumb Code     4  stm32f10x_gpio.o(.text)
    GPIO_ResetBits                           0x08009ddb   Thumb Code     4  stm32f10x_gpio.o(.text)
    GPIO_WriteBit                            0x08009ddf   Thumb Code    10  stm32f10x_gpio.o(.text)
    GPIO_Write                               0x08009de9   Thumb Code     4  stm32f10x_gpio.o(.text)
    GPIO_PinLockConfig                       0x08009ded   Thumb Code    18  stm32f10x_gpio.o(.text)
    GPIO_EventOutputConfig                   0x08009dff   Thumb Code    26  stm32f10x_gpio.o(.text)
    GPIO_EventOutputCmd                      0x08009e19   Thumb Code     6  stm32f10x_gpio.o(.text)
    GPIO_PinRemapConfig                      0x08009e1f   Thumb Code   138  stm32f10x_gpio.o(.text)
    GPIO_EXTILineConfig                      0x08009ea9   Thumb Code    66  stm32f10x_gpio.o(.text)
    GPIO_ETH_MediaInterfaceConfig            0x08009eeb   Thumb Code     8  stm32f10x_gpio.o(.text)
    RCC_DeInit                               0x08009f19   Thumb Code    64  stm32f10x_rcc.o(.text)
    RCC_HSEConfig                            0x08009f59   Thumb Code    70  stm32f10x_rcc.o(.text)
    RCC_GetFlagStatus                        0x08009f9f   Thumb Code    56  stm32f10x_rcc.o(.text)
    RCC_WaitForHSEStartUp                    0x08009fd7   Thumb Code    56  stm32f10x_rcc.o(.text)
    RCC_AdjustHSICalibrationValue            0x0800a00f   Thumb Code    20  stm32f10x_rcc.o(.text)
    RCC_HSICmd                               0x0800a023   Thumb Code     6  stm32f10x_rcc.o(.text)
    RCC_PLLConfig                            0x0800a029   Thumb Code    24  stm32f10x_rcc.o(.text)
    RCC_PLLCmd                               0x0800a041   Thumb Code     6  stm32f10x_rcc.o(.text)
    RCC_SYSCLKConfig                         0x0800a047   Thumb Code    18  stm32f10x_rcc.o(.text)
    RCC_GetSYSCLKSource                      0x0800a059   Thumb Code    10  stm32f10x_rcc.o(.text)
    RCC_HCLKConfig                           0x0800a063   Thumb Code    18  stm32f10x_rcc.o(.text)
    RCC_PCLK1Config                          0x0800a075   Thumb Code    18  stm32f10x_rcc.o(.text)
    RCC_PCLK2Config                          0x0800a087   Thumb Code    20  stm32f10x_rcc.o(.text)
    RCC_ITConfig                             0x0800a09b   Thumb Code    26  stm32f10x_rcc.o(.text)
    RCC_USBCLKConfig                         0x0800a0b5   Thumb Code     8  stm32f10x_rcc.o(.text)
    RCC_ADCCLKConfig                         0x0800a0bd   Thumb Code    18  stm32f10x_rcc.o(.text)
    RCC_LSEConfig                            0x0800a0cf   Thumb Code    50  stm32f10x_rcc.o(.text)
    RCC_LSICmd                               0x0800a101   Thumb Code     6  stm32f10x_rcc.o(.text)
    RCC_RTCCLKConfig                         0x0800a107   Thumb Code    12  stm32f10x_rcc.o(.text)
    RCC_RTCCLKCmd                            0x0800a113   Thumb Code     8  stm32f10x_rcc.o(.text)
    RCC_GetClocksFreq                        0x0800a11b   Thumb Code   192  stm32f10x_rcc.o(.text)
    RCC_AHBPeriphClockCmd                    0x0800a1db   Thumb Code    26  stm32f10x_rcc.o(.text)
    RCC_APB2PeriphClockCmd                   0x0800a1f5   Thumb Code    26  stm32f10x_rcc.o(.text)
    RCC_APB1PeriphClockCmd                   0x0800a20f   Thumb Code    26  stm32f10x_rcc.o(.text)
    RCC_APB2PeriphResetCmd                   0x0800a229   Thumb Code    26  stm32f10x_rcc.o(.text)
    RCC_APB1PeriphResetCmd                   0x0800a243   Thumb Code    26  stm32f10x_rcc.o(.text)
    RCC_BackupResetCmd                       0x0800a25d   Thumb Code     8  stm32f10x_rcc.o(.text)
    RCC_ClockSecuritySystemCmd               0x0800a265   Thumb Code     6  stm32f10x_rcc.o(.text)
    RCC_MCOConfig                            0x0800a26b   Thumb Code     6  stm32f10x_rcc.o(.text)
    RCC_ClearFlag                            0x0800a271   Thumb Code    14  stm32f10x_rcc.o(.text)
    RCC_GetITStatus                          0x0800a27f   Thumb Code    20  stm32f10x_rcc.o(.text)
    RCC_ClearITPendingBit                    0x0800a293   Thumb Code     6  stm32f10x_rcc.o(.text)
    USART_DeInit                             0x0800a2bd   Thumb Code   134  stm32f10x_usart.o(.text)
    USART_Init                               0x0800a343   Thumb Code   210  stm32f10x_usart.o(.text)
    USART_StructInit                         0x0800a415   Thumb Code    24  stm32f10x_usart.o(.text)
    USART_ClockInit                          0x0800a42d   Thumb Code    34  stm32f10x_usart.o(.text)
    USART_ClockStructInit                    0x0800a44f   Thumb Code    12  stm32f10x_usart.o(.text)
    USART_Cmd                                0x0800a45b   Thumb Code    24  stm32f10x_usart.o(.text)
    USART_ITConfig                           0x0800a473   Thumb Code    74  stm32f10x_usart.o(.text)
    USART_DMACmd                             0x0800a4bd   Thumb Code    18  stm32f10x_usart.o(.text)
    USART_SetAddress                         0x0800a4cf   Thumb Code    18  stm32f10x_usart.o(.text)
    USART_WakeUpConfig                       0x0800a4e1   Thumb Code    18  stm32f10x_usart.o(.text)
    USART_ReceiverWakeUpCmd                  0x0800a4f3   Thumb Code    24  stm32f10x_usart.o(.text)
    USART_LINBreakDetectLengthConfig         0x0800a50b   Thumb Code    18  stm32f10x_usart.o(.text)
    USART_LINCmd                             0x0800a51d   Thumb Code    24  stm32f10x_usart.o(.text)
    USART_SendData                           0x0800a535   Thumb Code     8  stm32f10x_usart.o(.text)
    USART_ReceiveData                        0x0800a53d   Thumb Code    10  stm32f10x_usart.o(.text)
    USART_SendBreak                          0x0800a547   Thumb Code    10  stm32f10x_usart.o(.text)
    USART_SetGuardTime                       0x0800a551   Thumb Code    16  stm32f10x_usart.o(.text)
    USART_SetPrescaler                       0x0800a561   Thumb Code    16  stm32f10x_usart.o(.text)
    USART_SmartCardCmd                       0x0800a571   Thumb Code    24  stm32f10x_usart.o(.text)
    USART_SmartCardNACKCmd                   0x0800a589   Thumb Code    24  stm32f10x_usart.o(.text)
    USART_HalfDuplexCmd                      0x0800a5a1   Thumb Code    24  stm32f10x_usart.o(.text)
    USART_OverSampling8Cmd                   0x0800a5b9   Thumb Code    22  stm32f10x_usart.o(.text)
    USART_OneBitMethodCmd                    0x0800a5cf   Thumb Code    24  stm32f10x_usart.o(.text)
    USART_IrDAConfig                         0x0800a5e7   Thumb Code    18  stm32f10x_usart.o(.text)
    USART_IrDACmd                            0x0800a5f9   Thumb Code    24  stm32f10x_usart.o(.text)
    USART_GetFlagStatus                      0x0800a611   Thumb Code    26  stm32f10x_usart.o(.text)
    USART_ClearFlag                          0x0800a62b   Thumb Code    18  stm32f10x_usart.o(.text)
    USART_GetITStatus                        0x0800a63d   Thumb Code    84  stm32f10x_usart.o(.text)
    USART_ClearITPendingBit                  0x0800a691   Thumb Code    52  stm32f10x_usart.o(.text)
    EXTI_DeInit                              0x0800a6c5   Thumb Code    28  stm32f10x_exti.o(.text)
    EXTI_Init                                0x0800a6e1   Thumb Code   142  stm32f10x_exti.o(.text)
    EXTI_StructInit                          0x0800a76f   Thumb Code    16  stm32f10x_exti.o(.text)
    EXTI_GenerateSWInterrupt                 0x0800a77f   Thumb Code    16  stm32f10x_exti.o(.text)
    EXTI_GetFlagStatus                       0x0800a78f   Thumb Code    22  stm32f10x_exti.o(.text)
    EXTI_ClearFlag                           0x0800a7a5   Thumb Code     8  stm32f10x_exti.o(.text)
    EXTI_GetITStatus                         0x0800a7ad   Thumb Code    34  stm32f10x_exti.o(.text)
    EXTI_ClearITPendingBit                   0x0800a7cf   Thumb Code     8  stm32f10x_exti.o(.text)
    __use_no_semihosting                     0x0800a7e1   Thumb Code     2  use_no_semi_2.o(.text)
    __2printf                                0x0800a7e5   Thumb Code    20  noretval__2printf.o(.text)
    __printf                                 0x0800a7fd   Thumb Code   104  __printf.o(.text)
    _printf_str                              0x0800a865   Thumb Code    82  _printf_str.o(.text)
    _printf_int_dec                          0x0800a8b9   Thumb Code   104  _printf_dec.o(.text)
    _printf_int_hex                          0x0800a931   Thumb Code    84  _printf_hex_int.o(.text)
    _printf_longlong_hex                     0x0800a931   Thumb Code     0  _printf_hex_int.o(.text)
    strcmp                                   0x0800a989   Thumb Code   128  strcmpv7m.o(.text)
    __use_two_region_memory                  0x0800aa09   Thumb Code     2  heapauxi.o(.text)
    __rt_heap_escrow$2region                 0x0800aa0b   Thumb Code     2  heapauxi.o(.text)
    __rt_heap_expand$2region                 0x0800aa0d   Thumb Code     2  heapauxi.o(.text)
    __I$use$semihosting                      0x0800aa0f   Thumb Code     0  use_no_semi.o(.text)
    __use_no_semihosting_swi                 0x0800aa0f   Thumb Code     2  use_no_semi.o(.text)
    __read_errno                             0x0800aa11   Thumb Code    10  _rserrno.o(.text)
    __set_errno                              0x0800aa1b   Thumb Code    12  _rserrno.o(.text)
    _printf_int_common                       0x0800aa27   Thumb Code   178  _printf_intcommon.o(.text)
    _printf_cs_common                        0x0800aad9   Thumb Code    20  _printf_char.o(.text)
    _printf_char                             0x0800aaed   Thumb Code    16  _printf_char.o(.text)
    _printf_string                           0x0800aafd   Thumb Code     8  _printf_char.o(.text)
    _printf_char_file                        0x0800ab05   Thumb Code    32  _printf_char_file.o(.text)
    __aeabi_errno_addr                       0x0800ab29   Thumb Code     8  rt_errno_addr_intlibspace.o(.text)
    __errno$intlibspace                      0x0800ab29   Thumb Code     0  rt_errno_addr_intlibspace.o(.text)
    __rt_errno_addr$intlibspace              0x0800ab29   Thumb Code     0  rt_errno_addr_intlibspace.o(.text)
    _printf_char_common                      0x0800ab3b   Thumb Code    32  _printf_char_common.o(.text)
    ferror                                   0x0800ab61   Thumb Code     8  ferror.o(.text)
    __user_libspace                          0x0800ab69   Thumb Code     8  libspace.o(.text)
    __user_perproc_libspace                  0x0800ab69   Thumb Code     0  libspace.o(.text)
    __user_perthread_libspace                0x0800ab69   Thumb Code     0  libspace.o(.text)
    __user_setup_stackheap                   0x0800ab71   Thumb Code    74  sys_stackheap_outer.o(.text)
    exit                                     0x0800abbb   Thumb Code    18  exit.o(.text)
    sqrt                                     0x0800abcd   Thumb Code    76  sqrt.o(i.sqrt)
    __aeabi_dadd                             0x0800ac19   Thumb Code     0  daddsub_clz.o(x$fpl$dadd)
    _dadd                                    0x0800ac19   Thumb Code   332  daddsub_clz.o(x$fpl$dadd)
    __fpl_dcmp_Inf                           0x0800ad69   Thumb Code    24  dcmpi.o(x$fpl$dcmpinf)
    __aeabi_ddiv                             0x0800ad81   Thumb Code     0  ddiv.o(x$fpl$ddiv)
    _ddiv                                    0x0800ad81   Thumb Code   552  ddiv.o(x$fpl$ddiv)
    __aeabi_d2iz                             0x0800b031   Thumb Code     0  dfix.o(x$fpl$dfix)
    _dfix                                    0x0800b031   Thumb Code    94  dfix.o(x$fpl$dfix)
    __aeabi_d2uiz                            0x0800b091   Thumb Code     0  dfixu.o(x$fpl$dfixu)
    _dfixu                                   0x0800b091   Thumb Code    90  dfixu.o(x$fpl$dfixu)
    __aeabi_i2d                              0x0800b0eb   Thumb Code     0  dflt_clz.o(x$fpl$dflt)
    _dflt                                    0x0800b0eb   Thumb Code    46  dflt_clz.o(x$fpl$dflt)
    __aeabi_ui2d                             0x0800b119   Thumb Code     0  dflt_clz.o(x$fpl$dfltu)
    _dfltu                                   0x0800b119   Thumb Code    38  dflt_clz.o(x$fpl$dfltu)
    __aeabi_cdcmple                          0x0800b141   Thumb Code     0  dleqf.o(x$fpl$dleqf)
    _dcmple                                  0x0800b141   Thumb Code   120  dleqf.o(x$fpl$dleqf)
    __fpl_dcmple_InfNaN                      0x0800b1a3   Thumb Code     0  dleqf.o(x$fpl$dleqf)
    __aeabi_dmul                             0x0800b1b9   Thumb Code     0  dmul.o(x$fpl$dmul)
    _dmul                                    0x0800b1b9   Thumb Code   332  dmul.o(x$fpl$dmul)
    __fpl_dnaninf                            0x0800b30d   Thumb Code   156  dnaninf.o(x$fpl$dnaninf)
    __fpl_dretinf                            0x0800b3a9   Thumb Code    12  dretinf.o(x$fpl$dretinf)
    __aeabi_cdrcmple                         0x0800b3b5   Thumb Code     0  drleqf.o(x$fpl$drleqf)
    _drcmple                                 0x0800b3b5   Thumb Code   108  drleqf.o(x$fpl$drleqf)
    __aeabi_drsub                            0x0800b421   Thumb Code     0  daddsub_clz.o(x$fpl$drsb)
    _drsb                                    0x0800b421   Thumb Code    22  daddsub_clz.o(x$fpl$drsb)
    _dsqrt                                   0x0800b439   Thumb Code   456  dsqrt_noumaal.o(x$fpl$dsqrt)
    __aeabi_dsub                             0x0800b605   Thumb Code     0  daddsub_clz.o(x$fpl$dsub)
    _dsub                                    0x0800b605   Thumb Code   464  daddsub_clz.o(x$fpl$dsub)
    __aeabi_f2d                              0x0800b7d9   Thumb Code     0  f2d.o(x$fpl$f2d)
    _f2d                                     0x0800b7d9   Thumb Code    86  f2d.o(x$fpl$f2d)
    __aeabi_fadd                             0x0800b831   Thumb Code     0  faddsub_clz.o(x$fpl$fadd)
    _fadd                                    0x0800b831   Thumb Code   196  faddsub_clz.o(x$fpl$fadd)
    __aeabi_fdiv                             0x0800b8f5   Thumb Code     0  fdiv.o(x$fpl$fdiv)
    _fdiv                                    0x0800b8f5   Thumb Code   384  fdiv.o(x$fpl$fdiv)
    __aeabi_f2iz                             0x0800ba79   Thumb Code     0  ffix.o(x$fpl$ffix)
    _ffix                                    0x0800ba79   Thumb Code    54  ffix.o(x$fpl$ffix)
    __aeabi_f2uiz                            0x0800bab1   Thumb Code     0  ffixu.o(x$fpl$ffixu)
    _ffixu                                   0x0800bab1   Thumb Code    62  ffixu.o(x$fpl$ffixu)
    __aeabi_i2f                              0x0800baf1   Thumb Code     0  fflt_clz.o(x$fpl$fflt)
    _fflt                                    0x0800baf1   Thumb Code    48  fflt_clz.o(x$fpl$fflt)
    __aeabi_ui2f                             0x0800bb21   Thumb Code     0  fflt_clz.o(x$fpl$ffltu)
    _ffltu                                   0x0800bb21   Thumb Code    38  fflt_clz.o(x$fpl$ffltu)
    __aeabi_fmul                             0x0800bb49   Thumb Code     0  fmul.o(x$fpl$fmul)
    _fmul                                    0x0800bb49   Thumb Code   258  fmul.o(x$fpl$fmul)
    __fpl_fnaninf                            0x0800bc4b   Thumb Code   140  fnaninf.o(x$fpl$fnaninf)
    __fpl_fretinf                            0x0800bcd7   Thumb Code    10  fretinf.o(x$fpl$fretinf)
    __aeabi_fsub                             0x0800bce1   Thumb Code     0  faddsub_clz.o(x$fpl$fsub)
    _fsub                                    0x0800bce1   Thumb Code   234  faddsub_clz.o(x$fpl$fsub)
    FT5206_TPX_TBL                           0x0800bdca   Data          10  ft5206.o(.constdata)
    __I$use$fp                               0x0800bdca   Number         0  usenofp.o(x$fpl$usenofp)
    GT9147_CFG_TBL                           0x0800bdd4   Data         184  gt9147.o(.constdata)
    GT9147_TPX_TBL                           0x0800be8c   Data          10  gt9147.o(.constdata)
    OTT_TPX_TBL                              0x0800be96   Data          10  ott2001a.o(.constdata)
    TP_ADJDIS_TBL                            0x0800bea0   Data          12  touch.o(.constdata)
    Chinese32                                0x0800beac   Data          44  font.o(.constdata)
    Chinese64                                0x0800bed8   Data          36  font.o(.constdata)
    asc2_1206                                0x0800befc   Data        1140  font.o(.constdata)
    asc2_1608                                0x0800c370   Data        1520  font.o(.constdata)
    asc2_2412                                0x0800c960   Data        3420  font.o(.constdata)
    GB_3232                                  0x0800d6bc   Data        1536  font.o(.constdata)
    GB_6464                                  0x0800dcbc   Data        4608  font.o(.constdata)
    GB_1616                                  0x0800eebc   Data         352  font.o(.constdata)
    GB_5656                                  0x0800f01c   Data        3528  font.o(.constdata)
    Region$$Table$$Base                      0x0800fe88   Number         0  anon$$obj.o(Region$$Table)
    Region$$Table$$Limit                     0x0800fea8   Number         0  anon$$obj.o(Region$$Table)
    selectIndex                              0x20000000   Data           1  main.o(.data)
    gameRunFlag                              0x20000001   Data           1  main.o(.data)
    SystemCoreClock                          0x20000004   Data           4  system_stm32f10x.o(.data)
    AHBPrescTable                            0x20000008   Data          16  system_stm32f10x.o(.data)
    TURN                                     0x20000018   Data           1  chess.o(.data)
    undoEn                                   0x20000019   Data           1  chess.o(.data)
    changeBuffer2                            0x2000001a   Data           6  chess.o(.data)
    piece                                    0x20000020   Data         512  chess.o(.data)
    pieceTable                               0x20000220   Data          90  chess.o(.data)
    POINT_COLOR                              0x2000027a   Data           2  lcd.o(.data)
    BACK_COLOR                               0x2000027c   Data           2  lcd.o(.data)
    width                                    0x20000280   Data           2  displaychess.o(.data)
    height                                   0x20000282   Data           2  displaychess.o(.data)
    offsetX                                  0x20000284   Data           1  displaychess.o(.data)
    offsetY1                                 0x20000285   Data           1  displaychess.o(.data)
    offsetY2                                 0x20000286   Data           1  displaychess.o(.data)
    pieceR                                   0x20000287   Data           1  displaychess.o(.data)
    lengthCH                                 0x20000288   Data           1  displaychess.o(.data)
    lengthCH2                                0x20000289   Data           1  displaychess.o(.data)
    sX                                       0x2000028a   Data           2  displaychess.o(.data)
    sY                                       0x2000028c   Data           2  displaychess.o(.data)
    sizeENG                                  0x2000028e   Data           1  displaychess.o(.data)
    Libpiece                                 0x20000290   Data           4  displaychess.o(.data)
    Libbuttom                                0x20000294   Data           4  displaychess.o(.data)
    tp_dev                                   0x2000029c   Data          52  touch.o(.data)
    CMD_RDX                                  0x200002d0   Data           1  touch.o(.data)
    CMD_RDY                                  0x200002d1   Data           1  touch.o(.data)
    TP_REMIND_MSG_TBL                        0x200002d4   Data           4  touch.o(.data)
    __stdout                                 0x200002dc   Data           4  usart.o(.data)
    USART_RX_STA                             0x200002e0   Data           2  usart.o(.data)
    lcddev                                   0x200002f8   Data          14  lcd.o(.bss)
    turnPiX                                  0x20000306   Data          18  displaychess.o(.bss)
    turnPiY                                  0x20000318   Data          20  displaychess.o(.bss)
    USART_RX_BUF                             0x2000032c   Data         200  usart.o(.bss)
    __libspace_start                         0x200003f4   Data          96  libspace.o(.bss)
    __temporary_stack_top$libspace           0x20000454   Data           0  libspace.o(.bss)



==============================================================================

Memory Map of the image

  Image Entry point : 0x08000131

  Load Region LR_IROM1 (Base: 0x08000000, Size: 0x000101a0, Max: 0x00040000, ABSOLUTE, COMPRESSED[0x00010014])

    Execution Region ER_IROM1 (Exec base: 0x08000000, Load base: 0x08000000, Size: 0x0000fea8, Max: 0x00040000, ABSOLUTE)

    Exec Addr    Load Addr    Size         Type   Attr      Idx    E Section Name        Object

    0x08000000   0x08000000   0x00000130   Data   RO          557    RESET               startup_stm32f10x_hd.o
    0x08000130   0x08000130   0x00000008   Code   RO          723  * !!!main             c_w.l(__main.o)
    0x08000138   0x08000138   0x00000034   Code   RO          981    !!!scatter          c_w.l(__scatter.o)
    0x0800016c   0x0800016c   0x0000005a   Code   RO          979    !!dczerorl2         c_w.l(__dczerorl2.o)
    0x080001c6   0x080001c6   0x00000002   PAD
    0x080001c8   0x080001c8   0x0000001c   Code   RO          983    !!handler_zi        c_w.l(__scatter_zi.o)
    0x080001e4   0x080001e4   0x00000000   Code   RO          718    .ARM.Collect$$_printf_percent$$00000000  c_w.l(_printf_percent.o)
    0x080001e4   0x080001e4   0x00000006   Code   RO          717    .ARM.Collect$$_printf_percent$$00000009  c_w.l(_printf_d.o)
    0x080001ea   0x080001ea   0x00000006   Code   RO          716    .ARM.Collect$$_printf_percent$$0000000C  c_w.l(_printf_x.o)
    0x080001f0   0x080001f0   0x00000006   Code   RO          715    .ARM.Collect$$_printf_percent$$00000014  c_w.l(_printf_s.o)
    0x080001f6   0x080001f6   0x00000004   Code   RO          802    .ARM.Collect$$_printf_percent$$00000017  c_w.l(_printf_percent_end.o)
    0x080001fa   0x080001fa   0x00000002   Code   RO          856    .ARM.Collect$$libinit$$00000000  c_w.l(libinit.o)
    0x080001fc   0x080001fc   0x00000000   Code   RO          860    .ARM.Collect$$libinit$$00000002  c_w.l(libinit2.o)
    0x080001fc   0x080001fc   0x00000000   Code   RO          862    .ARM.Collect$$libinit$$00000004  c_w.l(libinit2.o)
    0x080001fc   0x080001fc   0x00000000   Code   RO          865    .ARM.Collect$$libinit$$0000000A  c_w.l(libinit2.o)
    0x080001fc   0x080001fc   0x00000000   Code   RO          867    .ARM.Collect$$libinit$$0000000C  c_w.l(libinit2.o)
    0x080001fc   0x080001fc   0x00000000   Code   RO          869    .ARM.Collect$$libinit$$0000000E  c_w.l(libinit2.o)
    0x080001fc   0x080001fc   0x00000000   Code   RO          872    .ARM.Collect$$libinit$$00000011  c_w.l(libinit2.o)
    0x080001fc   0x080001fc   0x00000000   Code   RO          874    .ARM.Collect$$libinit$$00000013  c_w.l(libinit2.o)
    0x080001fc   0x080001fc   0x00000000   Code   RO          876    .ARM.Collect$$libinit$$00000015  c_w.l(libinit2.o)
    0x080001fc   0x080001fc   0x00000000   Code   RO          878    .ARM.Collect$$libinit$$00000017  c_w.l(libinit2.o)
    0x080001fc   0x080001fc   0x00000000   Code   RO          880    .ARM.Collect$$libinit$$00000019  c_w.l(libinit2.o)
    0x080001fc   0x080001fc   0x00000000   Code   RO          882    .ARM.Collect$$libinit$$0000001B  c_w.l(libinit2.o)
    0x080001fc   0x080001fc   0x00000000   Code   RO          884    .ARM.Collect$$libinit$$0000001D  c_w.l(libinit2.o)
    0x080001fc   0x080001fc   0x00000000   Code   RO          886    .ARM.Collect$$libinit$$0000001F  c_w.l(libinit2.o)
    0x080001fc   0x080001fc   0x00000000   Code   RO          888    .ARM.Collect$$libinit$$00000021  c_w.l(libinit2.o)
    0x080001fc   0x080001fc   0x00000000   Code   RO          890    .ARM.Collect$$libinit$$00000023  c_w.l(libinit2.o)
    0x080001fc   0x080001fc   0x00000000   Code   RO          892    .ARM.Collect$$libinit$$00000025  c_w.l(libinit2.o)
    0x080001fc   0x080001fc   0x00000000   Code   RO          896    .ARM.Collect$$libinit$$0000002C  c_w.l(libinit2.o)
    0x080001fc   0x080001fc   0x00000000   Code   RO          898    .ARM.Collect$$libinit$$0000002E  c_w.l(libinit2.o)
    0x080001fc   0x080001fc   0x00000000   Code   RO          900    .ARM.Collect$$libinit$$00000030  c_w.l(libinit2.o)
    0x080001fc   0x080001fc   0x00000000   Code   RO          902    .ARM.Collect$$libinit$$00000032  c_w.l(libinit2.o)
    0x080001fc   0x080001fc   0x00000002   Code   RO          903    .ARM.Collect$$libinit$$00000033  c_w.l(libinit2.o)
    0x080001fe   0x080001fe   0x00000002   Code   RO          921    .ARM.Collect$$libshutdown$$00000000  c_w.l(libshutdown.o)
    0x08000200   0x08000200   0x00000000   Code   RO          931    .ARM.Collect$$libshutdown$$00000002  c_w.l(libshutdown2.o)
    0x08000200   0x08000200   0x00000000   Code   RO          933    .ARM.Collect$$libshutdown$$00000004  c_w.l(libshutdown2.o)
    0x08000200   0x08000200   0x00000000   Code   RO          936    .ARM.Collect$$libshutdown$$00000007  c_w.l(libshutdown2.o)
    0x08000200   0x08000200   0x00000000   Code   RO          939    .ARM.Collect$$libshutdown$$0000000A  c_w.l(libshutdown2.o)
    0x08000200   0x08000200   0x00000000   Code   RO          941    .ARM.Collect$$libshutdown$$0000000C  c_w.l(libshutdown2.o)
    0x08000200   0x08000200   0x00000000   Code   RO          944    .ARM.Collect$$libshutdown$$0000000F  c_w.l(libshutdown2.o)
    0x08000200   0x08000200   0x00000002   Code   RO          945    .ARM.Collect$$libshutdown$$00000010  c_w.l(libshutdown2.o)
    0x08000202   0x08000202   0x00000000   Code   RO          793    .ARM.Collect$$rtentry$$00000000  c_w.l(__rtentry.o)
    0x08000202   0x08000202   0x00000000   Code   RO          817    .ARM.Collect$$rtentry$$00000002  c_w.l(__rtentry2.o)
    0x08000202   0x08000202   0x00000006   Code   RO          829    .ARM.Collect$$rtentry$$00000004  c_w.l(__rtentry4.o)
    0x08000208   0x08000208   0x00000000   Code   RO          819    .ARM.Collect$$rtentry$$00000009  c_w.l(__rtentry2.o)
    0x08000208   0x08000208   0x00000004   Code   RO          820    .ARM.Collect$$rtentry$$0000000A  c_w.l(__rtentry2.o)
    0x0800020c   0x0800020c   0x00000000   Code   RO          822    .ARM.Collect$$rtentry$$0000000C  c_w.l(__rtentry2.o)
    0x0800020c   0x0800020c   0x00000008   Code   RO          823    .ARM.Collect$$rtentry$$0000000D  c_w.l(__rtentry2.o)
    0x08000214   0x08000214   0x00000002   Code   RO          857    .ARM.Collect$$rtexit$$00000000  c_w.l(rtexit.o)
    0x08000216   0x08000216   0x00000000   Code   RO          905    .ARM.Collect$$rtexit$$00000002  c_w.l(rtexit2.o)
    0x08000216   0x08000216   0x00000004   Code   RO          906    .ARM.Collect$$rtexit$$00000003  c_w.l(rtexit2.o)
    0x0800021a   0x0800021a   0x00000006   Code   RO          907    .ARM.Collect$$rtexit$$00000004  c_w.l(rtexit2.o)
    0x08000220   0x08000220   0x0000051c   Code   RO            1    .text               main.o
    0x0800073c   0x0800073c   0x0000001a   Code   RO          158    .text               stm32f10x_it.o
    0x08000756   0x08000756   0x00000002   PAD
    0x08000758   0x08000758   0x000001e0   Code   RO          199    .text               system_stm32f10x.o
    0x08000938   0x08000938   0x00000578   Code   RO          217    .text               chess.o
    0x08000eb0   0x08000eb0   0x000007cc   Code   RO          235    .text               check.o
    0x0800167c   0x0800167c   0x00005d64   Code   RO          247    .text               lcd.o
    0x080073e0   0x080073e0   0x00000698   Code   RO          274    .text               displaychess.o
    0x08007a78   0x08007a78   0x0000006c   Code   RO          301    .text               exti.o
    0x08007ae4   0x08007ae4   0x0000017a   Code   RO          313    .text               24cxx.o
    0x08007c5e   0x08007c5e   0x00000002   PAD
    0x08007c60   0x08007c60   0x0000026c   Code   RO          331    .text               myiic.o
    0x08007ecc   0x08007ecc   0x00000260   Code   RO          361    .text               ctiic.o
    0x0800812c   0x0800812c   0x00000334   Code   RO          376    .text               ft5206.o
    0x08008460   0x08008460   0x000003e4   Code   RO          395    .text               gt9147.o
    0x08008844   0x08008844   0x0000036c   Code   RO          411    .text               ott2001a.o
    0x08008bb0   0x08008bb0   0x00000ca4   Code   RO          427    .text               touch.o
    0x08009854   0x08009854   0x00000038   Code   RO          470    .text               beep.o
    0x0800988c   0x0800988c   0x000000d4   Code   RO          491    .text               delay.o
    0x08009960   0x08009960   0x00000140   Code   RO          522    .text               usart.o
    0x08009aa0   0x08009aa0   0x00000040   Code   RO          558    .text               startup_stm32f10x_hd.o
    0x08009ae0   0x08009ae0   0x000000dc   Code   RO          562    .text               misc.o
    0x08009bbc   0x08009bbc   0x0000035c   Code   RO          586    .text               stm32f10x_gpio.o
    0x08009f18   0x08009f18   0x000003a4   Code   RO          598    .text               stm32f10x_rcc.o
    0x0800a2bc   0x0800a2bc   0x00000408   Code   RO          612    .text               stm32f10x_usart.o
    0x0800a6c4   0x0800a6c4   0x0000011c   Code   RO          636    .text               stm32f10x_exti.o
    0x0800a7e0   0x0800a7e0   0x00000002   Code   RO          662    .text               c_w.l(use_no_semi_2.o)
    0x0800a7e2   0x0800a7e2   0x00000002   PAD
    0x0800a7e4   0x0800a7e4   0x00000018   Code   RO          666    .text               c_w.l(noretval__2printf.o)
    0x0800a7fc   0x0800a7fc   0x00000068   Code   RO          668    .text               c_w.l(__printf.o)
    0x0800a864   0x0800a864   0x00000052   Code   RO          670    .text               c_w.l(_printf_str.o)
    0x0800a8b6   0x0800a8b6   0x00000002   PAD
    0x0800a8b8   0x0800a8b8   0x00000078   Code   RO          672    .text               c_w.l(_printf_dec.o)
    0x0800a930   0x0800a930   0x00000058   Code   RO          677    .text               c_w.l(_printf_hex_int.o)
    0x0800a988   0x0800a988   0x00000080   Code   RO          719    .text               c_w.l(strcmpv7m.o)
    0x0800aa08   0x0800aa08   0x00000006   Code   RO          721    .text               c_w.l(heapauxi.o)
    0x0800aa0e   0x0800aa0e   0x00000002   Code   RO          791    .text               c_w.l(use_no_semi.o)
    0x0800aa10   0x0800aa10   0x00000016   Code   RO          794    .text               c_w.l(_rserrno.o)
    0x0800aa26   0x0800aa26   0x000000b2   Code   RO          796    .text               c_w.l(_printf_intcommon.o)
    0x0800aad8   0x0800aad8   0x0000002c   Code   RO          798    .text               c_w.l(_printf_char.o)
    0x0800ab04   0x0800ab04   0x00000024   Code   RO          800    .text               c_w.l(_printf_char_file.o)
    0x0800ab28   0x0800ab28   0x00000008   Code   RO          834    .text               c_w.l(rt_errno_addr_intlibspace.o)
    0x0800ab30   0x0800ab30   0x00000030   Code   RO          836    .text               c_w.l(_printf_char_common.o)
    0x0800ab60   0x0800ab60   0x00000008   Code   RO          838    .text               c_w.l(ferror.o)
    0x0800ab68   0x0800ab68   0x00000008   Code   RO          842    .text               c_w.l(libspace.o)
    0x0800ab70   0x0800ab70   0x0000004a   Code   RO          845    .text               c_w.l(sys_stackheap_outer.o)
    0x0800abba   0x0800abba   0x00000012   Code   RO          849    .text               c_w.l(exit.o)
    0x0800abcc   0x0800abcc   0x0000004c   Code   RO          784    i.sqrt              m_ws.l(sqrt.o)
    0x0800ac18   0x0800ac18   0x00000150   Code   RO          725    x$fpl$dadd          fz_ws.l(daddsub_clz.o)
    0x0800ad68   0x0800ad68   0x00000018   Code   RO          803    x$fpl$dcmpinf       fz_ws.l(dcmpi.o)
    0x0800ad80   0x0800ad80   0x000002b0   Code   RO          732    x$fpl$ddiv          fz_ws.l(ddiv.o)
    0x0800b030   0x0800b030   0x0000005e   Code   RO          735    x$fpl$dfix          fz_ws.l(dfix.o)
    0x0800b08e   0x0800b08e   0x00000002   PAD
    0x0800b090   0x0800b090   0x0000005a   Code   RO          739    x$fpl$dfixu         fz_ws.l(dfixu.o)
    0x0800b0ea   0x0800b0ea   0x0000002e   Code   RO          744    x$fpl$dflt          fz_ws.l(dflt_clz.o)
    0x0800b118   0x0800b118   0x00000026   Code   RO          743    x$fpl$dfltu         fz_ws.l(dflt_clz.o)
    0x0800b13e   0x0800b13e   0x00000002   PAD
    0x0800b140   0x0800b140   0x00000078   Code   RO          749    x$fpl$dleqf         fz_ws.l(dleqf.o)
    0x0800b1b8   0x0800b1b8   0x00000154   Code   RO          751    x$fpl$dmul          fz_ws.l(dmul.o)
    0x0800b30c   0x0800b30c   0x0000009c   Code   RO          805    x$fpl$dnaninf       fz_ws.l(dnaninf.o)
    0x0800b3a8   0x0800b3a8   0x0000000c   Code   RO          807    x$fpl$dretinf       fz_ws.l(dretinf.o)
    0x0800b3b4   0x0800b3b4   0x0000006c   Code   RO          753    x$fpl$drleqf        fz_ws.l(drleqf.o)
    0x0800b420   0x0800b420   0x00000016   Code   RO          726    x$fpl$drsb          fz_ws.l(daddsub_clz.o)
    0x0800b436   0x0800b436   0x00000002   PAD
    0x0800b438   0x0800b438   0x000001cc   Code   RO          809    x$fpl$dsqrt         fz_ws.l(dsqrt_noumaal.o)
    0x0800b604   0x0800b604   0x000001d4   Code   RO          727    x$fpl$dsub          fz_ws.l(daddsub_clz.o)
    0x0800b7d8   0x0800b7d8   0x00000056   Code   RO          755    x$fpl$f2d           fz_ws.l(f2d.o)
    0x0800b82e   0x0800b82e   0x00000002   PAD
    0x0800b830   0x0800b830   0x000000c4   Code   RO          757    x$fpl$fadd          fz_ws.l(faddsub_clz.o)
    0x0800b8f4   0x0800b8f4   0x00000184   Code   RO          764    x$fpl$fdiv          fz_ws.l(fdiv.o)
    0x0800ba78   0x0800ba78   0x00000036   Code   RO          767    x$fpl$ffix          fz_ws.l(ffix.o)
    0x0800baae   0x0800baae   0x00000002   PAD
    0x0800bab0   0x0800bab0   0x0000003e   Code   RO          771    x$fpl$ffixu         fz_ws.l(ffixu.o)
    0x0800baee   0x0800baee   0x00000002   PAD
    0x0800baf0   0x0800baf0   0x00000030   Code   RO          776    x$fpl$fflt          fz_ws.l(fflt_clz.o)
    0x0800bb20   0x0800bb20   0x00000026   Code   RO          775    x$fpl$ffltu         fz_ws.l(fflt_clz.o)
    0x0800bb46   0x0800bb46   0x00000002   PAD
    0x0800bb48   0x0800bb48   0x00000102   Code   RO          781    x$fpl$fmul          fz_ws.l(fmul.o)
    0x0800bc4a   0x0800bc4a   0x0000008c   Code   RO          811    x$fpl$fnaninf       fz_ws.l(fnaninf.o)
    0x0800bcd6   0x0800bcd6   0x0000000a   Code   RO          813    x$fpl$fretinf       fz_ws.l(fretinf.o)
    0x0800bce0   0x0800bce0   0x000000ea   Code   RO          759    x$fpl$fsub          fz_ws.l(faddsub_clz.o)
    0x0800bdca   0x0800bdca   0x00000000   Code   RO          815    x$fpl$usenofp       fz_ws.l(usenofp.o)
    0x0800bdca   0x0800bdca   0x0000000a   Data   RO          377    .constdata          ft5206.o
    0x0800bdd4   0x0800bdd4   0x000000c2   Data   RO          396    .constdata          gt9147.o
    0x0800be96   0x0800be96   0x0000000a   Data   RO          412    .constdata          ott2001a.o
    0x0800bea0   0x0800bea0   0x0000000c   Data   RO          428    .constdata          touch.o
    0x0800beac   0x0800beac   0x00003f38   Data   RO          482    .constdata          font.o
    0x0800fde4   0x0800fde4   0x00000028   Data   RO          678    .constdata          c_w.l(_printf_hex_int.o)
    0x0800fe0c   0x0800fe0c   0x00000079   Data   RO          429    .conststring        touch.o
    0x0800fe85   0x0800fe85   0x00000003   PAD
    0x0800fe88   0x0800fe88   0x00000020   Data   RO          977    Region$$Table       anon$$obj.o


    Execution Region RW_IRAM1 (Exec base: 0x20000000, Load base: 0x0800fea8, Size: 0x00000a58, Max: 0x0000c000, ABSOLUTE, COMPRESSED[0x0000016c])

    Exec Addr    Load Addr    Size         Type   Attr      Idx    E Section Name        Object

    0x20000000   COMPRESSED   0x00000002   Data   RW            2    .data               main.o
    0x20000002   COMPRESSED   0x00000002   PAD
    0x20000004   COMPRESSED   0x00000014   Data   RW          200    .data               system_stm32f10x.o
    0x20000018   COMPRESSED   0x00000262   Data   RW          218    .data               chess.o
    0x2000027a   COMPRESSED   0x00000004   Data   RW          249    .data               lcd.o
    0x2000027e   COMPRESSED   0x00000002   PAD
    0x20000280   COMPRESSED   0x00000018   Data   RW          276    .data               displaychess.o
    0x20000298   COMPRESSED   0x00000001   Data   RW          378    .data               ft5206.o
    0x20000299   COMPRESSED   0x00000001   Data   RW          397    .data               gt9147.o
    0x2000029a   COMPRESSED   0x00000001   Data   RW          413    .data               ott2001a.o
    0x2000029b   COMPRESSED   0x00000001   PAD
    0x2000029c   COMPRESSED   0x0000003c   Data   RW          430    .data               touch.o
    0x200002d8   COMPRESSED   0x00000004   Data   RW          492    .data               delay.o
    0x200002dc   COMPRESSED   0x00000006   Data   RW          524    .data               usart.o
    0x200002e2   COMPRESSED   0x00000014   Data   RW          599    .data               stm32f10x_rcc.o
    0x200002f6   COMPRESSED   0x00000002   PAD
    0x200002f8        -       0x0000000e   Zero   RW          248    .bss                lcd.o
    0x20000306        -       0x00000026   Zero   RW          275    .bss                displaychess.o
    0x2000032c        -       0x000000c8   Zero   RW          523    .bss                usart.o
    0x200003f4        -       0x00000060   Zero   RW          843    .bss                c_w.l(libspace.o)
    0x20000454   COMPRESSED   0x00000004   PAD
    0x20000458        -       0x00000200   Zero   RW          556    HEAP                startup_stm32f10x_hd.o
    0x20000658        -       0x00000400   Zero   RW          555    STACK               startup_stm32f10x_hd.o


==============================================================================

Image component sizes


      Code (inc. data)   RO Data    RW Data    ZI Data      Debug   Object Name

       378          0          0          0          0       2826   24cxx.o
        56          6          0          0          0        472   beep.o
      1996        142          0          0          0       4576   check.o
      1400         18          0        610          0       6381   chess.o
       608         18          0          0          0       2029   ctiic.o
       212         18          0          4          0       1007   delay.o
      1688        150          0         24         38       4160   displaychess.o
       108          6          0          0          0        664   exti.o
         0          0      16184          0          0        876   font.o
       820         36         10          1          0       2551   ft5206.o
       996         70        194          1          0       2950   gt9147.o
     23908        268          0          4         14      27209   lcd.o
      1308        104          0          2          0     237383   main.o
       220         22          0          0          0       1765   misc.o
       620         18          0          0          0       1892   myiic.o
       876         56         10          1          0       2719   ott2001a.o
        64         26        304          0       1536        776   startup_stm32f10x_hd.o
       284         10          0          0          0       2223   stm32f10x_exti.o
       860         38          0          0          0       5697   stm32f10x_gpio.o
        26          0          0          0          0       1162   stm32f10x_it.o
       932         36          0         20          0       8860   stm32f10x_rcc.o
      1032         22          0          0          0       8424   stm32f10x_usart.o
         0          0          0          0          0         32   sys.o
       480         38          0         20          0       1683   system_stm32f10x.o
      3236        202        133         60          0       6767   touch.o
       320         18          0          6        200       3086   usart.o

    ----------------------------------------------------------------------
     42432       1322      16870        760       1788     338170   Object Totals
         0          0         32          0          0          0   (incl. Generated)
         4          0          3          7          0          0   (incl. Padding)

    ----------------------------------------------------------------------

      Code (inc. data)   RO Data    RW Data    ZI Data      Debug   Library Member Name

        90          0          0          0          0          0   __dczerorl2.o
         8          0          0          0          0         68   __main.o
       104          0          0          0          0         84   __printf.o
         0          0          0          0          0          0   __rtentry.o
        12          0          0          0          0          0   __rtentry2.o
         6          0          0          0          0          0   __rtentry4.o
        52          8          0          0          0          0   __scatter.o
        28          0          0          0          0          0   __scatter_zi.o
        44          0          0          0          0        108   _printf_char.o
        48          6          0          0          0         96   _printf_char_common.o
        36          4          0          0          0         80   _printf_char_file.o
         6          0          0          0          0          0   _printf_d.o
       120         16          0          0          0         92   _printf_dec.o
        88          4         40          0          0         88   _printf_hex_int.o
       178          0          0          0          0         88   _printf_intcommon.o
         0          0          0          0          0          0   _printf_percent.o
         4          0          0          0          0          0   _printf_percent_end.o
         6          0          0          0          0          0   _printf_s.o
        82          0          0          0          0         80   _printf_str.o
         6          0          0          0          0          0   _printf_x.o
        22          0          0          0          0        100   _rserrno.o
        18          0          0          0          0         80   exit.o
         8          0          0          0          0         68   ferror.o
         6          0          0          0          0        152   heapauxi.o
         2          0          0          0          0          0   libinit.o
         2          0          0          0          0          0   libinit2.o
         2          0          0          0          0          0   libshutdown.o
         2          0          0          0          0          0   libshutdown2.o
         8          4          0          0         96         68   libspace.o
        24          4          0          0          0         84   noretval__2printf.o
         8          4          0          0          0         68   rt_errno_addr_intlibspace.o
         2          0          0          0          0          0   rtexit.o
        10          0          0          0          0          0   rtexit2.o
       128          0          0          0          0         68   strcmpv7m.o
        74          0          0          0          0         80   sys_stackheap_outer.o
         2          0          0          0          0         68   use_no_semi.o
         2          0          0          0          0         68   use_no_semi_2.o
       826         16          0          0          0        348   daddsub_clz.o
        24          0          0          0          0         68   dcmpi.o
       688        140          0          0          0        208   ddiv.o
        94          4          0          0          0         92   dfix.o
        90          4          0          0          0         92   dfixu.o
        84          0          0          0          0        136   dflt_clz.o
       120          4          0          0          0         92   dleqf.o
       340         12          0          0          0        104   dmul.o
       156          4          0          0          0         92   dnaninf.o
        12          0          0          0          0         68   dretinf.o
       108          0          0          0          0         80   drleqf.o
       460         56          0          0          0        120   dsqrt_noumaal.o
        86          4          0          0          0         84   f2d.o
       430          8          0          0          0        168   faddsub_clz.o
       388         76          0          0          0         96   fdiv.o
        54          4          0          0          0         84   ffix.o
        62          4          0          0          0         84   ffixu.o
        86          0          0          0          0        136   fflt_clz.o
       258          4          0          0          0         84   fmul.o
       140          4          0          0          0         84   fnaninf.o
        10          0          0          0          0         68   fretinf.o
         0          0          0          0          0          0   usenofp.o
        76          0          0          0          0         84   sqrt.o

    ----------------------------------------------------------------------
      5850        394         40          0        100       4160   Library Totals
        20          0          0          0          4          0   (incl. Padding)

    ----------------------------------------------------------------------

      Code (inc. data)   RO Data    RW Data    ZI Data      Debug   Library Name

      1238         50         40          0         96       1688   c_w.l
      4516        344          0          0          0       2388   fz_ws.l
        76          0          0          0          0         84   m_ws.l

    ----------------------------------------------------------------------
      5850        394         40          0        100       4160   Library Totals

    ----------------------------------------------------------------------

==============================================================================


      Code (inc. data)   RO Data    RW Data    ZI Data      Debug   

     48282       1716      16910        760       1888     338426   Grand Totals
     48282       1716      16910        364       1888     338426   ELF Image Totals (compressed)
     48282       1716      16910        364          0          0   ROM Totals

==============================================================================

    Total RO  Size (Code + RO Data)                65192 (  63.66kB)
    Total RW  Size (RW Data + ZI Data)              2648 (   2.59kB)
    Total ROM Size (Code + RO Data + RW Data)      65556 (  64.02kB)

==============================================================================

