Component: ARM Compiler 5.06 update 6 (build 750) Tool: armlink [4d35ed]

==============================================================================

Section Cross References

    main.o(.text) refers to delay.o(.text) for delay_init
    main.o(.text) refers to misc.o(.text) for NVIC_PriorityGroupConfig
    main.o(.text) refers to usart.o(.text) for uart_init
    main.o(.text) refers to exti.o(.text) for KEY_Init
    main.o(.text) refers to beep.o(.text) for BEEP_Init
    main.o(.text) refers to lcd.o(.text) for LCD_Init
    main.o(.text) refers to bsp_touch.o(.text) for TP_Init
    main.o(.text) refers to displaychess.o(.text) for initUI
    main.o(.text) refers to chess.o(.text) for change
    main.o(.text) refers to check.o(.text) for check
    main.o(.text) refers to stm32f10x_exti.o(.text) for EXTI_ClearITPendingBit
    main.o(.text) refers to stm32f10x_gpio.o(.text) for GPIO_ReadInputDataBit
    main.o(.text) refers to lcd.o(.data) for POINT_COLOR
    main.o(.text) refers to chess.o(.data) for piece
    main.o(.text) refers to displaychess.o(.data) for lengthCH2
    main.o(.text) refers to main.o(.data) for selectIndex
    system_stm32f10x.o(.text) refers to system_stm32f10x.o(.data) for SystemCoreClock
    chess.o(.text) refers to chess.o(.data) for pieceTable
    chess.o(.data) refers to chess.o(.text) for car
    check.o(.text) refers to chess.o(.text) for change
    check.o(.text) refers to chess.o(.data) for piece
    lcd.o(.text) refers to delay.o(.text) for delay_us
    lcd.o(.text) refers to lcd.o(.bss) for lcddev
    lcd.o(.text) refers to lcd.o(.data) for POINT_COLOR
    lcd.o(.text) refers to dflt_clz.o(x$fpl$dfltu) for __aeabi_ui2d
    lcd.o(.text) refers to dmul.o(x$fpl$dmul) for __aeabi_dmul
    lcd.o(.text) refers to dfixu.o(x$fpl$dfixu) for __aeabi_d2uiz
    lcd.o(.text) refers to stm32f10x_rcc.o(.text) for RCC_AHBPeriphClockCmd
    lcd.o(.text) refers to stm32f10x_gpio.o(.text) for GPIO_Init
    lcd.o(.text) refers to stm32f10x_fsmc.o(.text) for FSMC_NORSRAMInit
    lcd.o(.text) refers to font.o(.constdata) for asc2_1206
    lcd.o(.text) refers to dflt_clz.o(x$fpl$dflt) for __aeabi_i2d
    lcd.o(.text) refers to ddiv.o(x$fpl$ddiv) for __aeabi_ddiv
    lcd.o(.text) refers to daddsub_clz.o(x$fpl$dadd) for __aeabi_dadd
    lcd.o(.text) refers to daddsub_clz.o(x$fpl$dsub) for __aeabi_dsub
    lcd.o(.text) refers to chess.o(.data) for piece
    lcd.o(.text) refers to displaychess.o(.bss) for turnPiX
    lcd.o(.text) refers to displaychess.o(.data) for pieceR
    displaychess.o(.text) refers to lcd.o(.text) for LCD_Fill_Circle
    displaychess.o(.text) refers to chess.o(.data) for piece
    displaychess.o(.text) refers to displaychess.o(.bss) for turnPiX
    displaychess.o(.text) refers to displaychess.o(.data) for pieceR
    displaychess.o(.text) refers to lcd.o(.data) for BACK_COLOR
    displaychess.o(.text) refers to lcd.o(.bss) for lcddev
    displaychess.o(.text) refers to font.o(.constdata) for GB_1616
    displaychess.o(.text) refers to dflt_clz.o(x$fpl$dflt) for __aeabi_i2d
    displaychess.o(.text) refers to dmul.o(x$fpl$dmul) for __aeabi_dmul
    displaychess.o(.text) refers to daddsub_clz.o(x$fpl$dadd) for __aeabi_dadd
    displaychess.o(.text) refers to ddiv.o(x$fpl$ddiv) for __aeabi_ddiv
    displaychess.o(.text) refers to dfix.o(x$fpl$dfix) for __aeabi_d2iz
    displaychess.o(.text) refers to dflt_clz.o(x$fpl$dfltu) for __aeabi_ui2d
    displaychess.o(.text) refers to daddsub_clz.o(x$fpl$dsub) for __aeabi_dsub
    displaychess.o(.text) refers to bsp_touch.o(.text) for TP_Scan
    displaychess.o(.text) refers to main.o(.data) for selectIndex
    displaychess.o(.text) refers to bsp_touch.o(.bss) for tp_dev
    displaychess.o(.data) refers to font.o(.constdata) for GB_3232
    exti.o(.text) refers to stm32f10x_rcc.o(.text) for RCC_APB2PeriphClockCmd
    exti.o(.text) refers to stm32f10x_gpio.o(.text) for GPIO_EXTILineConfig
    exti.o(.text) refers to stm32f10x_exti.o(.text) for EXTI_Init
    exti.o(.text) refers to misc.o(.text) for NVIC_Init
    24cxx.o(.text) refers to myiic.o(.text) for IIC_Init
    24cxx.o(.text) refers to delay.o(.text) for delay_ms
    myiic.o(.text) refers to stm32f10x_rcc.o(.text) for RCC_APB2PeriphClockCmd
    myiic.o(.text) refers to stm32f10x_gpio.o(.text) for GPIO_Init
    myiic.o(.text) refers to delay.o(.text) for delay_us
    w25qxx.o(.text) refers to _printf_percent.o(.ARM.Collect$$_printf_percent$$00000000) for _printf_percent
    w25qxx.o(.text) refers to _printf_x.o(.ARM.Collect$$_printf_percent$$0000000C) for _printf_x
    w25qxx.o(.text) refers to _printf_hex_int.o(.text) for _printf_longlong_hex
    w25qxx.o(.text) refers to spi.o(.text) for SPI2_ReadWriteByte
    w25qxx.o(.text) refers to stm32f10x_rcc.o(.text) for RCC_APB2PeriphClockCmd
    w25qxx.o(.text) refers to stm32f10x_gpio.o(.text) for GPIO_Init
    w25qxx.o(.text) refers to noretval__2printf.o(.text) for __2printf
    w25qxx.o(.text) refers to delay.o(.text) for delay_us
[...]
    ..\\SYSTEM\\sys\\sys.c                   0x00000000   Number         0  sys.o ABSOLUTE
    check.c                                  0x00000000   Number         0  check.o ABSOLUTE
    chess.c                                  0x00000000   Number         0  chess.o ABSOLUTE
    dc.s                                     0x00000000   Number         0  dc.o ABSOLUTE
    font.c                                   0x00000000   Number         0  font.o ABSOLUTE
    main.c                                   0x00000000   Number         0  main.o ABSOLUTE
    stm32f10x_it.c                           0x00000000   Number         0  stm32f10x_it.o ABSOLUTE
    system_stm32f10x.c                       0x00000000   Number         0  system_stm32f10x.o ABSOLUTE
    RESET                                    0x08000000   Section      304  startup_stm32f10x_hd.o(RESET)
    !!!main                                  0x08000130   Section        8  __main.o(!!!main)
    !!!scatter                               0x08000138   Section       52  __scatter.o(!!!scatter)
    !!dclz77c                                0x0800016c   Section      100  __dclz77c.o(!!dclz77c)
    !!handler_zi                             0x080001d0   Section       28  __scatter_zi.o(!!handler_zi)
    .ARM.Collect$$_printf_percent$$00000000  0x080001ec   Section        0  _printf_percent.o(.ARM.Collect$$_printf_percent$$00000000)
    .ARM.Collect$$_printf_percent$$00000009  0x080001ec   Section        6  _printf_d.o(.ARM.Collect$$_printf_percent$$00000009)
    .ARM.Collect$$_printf_percent$$00000017  0x080001f2   Section        4  _printf_percent_end.o(.ARM.Collect$$_printf_percent$$00000017)
    .ARM.Collect$$libinit$$00000000          0x080001f6   Section        2  libinit.o(.ARM.Collect$$libinit$$00000000)
    .ARM.Collect$$libinit$$00000002          0x080001f8   Section        0  libinit2.o(.ARM.Collect$$libinit$$00000002)
    .ARM.Collect$$libinit$$00000004          0x080001f8   Section        0  libinit2.o(.ARM.Collect$$libinit$$00000004)
    .ARM.Collect$$libinit$$0000000A          0x080001f8   Section        0  libinit2.o(.ARM.Collect$$libinit$$0000000A)
    .ARM.Collect$$libinit$$0000000C          0x080001f8   Section        0  libinit2.o(.ARM.Collect$$libinit$$0000000C)
    .ARM.Collect$$libinit$$0000000E          0x080001f8   Section        0  libinit2.o(.ARM.Collect$$libinit$$0000000E)
    .ARM.Collect$$libinit$$00000011          0x080001f8   Section        0  libinit2.o(.ARM.Collect$$libinit$$00000011)
    .ARM.Collect$$libinit$$00000013          0x080001f8   Section        0  libinit2.o(.ARM.Collect$$libinit$$00000013)
    .ARM.Collect$$libinit$$00000015          0x080001f8   Section        0  libinit2.o(.ARM.Collect$$libinit$$00000015)
    .ARM.Collect$$libinit$$00000017          0x080001f8   Section        0  libinit2.o(.ARM.Collect$$libinit$$00000017)
    .ARM.Collect$$libinit$$00000019          0x080001f8   Section        0  libinit2.o(.ARM.Collect$$libinit$$00000019)
    .ARM.Collect$$libinit$$0000001B          0x080001f8   Section        0  libinit2.o(.ARM.Collect$$libinit$$0000001B)
    .ARM.Collect$$libinit$$0000001D          0x080001f8   Section        0  libinit2.o(.ARM.Collect$$libinit$$0000001D)
    .ARM.Collect$$libinit$$0000001F          0x080001f8   Section        0  libinit2.o(.ARM.Collect$$libinit$$0000001F)
    .ARM.Collect$$libinit$$00000021          0x080001f8   Section        0  libinit2.o(.ARM.Collect$$libinit$$00000021)
    .ARM.Collect$$libinit$$00000023          0x080001f8   Section        0  libinit2.o(.ARM.Collect$$libinit$$00000023)
    .ARM.Collect$$libinit$$00000025          0x080001f8   Section        0  libinit2.o(.ARM.Collect$$libinit$$00000025)
    .ARM.Collect$$libinit$$0000002C          0x080001f8   Section        0  libinit2.o(.ARM.Collect$$libinit$$0000002C)
    .ARM.Collect$$libinit$$0000002E          0x080001f8   Section        0  libinit2.o(.ARM.Collect$$libinit$$0000002E)
    .ARM.Collect$$libinit$$00000030          0x080001f8   Section        0  libinit2.o(.ARM.Collect$$libinit$$00000030)
    .ARM.Collect$$libinit$$00000032          0x080001f8   Section        0  libinit2.o(.ARM.Collect$$libinit$$00000032)
    .ARM.Collect$$libinit$$00000033          0x080001f8   Section        2  libinit2.o(.ARM.Collect$$libinit$$00000033)
    .ARM.Collect$$libshutdown$$00000000      0x080001fa   Section        2  libshutdown.o(.ARM.Collect$$libshutdown$$00000000)
    .ARM.Collect$$libshutdown$$00000002      0x080001fc   Section        0  libshutdown2.o(.ARM.Collect$$libshutdown$$00000002)
    .ARM.Collect$$libshutdown$$00000004      0x080001fc   Section        0  libshutdown2.o(.ARM.Collect$$libshutdown$$00000004)
    .ARM.Collect$$libshutdown$$00000007      0x080001fc   Section        0  libshutdown2.o(.ARM.Collect$$libshutdown$$00000007)
    .ARM.Collect$$libshutdown$$0000000A      0x080001fc   Section        0  libshutdown2.o(.ARM.Collect$$libshutdown$$0000000A)
    .ARM.Collect$$libshutdown$$0000000C      0x080001fc   Section        0  libshutdown2.o(.ARM.Collect$$libshutdown$$0000000C)
    .ARM.Collect$$libshutdown$$0000000F      0x080001fc   Section        0  libshutdown2.o(.ARM.Collect$$libshutdown$$0000000F)
    .ARM.Collect$$libshutdown$$00000010      0x080001fc   Section        2  libshutdown2.o(.ARM.Collect$$libshutdown$$00000010)
    .ARM.Collect$$rtentry$$00000000          0x080001fe   Section        0  __rtentry.o(.ARM.Collect$$rtentry$$00000000)
    .ARM.Collect$$rtentry$$00000002          0x080001fe   Section        0  __rtentry2.o(.ARM.Collect$$rtentry$$00000002)
    .ARM.Collect$$rtentry$$00000004          0x080001fe   Section        6  __rtentry4.o(.ARM.Collect$$rtentry$$00000004)
    .ARM.Collect$$rtentry$$00000009          0x08000204   Section        0  __rtentry2.o(.ARM.Collect$$rtentry$$00000009)
    .ARM.Collect$$rtentry$$0000000A          0x08000204   Section        4  __rtentry2.o(.ARM.Collect$$rtentry$$0000000A)
    .ARM.Collect$$rtentry$$0000000C          0x08000208   Section        0  __rtentry2.o(.ARM.Collect$$rtentry$$0000000C)
    .ARM.Collect$$rtentry$$0000000D          0x08000208   Section        8  __rtentry2.o(.ARM.Collect$$rtentry$$0000000D)
    .ARM.Collect$$rtexit$$00000000           0x08000210   Section        2  rtexit.o(.ARM.Collect$$rtexit$$00000000)
    .ARM.Collect$$rtexit$$00000002           0x08000212   Section        0  rtexit2.o(.ARM.Collect$$rtexit$$00000002)
    .ARM.Collect$$rtexit$$00000003           0x08000212   Section        4  rtexit2.o(.ARM.Collect$$rtexit$$00000003)
    .ARM.Collect$$rtexit$$00000004           0x08000216   Section        6  rtexit2.o(.ARM.Collect$$rtexit$$00000004)
    .text                                    0x0800021c   Section        0  main.o(.text)
    .text                                    0x08000730   Section        0  stm32f10x_it.o(.text)
    .text                                    0x0800074c   Section        0  system_stm32f10x.o(.text)
    SetSysClockTo72                          0x0800074d   Thumb Code   214  system_stm32f10x.o(.text)
    SetSysClock                              0x08000823   Thumb Code     8  system_stm32f10x.o(.text)
    .text                                    0x0800092c   Section        0  chess.o(.text)
    .text                                    0x08000ea4   Section        0  check.o(.text)
    .text                                    0x08001670   Section        0  lcd.o(.text)
    .text                                    0x080065b0   Section        0  displaychess.o(.text)
    .text                                    0x08006c40   Section        0  exti.o(.text)
    .text                                    0x08006cac   Section        0  beep.o(.text)
    .text                                    0x08006ce4   Section        0  bsp_spiflash.o(.text)
    .text                                    0x080070c4   Section        0  bsp_touch.o(.text)
    TP_Write_Byte                            0x080070c5   Thumb Code    54  bsp_touch.o(.text)
    TP_Read_AD                               0x080070fb   Thumb Code   126  bsp_touch.o(.text)
    TP_Read_XOY                              0x08007179   Thumb Code   120  bsp_touch.o(.text)
    TP_Read_XY                               0x080071f1   Thumb Code    38  bsp_touch.o(.text)
    TP_Read_XY2                              0x08007217   Thumb Code   128  bsp_touch.o(.text)
    TP_Drow_Touch_Point                      0x08007297   Thumb Code   118  bsp_touch.o(.text)
    TP_Adj_Info_Show                         0x0800730d   Thumb Code   298  bsp_touch.o(.text)
    TP_ADJ                                   0x08007589   Thumb Code   270  bsp_touch.o(.text)
    TP_Adjust                                0x08007697   Thumb Code   810  bsp_touch.o(.text)
    Flash_TouchCalibrate                     0x080079c1   Thumb Code    98  bsp_touch.o(.text)
    .text                                    0x08007ad8   Section        0  spi.o(.text)
    .text                                    0x08007cec   Section        0  delay.o(.text)
    .text                                    0x08007dc0   Section        0  usart.o(.text)
    .text                                    0x08007f00   Section       64  startup_stm32f10x_hd.o(.text)
    .text                                    0x08007f40   Section        0  misc.o(.text)
    .text                                    0x0800801c   Section        0  stm32f10x_fsmc.o(.text)
    .text                                    0x08008628   Section        0  stm32f10x_gpio.o(.text)
    .text                                    0x08008984   Section        0  stm32f10x_rcc.o(.text)
    .text                                    0x08008d28   Section        0  stm32f10x_usart.o(.text)
    .text                                    0x08009130   Section        0  stm32f10x_exti.o(.text)
    .text                                    0x0800924c   Section        0  stm32f10x_spi.o(.text)
    .text                                    0x08009558   Section        2  use_no_semi_2.o(.text)
    .text                                    0x0800955c   Section        0  noretval__2sprintf.o(.text)
    .text                                    0x08009584   Section        0  _printf_pad.o(.text)
    .text                                    0x080095d4   Section        0  _printf_dec.o(.text)
    .text                                    0x0800964c   Section        0  __printf_flags_wp.o(.text)
    .text                                    0x08009784   Section        0  heapauxi.o(.text)
    .text                                    0x0800978a   Section        2  use_no_semi.o(.text)
    .text                                    0x0800978c   Section        0  _rserrno.o(.text)
    .text                                    0x080097a2   Section        0  _printf_intcommon.o(.text)
    .text                                    0x08009854   Section        0  _printf_char_common.o(.text)
    _printf_input_char                       0x08009855   Thumb Code    10  _printf_char_common.o(.text)
    .text                                    0x08009884   Section        0  _sputc.o(.text)
    .text                                    0x08009890   Section        8  rt_errno_addr_intlibspace.o(.text)
    .text                                    0x08009898   Section        8  libspace.o(.text)
    .text                                    0x080098a0   Section       74  sys_stackheap_outer.o(.text)
    .text                                    0x080098ea   Section        0  exit.o(.text)
    i._is_digit                              0x080098fc   Section        0  __printf_wp.o(i._is_digit)
    i.sqrt                                   0x0800990a   Section        0  sqrt.o(i.sqrt)
    x$fpl$dadd                               0x08009958   Section      336  daddsub_clz.o(x$fpl$dadd)
    _dadd1                                   0x08009969   Thumb Code     0  daddsub_clz.o(x$fpl$dadd)
    x$fpl$dcmpinf                            0x08009aa8   Section       24  dcmpi.o(x$fpl$dcmpinf)
    x$fpl$ddiv                               0x08009ac0   Section      688  ddiv.o(x$fpl$ddiv)
    ddiv_entry                               0x08009ac7   Thumb Code     0  ddiv.o(x$fpl$ddiv)
    x$fpl$dfix                               0x08009d70   Section       94  dfix.o(x$fpl$dfix)
    x$fpl$dfixu                              0x08009dd0   Section       90  dfixu.o(x$fpl$dfixu)
    x$fpl$dflt                               0x08009e2a   Section       46  dflt_clz.o(x$fpl$dflt)
    x$fpl$dfltu                              0x08009e58   Section       38  dflt_clz.o(x$fpl$dfltu)
    x$fpl$dleqf                              0x08009e80   Section      120  dleqf.o(x$fpl$dleqf)
    x$fpl$dmul                               0x08009ef8   Section      340  dmul.o(x$fpl$dmul)
    x$fpl$dnaninf                            0x0800a04c   Section      156  dnaninf.o(x$fpl$dnaninf)
    x$fpl$dretinf                            0x0800a0e8   Section       12  dretinf.o(x$fpl$dretinf)
    x$fpl$drleqf                             0x0800a0f4   Section      108  drleqf.o(x$fpl$drleqf)
    x$fpl$dsqrt                              0x0800a160   Section      460  dsqrt_noumaal.o(x$fpl$dsqrt)
    x$fpl$dsub                               0x0800a32c   Section      468  daddsub_clz.o(x$fpl$dsub)
    _dsub1                                   0x0800a33d   Thumb Code     0  daddsub_clz.o(x$fpl$dsub)
    x$fpl$f2d                                0x0800a500   Section       86  f2d.o(x$fpl$f2d)
    x$fpl$fadd                               0x0800a558   Section      196  faddsub_clz.o(x$fpl$fadd)
    _fadd1                                   0x0800a567   Thumb Code     0  faddsub_clz.o(x$fpl$fadd)
    x$fpl$fdiv                               0x0800a61c   Section      388  fdiv.o(x$fpl$fdiv)
    _fdiv1                                   0x0800a61d   Thumb Code     0  fdiv.o(x$fpl$fdiv)
    x$fpl$ffix                               0x0800a7a0   Section       54  ffix.o(x$fpl$ffix)
    x$fpl$ffixu                              0x0800a7d8   Section       62  ffixu.o(x$fpl$ffixu)
    x$fpl$fflt                               0x0800a818   Section       48  fflt_clz.o(x$fpl$fflt)
    x$fpl$ffltu                              0x0800a848   Section       38  fflt_clz.o(x$fpl$ffltu)
    x$fpl$fmul                               0x0800a870   Section      258  fmul.o(x$fpl$fmul)
    x$fpl$fnaninf                            0x0800a972   Section      140  fnaninf.o(x$fpl$fnaninf)
    x$fpl$fretinf                            0x0800a9fe   Section       10  fretinf.o(x$fpl$fretinf)
    x$fpl$fsub                               0x0800aa08   Section      234  faddsub_clz.o(x$fpl$fsub)
    _fsub1                                   0x0800aa17   Thumb Code     0  faddsub_clz.o(x$fpl$fsub)
    x$fpl$usenofp                            0x0800aaf2   Section        0  usenofp.o(x$fpl$usenofp)
    .constdata                               0x0800aaf4   Section    16184  font.o(.constdata)
    .constdata                               0x0800ea2c   Section       12  bsp_touch.o(.constdata)
    .constdata                               0x0800ea38   Section       17  __printf_flags_wp.o(.constdata)
    maptable                                 0x0800ea38   Data          17  __printf_flags_wp.o(.constdata)
    .conststring                             0x0800ea4c   Section      121  bsp_touch.o(.conststring)
    .data                                    0x20000000   Section        2  main.o(.data)
    .data                                    0x20000004   Section       20  system_stm32f10x.o(.data)
    .data                                    0x20000018   Section      610  chess.o(.data)
    .data                                    0x2000027a   Section        4  lcd.o(.data)
    .data                                    0x20000280   Section       24  displaychess.o(.data)
    .data                                    0x20000298   Section        2  bsp_spiflash.o(.data)
    .data                                    0x2000029c   Section        8  bsp_touch.o(.data)
    .data                                    0x200002a4   Section        1  spi.o(.data)
    g_spi_busy                               0x200002a4   Data           1  spi.o(.data)
    .data                                    0x200002a6   Section        4  delay.o(.data)
    fac_us                                   0x200002a6   Data           1  delay.o(.data)
    fac_ms                                   0x200002a8   Data           2  delay.o(.data)
    .data                                    0x200002ac   Section        6  usart.o(.data)
    .data                                    0x200002b2   Section       20  stm32f10x_rcc.o(.data)
    APBAHBPrescTable                         0x200002b2   Data          16  stm32f10x_rcc.o(.data)
    ADCPrescTable                            0x200002c2   Data           4  stm32f10x_rcc.o(.data)
    .bss                                     0x200002c8   Section       14  lcd.o(.bss)
    .bss                                     0x200002d6   Section       38  displaychess.o(.bss)
    .bss                                     0x200002fc   Section     4096  bsp_spiflash.o(.bss)
    .bss                                     0x200012fc   Section       36  bsp_touch.o(.bss)
    .bss                                     0x20001320   Section      200  usart.o(.bss)
    .bss                                     0x200013e8   Section       96  libspace.o(.bss)
    HEAP                                     0x20001448   Section      512  startup_stm32f10x_hd.o(HEAP)
    Heap_Mem                                 0x20001448   Data         512  startup_stm32f10x_hd.o(HEAP)
    STACK                                    0x20001648   Section     1024  startup_stm32f10x_hd.o(STACK)
    Stack_Mem                                0x20001648   Data        1024  startup_stm32f10x_hd.o(STACK)
    __initial_sp                             0x20001a48   Data           0  startup_stm32f10x_hd.o(STACK)

    Global Symbols

    Symbol Name                              Value     Ov Type        Size  Object(Section)

    BuildAttributes$$THM_ISAv4$P$D$K$B$S$PE$A:L22UL41UL21$X:L11$S22US41US21$IEEE1$IW$USESV6$~STKCKD$USESV7$~SHL$OTIME$ROPI$IEEEJ$EBA8$UX$STANDARDLIB$REQ8$PRES8$EABIv2 0x00000000   Number         0  anon$$obj.o ABSOLUTE
    __ARM_use_no_argv                        0x00000000   Number         0  main.o ABSOLUTE
    _printf_flags                            0x00000000   Number         0  printf_stubs.o ABSOLUTE
    _printf_return_value                     0x00000000   Number         0  printf_stubs.o ABSOLUTE
    _printf_sizespec                         0x00000000   Number         0  printf_stubs.o ABSOLUTE
    _printf_widthprec                        0x00000000   Number         0  printf_stubs.o ABSOLUTE
    __ARM_exceptions_init                     - Undefined Weak Reference
    __alloca_initialize                       - Undefined Weak Reference
    __arm_preinit_                            - Undefined Weak Reference
    __cpp_initialize__aeabi_                  - Undefined Weak Reference
    __cxa_finalize                            - Undefined Weak Reference
    __rt_locale                               - Undefined Weak Reference
    __sigvec_lookup                           - Undefined Weak Reference
    _atexit_init                              - Undefined Weak Reference
    _call_atexit_fns                          - Undefined Weak Reference
    _clock_init                               - Undefined Weak Reference
    _fp_trap_init                             - Undefined Weak Reference
    _fp_trap_shutdown                         - Undefined Weak Reference
    _get_lc_collate                           - Undefined Weak Reference
    _get_lc_ctype                             - Undefined Weak Reference
    _get_lc_monetary                          - Undefined Weak Reference
    _get_lc_numeric                           - Undefined Weak Reference
    _get_lc_time                              - Undefined Weak Reference
    _getenv_init                              - Undefined Weak Reference
    _handle_redirection                       - Undefined Weak Reference
    _init_alloc                               - Undefined Weak Reference
    _init_user_alloc                          - Undefined Weak Reference
    _initio                                   - Undefined Weak Reference
    _mutex_acquire                            - Undefined Weak Reference
    _mutex_release                            - Undefined Weak Reference
    _printf_truncate_signed                   - Undefined Weak Reference
    _printf_truncate_unsigned                 - Undefined Weak Reference
    _rand_init                                - Undefined Weak Reference
    _signal_finish                            - Undefined Weak Reference
    _signal_init                              - Undefined Weak Reference
    _terminate_alloc                          - Undefined Weak Reference
    _terminate_user_alloc                     - Undefined Weak Reference
    _terminateio                              - Undefined Weak Reference
    __Vectors_Size                           0x00000130   Number         0  startup_stm32f10x_hd.o ABSOLUTE
    __Vectors                                0x08000000   Data           4  startup_stm32f10x_hd.o(RESET)
    __Vectors_End                            0x08000130   Data           0  startup_stm32f10x_hd.o(RESET)
    __main                                   0x08000131   Thumb Code     8  __main.o(!!!main)
    __scatterload                            0x08000139   Thumb Code     0  __scatter.o(!!!scatter)
    __scatterload_rt2                        0x08000139   Thumb Code    44  __scatter.o(!!!scatter)
    __scatterload_rt2_thumb_only             0x08000139   Thumb Code     0  __scatter.o(!!!scatter)
    __scatterload_null                       0x08000147   Thumb Code     0  __scatter.o(!!!scatter)
    __decompress                             0x0800016d   Thumb Code   100  __dclz77c.o(!!dclz77c)
    __decompress2                            0x0800016d   Thumb Code     0  __dclz77c.o(!!dclz77c)
    __scatterload_zeroinit                   0x080001d1   Thumb Code    28  __scatter_zi.o(!!handler_zi)
    _printf_d                                0x080001ed   Thumb Code     0  _printf_d.o(.ARM.Collect$$_printf_percent$$00000009)
    _printf_percent                          0x080001ed   Thumb Code     0  _printf_percent.o(.ARM.Collect$$_printf_percent$$00000000)
    _printf_percent_end                      0x080001f3   Thumb Code     0  _printf_percent_end.o(.ARM.Collect$$_printf_percent$$00000017)
    __rt_lib_init                            0x080001f7   Thumb Code     0  libinit.o(.ARM.Collect$$libinit$$00000000)
    __rt_lib_init_alloca_1                   0x080001f9   Thumb Code     0  libinit2.o(.ARM.Collect$$libinit$$0000002E)
    __rt_lib_init_argv_1                     0x080001f9   Thumb Code     0  libinit2.o(.ARM.Collect$$libinit$$0000002C)
    __rt_lib_init_atexit_1                   0x080001f9   Thumb Code     0  libinit2.o(.ARM.Collect$$libinit$$0000001B)
    __rt_lib_init_clock_1                    0x080001f9   Thumb Code     0  libinit2.o(.ARM.Collect$$libinit$$00000021)
    __rt_lib_init_cpp_1                      0x080001f9   Thumb Code     0  libinit2.o(.ARM.Collect$$libinit$$00000032)
    __rt_lib_init_exceptions_1               0x080001f9   Thumb Code     0  libinit2.o(.ARM.Collect$$libinit$$00000030)
    __rt_lib_init_fp_1                       0x080001f9   Thumb Code     0  libinit2.o(.ARM.Collect$$libinit$$00000002)
    __rt_lib_init_fp_trap_1                  0x080001f9   Thumb Code     0  libinit2.o(.ARM.Collect$$libinit$$0000001F)
    __rt_lib_init_getenv_1                   0x080001f9   Thumb Code     0  libinit2.o(.ARM.Collect$$libinit$$00000023)
    __rt_lib_init_heap_1                     0x080001f9   Thumb Code     0  libinit2.o(.ARM.Collect$$libinit$$0000000A)
    __rt_lib_init_lc_collate_1               0x080001f9   Thumb Code     0  libinit2.o(.ARM.Collect$$libinit$$00000011)
    __rt_lib_init_lc_ctype_1                 0x080001f9   Thumb Code     0  libinit2.o(.ARM.Collect$$libinit$$00000013)
    __rt_lib_init_lc_monetary_1              0x080001f9   Thumb Code     0  libinit2.o(.ARM.Collect$$libinit$$00000015)
    __rt_lib_init_lc_numeric_1               0x080001f9   Thumb Code     0  libinit2.o(.ARM.Collect$$libinit$$00000017)
    __rt_lib_init_lc_time_1                  0x080001f9   Thumb Code     0  libinit2.o(.ARM.Collect$$libinit$$00000019)
    __rt_lib_init_preinit_1                  0x080001f9   Thumb Code     0  libinit2.o(.ARM.Collect$$libinit$$00000004)
    __rt_lib_init_rand_1                     0x080001f9   Thumb Code     0  libinit2.o(.ARM.Collect$$libinit$$0000000E)
    __rt_lib_init_return                     0x080001f9   Thumb Code     0  libinit2.o(.ARM.Collect$$libinit$$00000033)
    __rt_lib_init_signal_1                   0x080001f9   Thumb Code     0  libinit2.o(.ARM.Collect$$libinit$$0000001D)
    __rt_lib_init_stdio_1                    0x080001f9   Thumb Code     0  libinit2.o(.ARM.Collect$$libinit$$00000025)
    __rt_lib_init_user_alloc_1               0x080001f9   Thumb Code     0  libinit2.o(.ARM.Collect$$libinit$$0000000C)
    __rt_lib_shutdown                        0x080001fb   Thumb Code     0  libshutdown.o(.ARM.Collect$$libshutdown$$00000000)
    __rt_lib_shutdown_cpp_1                  0x080001fd   Thumb Code     0  libshutdown2.o(.ARM.Collect$$libshutdown$$00000002)
    __rt_lib_shutdown_fp_trap_1              0x080001fd   Thumb Code     0  libshutdown2.o(.ARM.Collect$$libshutdown$$00000007)
    __rt_lib_shutdown_heap_1                 0x080001fd   Thumb Code     0  libshutdown2.o(.ARM.Collect$$libshutdown$$0000000F)
    __rt_lib_shutdown_return                 0x080001fd   Thumb Code     0  libshutdown2.o(.ARM.Collect$$libshutdown$$00000010)
    __rt_lib_shutdown_signal_1               0x080001fd   Thumb Code     0  libshutdown2.o(.ARM.Collect$$libshutdown$$0000000A)
    __rt_lib_shutdown_stdio_1                0x080001fd   Thumb Code     0  libshutdown2.o(.ARM.Collect$$libshutdown$$00000004)
    __rt_lib_shutdown_user_alloc_1           0x080001fd   Thumb Code     0  libshutdown2.o(.ARM.Collect$$libshutdown$$0000000C)
    __rt_entry                               0x080001ff   Thumb Code     0  __rtentry.o(.ARM.Collect$$rtentry$$00000000)
    __rt_entry_presh_1                       0x080001ff   Thumb Code     0  __rtentry2.o(.ARM.Collect$$rtentry$$00000002)
    __rt_entry_sh                            0x080001ff   Thumb Code     0  __rtentry4.o(.ARM.Collect$$rtentry$$00000004)
    __rt_entry_li                            0x08000205   Thumb Code     0  __rtentry2.o(.ARM.Collect$$rtentry$$0000000A)
    __rt_entry_postsh_1                      0x08000205   Thumb Code     0  __rtentry2.o(.ARM.Collect$$rtentry$$00000009)
    __rt_entry_main                          0x08000209   Thumb Code     0  __rtentry2.o(.ARM.Collect$$rtentry$$0000000D)
    __rt_entry_postli_1                      0x08000209   Thumb Code     0  __rtentry2.o(.ARM.Collect$$rtentry$$0000000C)
    __rt_exit                                0x08000211   Thumb Code     0  rtexit.o(.ARM.Collect$$rtexit$$00000000)
    __rt_exit_ls                             0x08000213   Thumb Code     0  rtexit2.o(.ARM.Collect$$rtexit$$00000003)
    __rt_exit_prels_1                        0x08000213   Thumb Code     0  rtexit2.o(.ARM.Collect$$rtexit$$00000002)
    __rt_exit_exit                           0x08000217   Thumb Code     0  rtexit2.o(.ARM.Collect$$rtexit$$00000004)
    main                                     0x0800021d   Thumb Code   864  main.o(.text)
    EXTI4_IRQHandler                         0x0800057d   Thumb Code   408  main.o(.text)
    NMI_Handler                              0x08000731   Thumb Code     2  stm32f10x_it.o(.text)
    HardFault_Handler                        0x08000733   Thumb Code     4  stm32f10x_it.o(.text)
    MemManage_Handler                        0x08000737   Thumb Code     4  stm32f10x_it.o(.text)
    BusFault_Handler                         0x0800073b   Thumb Code     4  stm32f10x_it.o(.text)
    UsageFault_Handler                       0x0800073f   Thumb Code     4  stm32f10x_it.o(.text)
    SVC_Handler                              0x08000743   Thumb Code     2  stm32f10x_it.o(.text)
    DebugMon_Handler                         0x08000745   Thumb Code     2  stm32f10x_it.o(.text)
    PendSV_Handler                           0x08000747   Thumb Code     2  stm32f10x_it.o(.text)
    SysTick_Handler                          0x08000749   Thumb Code     2  stm32f10x_it.o(.text)
    SystemInit                               0x0800082b   Thumb Code    78  system_stm32f10x.o(.text)
    SystemCoreClockUpdate                    0x08000879   Thumb Code   142  system_stm32f10x.o(.text)
    car                                      0x0800092d   Thumb Code   222  chess.o(.text)
    horse                                    0x08000a0b   Thumb Code   154  chess.o(.text)
    elephant                                 0x08000aa5   Thumb Code   168  chess.o(.text)
    guard                                    0x08000b4d   Thumb Code   116  chess.o(.text)
    general                                  0x08000bc1   Thumb Code   114  chess.o(.text)
    cannon                                   0x08000c33   Thumb Code   256  chess.o(.text)
    soldier                                  0x08000d33   Thumb Code   148  chess.o(.text)
    change                                   0x08000dc7   Thumb Code   120  chess.o(.text)
    backChange                               0x08000e3f   Thumb Code    94  chess.o(.text)
    generalLine                              0x08000ea5   Thumb Code    74  check.o(.text)
    check                                    0x08000eef   Thumb Code   194  check.o(.text)
    tryMove                                  0x08000fb1   Thumb Code   126  check.o(.text)
    judgePosition                            0x0800102f   Thumb Code    92  check.o(.text)
    escapeFromCannon                         0x0800108b   Thumb Code   904  check.o(.text)
    judgeWin                                 0x08001413   Thumb Code   594  check.o(.text)
    LCD_WR_REG                               0x08001671   Thumb Code     6  lcd.o(.text)
    LCD_WR_DATA                              0x08001677   Thumb Code     8  lcd.o(.text)
    LCD_RD_DATA                              0x0800167f   Thumb Code    16  lcd.o(.text)
    LCD_WriteReg                             0x0800168f   Thumb Code    10  lcd.o(.text)
    LCD_ReadReg                              0x08001699   Thumb Code    22  lcd.o(.text)
    LCD_WriteRAM_Prepare                     0x080016af   Thumb Code    10  lcd.o(.text)
    LCD_WriteRAM                             0x080016b9   Thumb Code     8  lcd.o(.text)
    LCD_BGR2RGB                              0x080016c1   Thumb Code    26  lcd.o(.text)
    opt_delay                                0x080016db   Thumb Code    14  lcd.o(.text)
    LCD_SetCursor                            0x080016e9   Thumb Code   418  lcd.o(.text)
    LCD_ReadPoint                            0x0800188b   Thumb Code   360  lcd.o(.text)
    LCD_DisplayOn                            0x080019f3   Thumb Code   102  lcd.o(.text)
    LCD_DisplayOff                           0x08001a59   Thumb Code    90  lcd.o(.text)
    LCD_Scan_Dir                             0x08001ab3   Thumb Code   744  lcd.o(.text)
    LCD_DrawPoint                            0x08001d9b   Thumb Code    28  lcd.o(.text)
    LCD_Fast_DrawPoint                       0x08001db7   Thumb Code   384  lcd.o(.text)
    LCD_SSD_BackLightSet                     0x08001f37   Thumb Code    80  lcd.o(.text)
    LCD_Display_Dir                          0x08001f87   Thumb Code   444  lcd.o(.text)
    LCD_Set_Window                           0x08002143   Thumb Code   540  lcd.o(.text)
    LCD_Clear                                0x0800235f   Thumb Code   100  lcd.o(.text)
    LCD_Init                                 0x080023c3   Thumb Code 14158  lcd.o(.text)
    LCD_Fill                                 0x08005b11   Thumb Code   178  lcd.o(.text)
    LCD_Color_Fill                           0x08005bc3   Thumb Code   104  lcd.o(.text)
    LCD_DrawLine                             0x08005c2b   Thumb Code   176  lcd.o(.text)
    LCD_DrawRectangle                        0x08005cdb   Thumb Code    60  lcd.o(.text)
    LCD_Draw_Circle                          0x08005d17   Thumb Code   152  lcd.o(.text)
    LCD_ShowChar                             0x08005daf   Thumb Code   272  lcd.o(.text)
    LCD_Pow                                  0x08005ebf   Thumb Code    22  lcd.o(.text)
    LCD_ShowNum                              0x08005ed5   Thumb Code   148  lcd.o(.text)
    LCD_ShowxNum                             0x08005f69   Thumb Code   220  lcd.o(.text)
    LCD_ShowString                           0x08006045   Thumb Code   102  lcd.o(.text)
    LCD_Fill_Circle                          0x080060ab   Thumb Code   140  lcd.o(.text)
    write_Chinese                            0x08006137   Thumb Code   246  lcd.o(.text)
    pieceWrite                               0x0800622d   Thumb Code   716  lcd.o(.text)
    chess_DrawLine                           0x080064f9   Thumb Code   180  lcd.o(.text)
    makePiece                                0x080065b1   Thumb Code    68  displaychess.o(.text)
    initPiece                                0x080065f5   Thumb Code    22  displaychess.o(.text)
    initUI                                   0x0800660b   Thumb Code   416  displaychess.o(.text)
    clearPiece                               0x080067ab   Thumb Code   462  displaychess.o(.text)
    selectPiece                              0x08006979   Thumb Code   154  displaychess.o(.text)
    deSelectPiece                            0x08006a13   Thumb Code    68  displaychess.o(.text)
    getPath                                  0x08006a57   Thumb Code   426  displaychess.o(.text)
    extiInit                                 0x08006c41   Thumb Code    70  exti.o(.text)
    KEY_Init                                 0x08006c87   Thumb Code    32  exti.o(.text)
    BEEP_Init                                0x08006cad   Thumb Code    50  beep.o(.text)
    SPI_Flash_ReadSR                         0x08006ce5   Thumb Code    36  bsp_spiflash.o(.text)
    SPI_FLASH_Write_SR                       0x08006d09   Thumb Code    32  bsp_spiflash.o(.text)
    SPI_FLASH_Write_Enable                   0x08006d29   Thumb Code    24  bsp_spiflash.o(.text)
    SPI_FLASH_Write_Disable                  0x08006d41   Thumb Code    24  bsp_spiflash.o(.text)
    SPI_Flash_Wait_Busy                      0x08006d59   Thumb Code    18  bsp_spiflash.o(.text)
    SPI_Flash_ReadID                         0x08006d6b   Thumb Code    64  bsp_spiflash.o(.text)
    SPI_Flash_Erase_Chip                     0x08006dab   Thumb Code    36  bsp_spiflash.o(.text)
    SPI_Flash_Erase_Sector                   0x08006dcf   Thumb Code    62  bsp_spiflash.o(.text)
    SPI_Flash_PowerDown                      0x08006e0d   Thumb Code    30  bsp_spiflash.o(.text)
    SPI_Flash_WAKEUP                         0x08006e2b   Thumb Code    30  bsp_spiflash.o(.text)
    SPI_Flash_Read                           0x08006e49   Thumb Code    74  bsp_spiflash.o(.text)
    SPI_Flash_Write_Page                     0x08006e93   Thumb Code    80  bsp_spiflash.o(.text)
    SPI_Flash_Write_NoCheck                  0x08006ee3   Thumb Code    70  bsp_spiflash.o(.text)
    SPI_Flash_Write                          0x08006f29   Thumb Code   180  bsp_spiflash.o(.text)
    SPI_Flash_Init                           0x08006fdd   Thumb Code    80  bsp_spiflash.o(.text)
    SPI_Flash_Read_TDMA                      0x0800702d   Thumb Code    38  bsp_spiflash.o(.text)
    SPI_Flash_Write_TDMA                     0x08007053   Thumb Code    38  bsp_spiflash.o(.text)
    SPI_Flash_Erase_Chip_TDMA                0x08007079   Thumb Code    26  bsp_spiflash.o(.text)
    SPI_Flash_Erase_Sector_TDMA              0x08007093   Thumb Code    30  bsp_spiflash.o(.text)
    TP_Scan                                  0x08007437   Thumb Code   338  bsp_touch.o(.text)
    TP_Init                                  0x08007a23   Thumb Code   130  bsp_touch.o(.text)
    SPI1_ReadWriteByte                       0x08007ad9   Thumb Code    78  spi.o(.text)
    SPI1_Init                                0x08007b27   Thumb Code   128  spi.o(.text)
    SPI1_SetSpeed                            0x08007ba7   Thumb Code    34  spi.o(.text)
    SPI2_ReadWriteByte                       0x08007bc9   Thumb Code    78  spi.o(.text)
    SPI2_Init                                0x08007c17   Thumb Code   136  spi.o(.text)
    SPI2_SetSpeed                            0x08007c9f   Thumb Code    34  spi.o(.text)
    bsp_SpiBusEnter                          0x08007cc1   Thumb Code     8  spi.o(.text)
    bsp_SpiBusExit                           0x08007cc9   Thumb Code     8  spi.o(.text)
    bsp_SpiBusBusy                           0x08007cd1   Thumb Code     6  spi.o(.text)
    delay_init                               0x08007ced   Thumb Code    50  delay.o(.text)
    delay_us                                 0x08007d1f   Thumb Code    72  delay.o(.text)
    delay_ms                                 0x08007d67   Thumb Code    72  delay.o(.text)
    _sys_exit                                0x08007dc1   Thumb Code     4  usart.o(.text)
    fputc                                    0x08007dc5   Thumb Code    24  usart.o(.text)
    uart_init                                0x08007ddd   Thumb Code   152  usart.o(.text)
    USART1_IRQHandler                        0x08007e75   Thumb Code   122  usart.o(.text)
    Reset_Handler                            0x08007f01   Thumb Code     8  startup_stm32f10x_hd.o(.text)
    ADC1_2_IRQHandler                        0x08007f1b   Thumb Code     0  startup_stm32f10x_hd.o(.text)
    ADC3_IRQHandler                          0x08007f1b   Thumb Code     0  startup_stm32f10x_hd.o(.text)
    CAN1_RX1_IRQHandler                      0x08007f1b   Thumb Code     0  startup_stm32f10x_hd.o(.text)
    CAN1_SCE_IRQHandler                      0x08007f1b   Thumb Code     0  startup_stm32f10x_hd.o(.text)
    DMA1_Channel1_IRQHandler                 0x08007f1b   Thumb Code     0  startup_stm32f10x_hd.o(.text)
    DMA1_Channel2_IRQHandler                 0x08007f1b   Thumb Code     0  startup_stm32f10x_hd.o(.text)
    DMA1_Channel3_IRQHandler                 0x08007f1b   Thumb Code     0  startup_stm32f10x_hd.o(.text)
    DMA1_Channel4_IRQHandler                 0x08007f1b   Thumb Code     0  startup_stm32f10x_hd.o(.text)
    DMA1_Channel5_IRQHandler                 0x08007f1b   Thumb Code     0  startup_stm32f10x_hd.o(.text)
    DMA1_Channel6_IRQHandler                 0x08007f1b   Thumb Code     0  startup_stm32f10x_hd.o(.text)
    DMA1_Channel7_IRQHandler                 0x08007f1b   Thumb Code     0  startup_stm32f10x_hd.o(.text)
    DMA2_Channel1_IRQHandler                 0x08007f1b   Thumb Code     0  startup_stm32f10x_hd.o(.text)
    DMA2_Channel2_IRQHandler                 0x08007f1b   Thumb Code     0  startup_stm32f10x_hd.o(.text)
    DMA2_Channel3_IRQHandler                 0x08007f1b   Thumb Code     0  startup_stm32f10x_hd.o(.text)
    DMA2_Channel4_5_IRQHandler               0x08007f1b   Thumb Code     0  startup_stm32f10x_hd.o(.text)
    EXTI0_IRQHandler                         0x08007f1b   Thumb Code     0  startup_stm32f10x_hd.o(.text)
    EXTI15_10_IRQHandler                     0x08007f1b   Thumb Code     0  startup_stm32f10x_hd.o(.text)
    EXTI1_IRQHandler                         0x08007f1b   Thumb Code     0  startup_stm32f10x_hd.o(.text)
    EXTI2_IRQHandler                         0x08007f1b   Thumb Code     0  startup_stm32f10x_hd.o(.text)
    EXTI3_IRQHandler                         0x08007f1b   Thumb Code     0  startup_stm32f10x_hd.o(.text)
    EXTI9_5_IRQHandler                       0x08007f1b   Thumb Code     0  startup_stm32f10x_hd.o(.text)
    FLASH_IRQHandler                         0x08007f1b   Thumb Code     0  startup_stm32f10x_hd.o(.text)
    FSMC_IRQHandler                          0x08007f1b   Thumb Code     0  startup_stm32f10x_hd.o(.text)
    I2C1_ER_IRQHandler                       0x08007f1b   Thumb Code     0  startup_stm32f10x_hd.o(.text)
    I2C1_EV_IRQHandler                       0x08007f1b   Thumb Code     0  startup_stm32f10x_hd.o(.text)
    I2C2_ER_IRQHandler                       0x08007f1b   Thumb Code     0  startup_stm32f10x_hd.o(.text)
    I2C2_EV_IRQHandler                       0x08007f1b   Thumb Code     0  startup_stm32f10x_hd.o(.text)
    PVD_IRQHandler                           0x08007f1b   Thumb Code     0  startup_stm32f10x_hd.o(.text)
    RCC_IRQHandler                           0x08007f1b   Thumb Code     0  startup_stm32f10x_hd.o(.text)
    RTCAlarm_IRQHandler                      0x08007f1b   Thumb Code     0  startup_stm32f10x_hd.o(.text)
    RTC_IRQHandler                           0x08007f1b   Thumb Code     0  startup_stm32f10x_hd.o(.text)
    SDIO_IRQHandler                          0x08007f1b   Thumb Code     0  startup_stm32f10x_hd.o(.text)
    SPI1_IRQHandler                          0x08007f1b   Thumb Code     0  startup_stm32f10x_hd.o(.text)
    SPI2_IRQHandler                          0x08007f1b   Thumb Code     0  startup_stm32f10x_hd.o(.text)
    SPI3_IRQHandler                          0x08007f1b   Thumb Code     0  startup_stm32f10x_hd.o(.text)
    TAMPER_IRQHandler                        0x08007f1b   Thumb Code     0  startup_stm32f10x_hd.o(.text)
    TIM1_BRK_IRQHandler                      0x08007f1b   Thumb Code     0  startup_stm32f10x_hd.o(.text)
    TIM1_CC_IRQHandler                       0x08007f1b   Thumb Code     0  startup_stm32f10x_hd.o(.text)
    TIM1_TRG_COM_IRQHandler                  0x08007f1b   Thumb Code     0  startup_stm32f10x_hd.o(.text)
    TIM1_UP_IRQHandler                       0x08007f1b   Thumb Code     0  startup_stm32f10x_hd.o(.text)
    TIM2_IRQHandler                          0x08007f1b   Thumb Code     0  startup_stm32f10x_hd.o(.text)
    TIM3_IRQHandler                          0x08007f1b   Thumb Code     0  startup_stm32f10x_hd.o(.text)
    TIM4_IRQHandler                          0x08007f1b   Thumb Code     0  startup_stm32f10x_hd.o(.text)
    TIM5_IRQHandler                          0x08007f1b   Thumb Code     0  startup_stm32f10x_hd.o(.text)
    TIM6_IRQHandler                          0x08007f1b   Thumb Code     0  startup_stm32f10x_hd.o(.text)
    TIM7_IRQHandler                          0x08007f1b   Thumb Code     0  startup_stm32f10x_hd.o(.text)
    TIM8_BRK_IRQHandler                      0x08007f1b   Thumb Code     0  startup_stm32f10x_hd.o(.text)
    TIM8_CC_IRQHandler                       0x08007f1b   Thumb Code     0  startup_stm32f10x_hd.o(.text)
    TIM8_TRG_COM_IRQHandler                  0x08007f1b   Thumb Code     0  startup_stm32f10x_hd.o(.text)
    TIM8_UP_IRQHandler                       0x08007f1b   Thumb Code     0  startup_stm32f10x_hd.o(.text)
    UART4_IRQHandler                         0x08007f1b   Thumb Code     0  startup_stm32f10x_hd.o(.text)
    UART5_IRQHandler                         0x08007f1b   Thumb Code     0  startup_stm32f10x_hd.o(.text)
    USART2_IRQHandler                        0x08007f1b   Thumb Code     0  startup_stm32f10x_hd.o(.text)
    USART3_IRQHandler                        0x08007f1b   Thumb Code     0  startup_stm32f10x_hd.o(.text)
    USBWakeUp_IRQHandler                     0x08007f1b   Thumb Code     0  startup_stm32f10x_hd.o(.text)
    USB_HP_CAN1_TX_IRQHandler                0x08007f1b   Thumb Code     0  startup_stm32f10x_hd.o(.text)
    USB_LP_CAN1_RX0_IRQHandler               0x08007f1b   Thumb Code     0  startup_stm32f10x_hd.o(.text)
    WWDG_IRQHandler                          0x08007f1b   Thumb Code     0  startup_stm32f10x_hd.o(.text)
    __user_initial_stackheap                 0x08007f1d   Thumb Code     0  startup_stm32f10x_hd.o(.text)
    NVIC_PriorityGroupConfig                 0x08007f41   Thumb Code    10  misc.o(.text)
    NVIC_Init                                0x08007f4b   Thumb Code   100  misc.o(.text)
    NVIC_SetVectorTable                      0x08007faf   Thumb Code    14  misc.o(.text)
    NVIC_SystemLPConfig                      0x08007fbd   Thumb Code    34  misc.o(.text)
    SysTick_CLKSourceConfig                  0x08007fdf   Thumb Code    40  misc.o(.text)
    FSMC_NORSRAMDeInit                       0x0800801d   Thumb Code    54  stm32f10x_fsmc.o(.text)
    FSMC_NANDDeInit                          0x08008053   Thumb Code    62  stm32f10x_fsmc.o(.text)
    FSMC_PCCARDDeInit                        0x08008091   Thumb Code    36  stm32f10x_fsmc.o(.text)
    FSMC_NORSRAMInit                         0x080080b5   Thumb Code   230  stm32f10x_fsmc.o(.text)
    FSMC_NANDInit                            0x0800819b   Thumb Code   132  stm32f10x_fsmc.o(.text)
    FSMC_PCCARDInit                          0x0800821f   Thumb Code   130  stm32f10x_fsmc.o(.text)
    FSMC_NORSRAMStructInit                   0x080082a1   Thumb Code   114  stm32f10x_fsmc.o(.text)
    FSMC_NANDStructInit                      0x08008313   Thumb Code    54  stm32f10x_fsmc.o(.text)
    FSMC_PCCARDStructInit                    0x08008349   Thumb Code    60  stm32f10x_fsmc.o(.text)
    FSMC_NORSRAMCmd                          0x08008385   Thumb Code    46  stm32f10x_fsmc.o(.text)
    FSMC_NANDCmd                             0x080083b3   Thumb Code    86  stm32f10x_fsmc.o(.text)
    FSMC_PCCARDCmd                           0x08008409   Thumb Code    44  stm32f10x_fsmc.o(.text)
    FSMC_NANDECCCmd                          0x08008435   Thumb Code    90  stm32f10x_fsmc.o(.text)
    FSMC_GetECC                              0x0800848f   Thumb Code    24  stm32f10x_fsmc.o(.text)
    FSMC_ITConfig                            0x080084a7   Thumb Code   128  stm32f10x_fsmc.o(.text)
    FSMC_GetFlagStatus                       0x08008527   Thumb Code    54  stm32f10x_fsmc.o(.text)
    FSMC_ClearFlag                           0x0800855d   Thumb Code    62  stm32f10x_fsmc.o(.text)
    FSMC_GetITStatus                         0x0800859b   Thumb Code    64  stm32f10x_fsmc.o(.text)
    FSMC_ClearITPendingBit                   0x080085db   Thumb Code    68  stm32f10x_fsmc.o(.text)
    GPIO_DeInit                              0x08008629   Thumb Code   172  stm32f10x_gpio.o(.text)
    GPIO_AFIODeInit                          0x080086d5   Thumb Code    20  stm32f10x_gpio.o(.text)
    GPIO_Init                                0x080086e9   Thumb Code   278  stm32f10x_gpio.o(.text)
    GPIO_StructInit                          0x080087ff   Thumb Code    16  stm32f10x_gpio.o(.text)
    GPIO_ReadInputDataBit                    0x0800880f   Thumb Code    18  stm32f10x_gpio.o(.text)
    GPIO_ReadInputData                       0x08008821   Thumb Code     8  stm32f10x_gpio.o(.text)
    GPIO_ReadOutputDataBit                   0x08008829   Thumb Code    18  stm32f10x_gpio.o(.text)
    GPIO_ReadOutputData                      0x0800883b   Thumb Code     8  stm32f10x_gpio.o(.text)
    GPIO_SetBits                             0x08008843   Thumb Code     4  stm32f10x_gpio.o(.text)
    GPIO_ResetBits                           0x08008847   Thumb Code     4  stm32f10x_gpio.o(.text)
    GPIO_WriteBit                            0x0800884b   Thumb Code    10  stm32f10x_gpio.o(.text)
    GPIO_Write                               0x08008855   Thumb Code     4  stm32f10x_gpio.o(.text)
    GPIO_PinLockConfig                       0x08008859   Thumb Code    18  stm32f10x_gpio.o(.text)
    GPIO_EventOutputConfig                   0x0800886b   Thumb Code    26  stm32f10x_gpio.o(.text)
    GPIO_EventOutputCmd                      0x08008885   Thumb Code     6  stm32f10x_gpio.o(.text)
    GPIO_PinRemapConfig                      0x0800888b   Thumb Code   138  stm32f10x_gpio.o(.text)
    GPIO_EXTILineConfig                      0x08008915   Thumb Code    66  stm32f10x_gpio.o(.text)
    GPIO_ETH_MediaInterfaceConfig            0x08008957   Thumb Code     8  stm32f10x_gpio.o(.text)
    RCC_DeInit                               0x08008985   Thumb Code    64  stm32f10x_rcc.o(.text)
    RCC_HSEConfig                            0x080089c5   Thumb Code    70  stm32f10x_rcc.o(.text)
    RCC_GetFlagStatus                        0x08008a0b   Thumb Code    56  stm32f10x_rcc.o(.text)
    RCC_WaitForHSEStartUp                    0x08008a43   Thumb Code    56  stm32f10x_rcc.o(.text)
    RCC_AdjustHSICalibrationValue            0x08008a7b   Thumb Code    20  stm32f10x_rcc.o(.text)
    RCC_HSICmd                               0x08008a8f   Thumb Code     6  stm32f10x_rcc.o(.text)
    RCC_PLLConfig                            0x08008a95   Thumb Code    24  stm32f10x_rcc.o(.text)
    RCC_PLLCmd                               0x08008aad   Thumb Code     6  stm32f10x_rcc.o(.text)
    RCC_SYSCLKConfig                         0x08008ab3   Thumb Code    18  stm32f10x_rcc.o(.text)
    RCC_GetSYSCLKSource                      0x08008ac5   Thumb Code    10  stm32f10x_rcc.o(.text)
    RCC_HCLKConfig                           0x08008acf   Thumb Code    18  stm32f10x_rcc.o(.text)
    RCC_PCLK1Config                          0x08008ae1   Thumb Code    18  stm32f10x_rcc.o(.text)
    RCC_PCLK2Config                          0x08008af3   Thumb Code    20  stm32f10x_rcc.o(.text)
    RCC_ITConfig                             0x08008b07   Thumb Code    26  stm32f10x_rcc.o(.text)
    RCC_USBCLKConfig                         0x08008b21   Thumb Code     8  stm32f10x_rcc.o(.text)
    RCC_ADCCLKConfig                         0x08008b29   Thumb Code    18  stm32f10x_rcc.o(.text)
    RCC_LSEConfig                            0x08008b3b   Thumb Code    50  stm32f10x_rcc.o(.text)
    RCC_LSICmd                               0x08008b6d   Thumb Code     6  stm32f10x_rcc.o(.text)
    RCC_RTCCLKConfig                         0x08008b73   Thumb Code    12  stm32f10x_rcc.o(.text)
    RCC_RTCCLKCmd                            0x08008b7f   Thumb Code     8  stm32f10x_rcc.o(.text)
    RCC_GetClocksFreq                        0x08008b87   Thumb Code   192  stm32f10x_rcc.o(.text)
    RCC_AHBPeriphClockCmd                    0x08008c47   Thumb Code    26  stm32f10x_rcc.o(.text)
    RCC_APB2PeriphClockCmd                   0x08008c61   Thumb Code    26  stm32f10x_rcc.o(.text)
    RCC_APB1PeriphClockCmd                   0x08008c7b   Thumb Code    26  stm32f10x_rcc.o(.text)
    RCC_APB2PeriphResetCmd                   0x08008c95   Thumb Code    26  stm32f10x_rcc.o(.text)
    RCC_APB1PeriphResetCmd                   0x08008caf   Thumb Code    26  stm32f10x_rcc.o(.text)
    RCC_BackupResetCmd                       0x08008cc9   Thumb Code     8  stm32f10x_rcc.o(.text)
    RCC_ClockSecuritySystemCmd               0x08008cd1   Thumb Code     6  stm32f10x_rcc.o(.text)
    RCC_MCOConfig                            0x08008cd7   Thumb Code     6  stm32f10x_rcc.o(.text)
    RCC_ClearFlag                            0x08008cdd   Thumb Code    14  stm32f10x_rcc.o(.text)
    RCC_GetITStatus                          0x08008ceb   Thumb Code    20  stm32f10x_rcc.o(.text)
    RCC_ClearITPendingBit                    0x08008cff   Thumb Code     6  stm32f10x_rcc.o(.text)
    USART_DeInit                             0x08008d29   Thumb Code   134  stm32f10x_usart.o(.text)
    USART_Init                               0x08008daf   Thumb Code   210  stm32f10x_usart.o(.text)
    USART_StructInit                         0x08008e81   Thumb Code    24  stm32f10x_usart.o(.text)
    USART_ClockInit                          0x08008e99   Thumb Code    34  stm32f10x_usart.o(.text)
    USART_ClockStructInit                    0x08008ebb   Thumb Code    12  stm32f10x_usart.o(.text)
    USART_Cmd                                0x08008ec7   Thumb Code    24  stm32f10x_usart.o(.text)
    USART_ITConfig                           0x08008edf   Thumb Code    74  stm32f10x_usart.o(.text)
    USART_DMACmd                             0x08008f29   Thumb Code    18  stm32f10x_usart.o(.text)
    USART_SetAddress                         0x08008f3b   Thumb Code    18  stm32f10x_usart.o(.text)
    USART_WakeUpConfig                       0x08008f4d   Thumb Code    18  stm32f10x_usart.o(.text)
    USART_ReceiverWakeUpCmd                  0x08008f5f   Thumb Code    24  stm32f10x_usart.o(.text)
    USART_LINBreakDetectLengthConfig         0x08008f77   Thumb Code    18  stm32f10x_usart.o(.text)
    USART_LINCmd                             0x08008f89   Thumb Code    24  stm32f10x_usart.o(.text)
    USART_SendData                           0x08008fa1   Thumb Code     8  stm32f10x_usart.o(.text)
    USART_ReceiveData                        0x08008fa9   Thumb Code    10  stm32f10x_usart.o(.text)
    USART_SendBreak                          0x08008fb3   Thumb Code    10  stm32f10x_usart.o(.text)
    USART_SetGuardTime                       0x08008fbd   Thumb Code    16  stm32f10x_usart.o(.text)
    USART_SetPrescaler                       0x08008fcd   Thumb Code    16  stm32f10x_usart.o(.text)
    USART_SmartCardCmd                       0x08008fdd   Thumb Code    24  stm32f10x_usart.o(.text)
    USART_SmartCardNACKCmd                   0x08008ff5   Thumb Code    24  stm32f10x_usart.o(.text)
    USART_HalfDuplexCmd                      0x0800900d   Thumb Code    24  stm32f10x_usart.o(.text)
    USART_OverSampling8Cmd                   0x08009025   Thumb Code    22  stm32f10x_usart.o(.text)
    USART_OneBitMethodCmd                    0x0800903b   Thumb Code    24  stm32f10x_usart.o(.text)
    USART_IrDAConfig                         0x08009053   Thumb Code    18  stm32f10x_usart.o(.text)
    USART_IrDACmd                            0x08009065   Thumb Code    24  stm32f10x_usart.o(.text)
    USART_GetFlagStatus                      0x0800907d   Thumb Code    26  stm32f10x_usart.o(.text)
    USART_ClearFlag                          0x08009097   Thumb Code    18  stm32f10x_usart.o(.text)
    USART_GetITStatus                        0x080090a9   Thumb Code    84  stm32f10x_usart.o(.text)
    USART_ClearITPendingBit                  0x080090fd   Thumb Code    52  stm32f10x_usart.o(.text)
    EXTI_DeInit                              0x08009131   Thumb Code    28  stm32f10x_exti.o(.text)
    EXTI_Init                                0x0800914d   Thumb Code   142  stm32f10x_exti.o(.text)
    EXTI_StructInit                          0x080091db   Thumb Code    16  stm32f10x_exti.o(.text)
    EXTI_GenerateSWInterrupt                 0x080091eb   Thumb Code    16  stm32f10x_exti.o(.text)
    EXTI_GetFlagStatus                       0x080091fb   Thumb Code    22  stm32f10x_exti.o(.text)
    EXTI_ClearFlag                           0x08009211   Thumb Code     8  stm32f10x_exti.o(.text)
    EXTI_GetITStatus                         0x08009219   Thumb Code    34  stm32f10x_exti.o(.text)
    EXTI_ClearITPendingBit                   0x0800923b   Thumb Code     8  stm32f10x_exti.o(.text)
    SPI_I2S_DeInit                           0x0800924d   Thumb Code    76  stm32f10x_spi.o(.text)
    SPI_Init                                 0x08009299   Thumb Code    60  stm32f10x_spi.o(.text)
    I2S_Init                                 0x080092d5   Thumb Code   226  stm32f10x_spi.o(.text)
    SPI_StructInit                           0x080093b7   Thumb Code    24  stm32f10x_spi.o(.text)
    I2S_StructInit                           0x080093cf   Thumb Code    20  stm32f10x_spi.o(.text)
    SPI_Cmd                                  0x080093e3   Thumb Code    24  stm32f10x_spi.o(.text)
    I2S_Cmd                                  0x080093fb   Thumb Code    24  stm32f10x_spi.o(.text)
    SPI_I2S_ITConfig                         0x08009413   Thumb Code    32  stm32f10x_spi.o(.text)
    SPI_I2S_DMACmd                           0x08009433   Thumb Code    18  stm32f10x_spi.o(.text)
    SPI_I2S_SendData                         0x08009445   Thumb Code     4  stm32f10x_spi.o(.text)
    SPI_I2S_ReceiveData                      0x08009449   Thumb Code     6  stm32f10x_spi.o(.text)
    SPI_NSSInternalSoftwareConfig            0x0800944f   Thumb Code    30  stm32f10x_spi.o(.text)
    SPI_SSOutputCmd                          0x0800946d   Thumb Code    24  stm32f10x_spi.o(.text)
    SPI_DataSizeConfig                       0x08009485   Thumb Code    18  stm32f10x_spi.o(.text)
    SPI_TransmitCRC                          0x08009497   Thumb Code    10  stm32f10x_spi.o(.text)
    SPI_CalculateCRC                         0x080094a1   Thumb Code    24  stm32f10x_spi.o(.text)
    SPI_GetCRC                               0x080094b9   Thumb Code    16  stm32f10x_spi.o(.text)
    SPI_GetCRCPolynomial                     0x080094c9   Thumb Code     6  stm32f10x_spi.o(.text)
    SPI_BiDirectionalLineConfig              0x080094cf   Thumb Code    28  stm32f10x_spi.o(.text)
    SPI_I2S_GetFlagStatus                    0x080094eb   Thumb Code    18  stm32f10x_spi.o(.text)
    SPI_I2S_ClearFlag                        0x080094fd   Thumb Code     6  stm32f10x_spi.o(.text)
    SPI_I2S_GetITStatus                      0x08009503   Thumb Code    52  stm32f10x_spi.o(.text)
    SPI_I2S_ClearITPendingBit                0x08009537   Thumb Code    20  stm32f10x_spi.o(.text)
    __use_no_semihosting                     0x08009559   Thumb Code     2  use_no_semi_2.o(.text)
    __2sprintf                               0x0800955d   Thumb Code    34  noretval__2sprintf.o(.text)
    _printf_pre_padding                      0x08009585   Thumb Code    44  _printf_pad.o(.text)
    _printf_post_padding                     0x080095b1   Thumb Code    34  _printf_pad.o(.text)
    _printf_int_dec                          0x080095d5   Thumb Code   104  _printf_dec.o(.text)
    __printf                                 0x0800964d   Thumb Code   308  __printf_flags_wp.o(.text)
    __use_two_region_memory                  0x08009785   Thumb Code     2  heapauxi.o(.text)
    __rt_heap_escrow$2region                 0x08009787   Thumb Code     2  heapauxi.o(.text)
    __rt_heap_expand$2region                 0x08009789   Thumb Code     2  heapauxi.o(.text)
    __I$use$semihosting                      0x0800978b   Thumb Code     0  use_no_semi.o(.text)
    __use_no_semihosting_swi                 0x0800978b   Thumb Code     2  use_no_semi.o(.text)
    __read_errno                             0x0800978d   Thumb Code    10  _rserrno.o(.text)
    __set_errno                              0x08009797   Thumb Code    12  _rserrno.o(.text)
    _printf_int_common                       0x080097a3   Thumb Code   178  _printf_intcommon.o(.text)
    _printf_char_common                      0x0800985f   Thumb Code    32  _printf_char_common.o(.text)
    _sputc                                   0x08009885   Thumb Code    10  _sputc.o(.text)
    __aeabi_errno_addr                       0x08009891   Thumb Code     8  rt_errno_addr_intlibspace.o(.text)
    __errno$intlibspace                      0x08009891   Thumb Code     0  rt_errno_addr_intlibspace.o(.text)
    __rt_errno_addr$intlibspace              0x08009891   Thumb Code     0  rt_errno_addr_intlibspace.o(.text)
    __user_libspace                          0x08009899   Thumb Code     8  libspace.o(.text)
    __user_perproc_libspace                  0x08009899   Thumb Code     0  libspace.o(.text)
    __user_perthread_libspace                0x08009899   Thumb Code     0  libspace.o(.text)
    __user_setup_stackheap                   0x080098a1   Thumb Code    74  sys_stackheap_outer.o(.text)
    exit                                     0x080098eb   Thumb Code    18  exit.o(.text)
    _is_digit                                0x080098fd   Thumb Code    14  __printf_wp.o(i._is_digit)
    sqrt                                     0x0800990b   Thumb Code    76  sqrt.o(i.sqrt)
    __aeabi_dadd                             0x08009959   Thumb Code     0  daddsub_clz.o(x$fpl$dadd)
    _dadd                                    0x08009959   Thumb Code   332  daddsub_clz.o(x$fpl$dadd)
    __fpl_dcmp_Inf                           0x08009aa9   Thumb Code    24  dcmpi.o(x$fpl$dcmpinf)
    __aeabi_ddiv                             0x08009ac1   Thumb Code     0  ddiv.o(x$fpl$ddiv)
    _ddiv                                    0x08009ac1   Thumb Code   552  ddiv.o(x$fpl$ddiv)
    __aeabi_d2iz                             0x08009d71   Thumb Code     0  dfix.o(x$fpl$dfix)
    _dfix                                    0x08009d71   Thumb Code    94  dfix.o(x$fpl$dfix)
    __aeabi_d2uiz                            0x08009dd1   Thumb Code     0  dfixu.o(x$fpl$dfixu)
    _dfixu                                   0x08009dd1   Thumb Code    90  dfixu.o(x$fpl$dfixu)
    __aeabi_i2d                              0x08009e2b   Thumb Code     0  dflt_clz.o(x$fpl$dflt)
    _dflt                                    0x08009e2b   Thumb Code    46  dflt_clz.o(x$fpl$dflt)
    __aeabi_ui2d                             0x08009e59   Thumb Code     0  dflt_clz.o(x$fpl$dfltu)
    _dfltu                                   0x08009e59   Thumb Code    38  dflt_clz.o(x$fpl$dfltu)
    __aeabi_cdcmple                          0x08009e81   Thumb Code     0  dleqf.o(x$fpl$dleqf)
    _dcmple                                  0x08009e81   Thumb Code   120  dleqf.o(x$fpl$dleqf)
    __fpl_dcmple_InfNaN                      0x08009ee3   Thumb Code     0  dleqf.o(x$fpl$dleqf)
    __aeabi_dmul                             0x08009ef9   Thumb Code     0  dmul.o(x$fpl$dmul)
    _dmul                                    0x08009ef9   Thumb Code   332  dmul.o(x$fpl$dmul)
    __fpl_dnaninf                            0x0800a04d   Thumb Code   156  dnaninf.o(x$fpl$dnaninf)
    __fpl_dretinf                            0x0800a0e9   Thumb Code    12  dretinf.o(x$fpl$dretinf)
    __aeabi_cdrcmple                         0x0800a0f5   Thumb Code     0  drleqf.o(x$fpl$drleqf)
    _drcmple                                 0x0800a0f5   Thumb Code   108  drleqf.o(x$fpl$drleqf)
    _dsqrt                                   0x0800a161   Thumb Code   456  dsqrt_noumaal.o(x$fpl$dsqrt)
    __aeabi_dsub                             0x0800a32d   Thumb Code     0  daddsub_clz.o(x$fpl$dsub)
    _dsub                                    0x0800a32d   Thumb Code   464  daddsub_clz.o(x$fpl$dsub)
    __aeabi_f2d                              0x0800a501   Thumb Code     0  f2d.o(x$fpl$f2d)
    _f2d                                     0x0800a501   Thumb Code    86  f2d.o(x$fpl$f2d)
    __aeabi_fadd                             0x0800a559   Thumb Code     0  faddsub_clz.o(x$fpl$fadd)
    _fadd                                    0x0800a559   Thumb Code   196  faddsub_clz.o(x$fpl$fadd)
    __aeabi_fdiv                             0x0800a61d   Thumb Code     0  fdiv.o(x$fpl$fdiv)
    _fdiv                                    0x0800a61d   Thumb Code   384  fdiv.o(x$fpl$fdiv)
    __aeabi_f2iz                             0x0800a7a1   Thumb Code     0  ffix.o(x$fpl$ffix)
    _ffix                                    0x0800a7a1   Thumb Code    54  ffix.o(x$fpl$ffix)
    __aeabi_f2uiz                            0x0800a7d9   Thumb Code     0  ffixu.o(x$fpl$ffixu)
    _ffixu                                   0x0800a7d9   Thumb Code    62  ffixu.o(x$fpl$ffixu)
    __aeabi_i2f                              0x0800a819   Thumb Code     0  fflt_clz.o(x$fpl$fflt)
    _fflt                                    0x0800a819   Thumb Code    48  fflt_clz.o(x$fpl$fflt)
    __aeabi_ui2f                             0x0800a849   Thumb Code     0  fflt_clz.o(x$fpl$ffltu)
    _ffltu                                   0x0800a849   Thumb Code    38  fflt_clz.o(x$fpl$ffltu)
    __aeabi_fmul                             0x0800a871   Thumb Code     0  fmul.o(x$fpl$fmul)
    _fmul                                    0x0800a871   Thumb Code   258  fmul.o(x$fpl$fmul)
    __fpl_fnaninf                            0x0800a973   Thumb Code   140  fnaninf.o(x$fpl$fnaninf)
    __fpl_fretinf                            0x0800a9ff   Thumb Code    10  fretinf.o(x$fpl$fretinf)
    __aeabi_fsub                             0x0800aa09   Thumb Code     0  faddsub_clz.o(x$fpl$fsub)
    _fsub                                    0x0800aa09   Thumb Code   234  faddsub_clz.o(x$fpl$fsub)
    __I$use$fp                               0x0800aaf2   Number         0  usenofp.o(x$fpl$usenofp)
    Chinese32                                0x0800aaf4   Data          44  font.o(.constdata)
    Chinese64                                0x0800ab20   Data          36  font.o(.constdata)
    asc2_1206                                0x0800ab44   Data        1140  font.o(.constdata)
    asc2_1608                                0x0800afb8   Data        1520  font.o(.constdata)
    asc2_2412                                0x0800b5a8   Data        3420  font.o(.constdata)
    GB_3232                                  0x0800c304   Data        1536  font.o(.constdata)
    GB_6464                                  0x0800c904   Data        4608  font.o(.constdata)
    GB_1616                                  0x0800db04   Data         352  font.o(.constdata)
    GB_5656                                  0x0800dc64   Data        3528  font.o(.constdata)
    TP_ADJDIS_TBL                            0x0800ea2c   Data          12  bsp_touch.o(.constdata)
    Region$$Table$$Base                      0x0800eac8   Number         0  anon$$obj.o(Region$$Table)
    Region$$Table$$Limit                     0x0800eae8   Number         0  anon$$obj.o(Region$$Table)
    selectIndex                              0x20000000   Data           1  main.o(.data)
    gameRunFlag                              0x20000001   Data           1  main.o(.data)
    SystemCoreClock                          0x20000004   Data           4  system_stm32f10x.o(.data)
    AHBPrescTable                            0x20000008   Data          16  system_stm32f10x.o(.data)
    TURN                                     0x20000018   Data           1  chess.o(.data)
    undoEn                                   0x20000019   Data           1  chess.o(.data)
    changeBuffer2                            0x2000001a   Data           6  chess.o(.data)
    piece                                    0x20000020   Data         512  chess.o(.data)
    pieceTable                               0x20000220   Data          90  chess.o(.data)
    POINT_COLOR                              0x2000027a   Data           2  lcd.o(.data)
    BACK_COLOR                               0x2000027c   Data           2  lcd.o(.data)
    width                                    0x20000280   Data           2  displaychess.o(.data)
    height                                   0x20000282   Data           2  displaychess.o(.data)
    offsetX                                  0x20000284   Data           1  displaychess.o(.data)
    offsetY1                                 0x20000285   Data           1  displaychess.o(.data)
    offsetY2                                 0x20000286   Data           1  displaychess.o(.data)
    pieceR                                   0x20000287   Data           1  displaychess.o(.data)
    lengthCH                                 0x20000288   Data           1  displaychess.o(.data)
    lengthCH2                                0x20000289   Data           1  displaychess.o(.data)
    sX                                       0x2000028a   Data           2  displaychess.o(.data)
    sY                                       0x2000028c   Data           2  displaychess.o(.data)
    sizeENG                                  0x2000028e   Data           1  displaychess.o(.data)
    Libpiece                                 0x20000290   Data           4  displaychess.o(.data)
    Libbuttom                                0x20000294   Data           4  displaychess.o(.data)
    SPI_FLASH_TYPE                           0x20000298   Data           2  bsp_spiflash.o(.data)
    ucTouchFlag                              0x2000029c   Data           1  bsp_touch.o(.data)
    TP_REMIND_MSG_TBL                        0x200002a0   Data           4  bsp_touch.o(.data)
    __stdout                                 0x200002ac   Data           4  usart.o(.data)
    USART_RX_STA                             0x200002b0   Data           2  usart.o(.data)
    lcddev                                   0x200002c8   Data          14  lcd.o(.bss)
    turnPiX                                  0x200002d6   Data          18  displaychess.o(.bss)
    turnPiY                                  0x200002e8   Data          20  displaychess.o(.bss)
    SPI_FLASH_BUFFER                         0x200002fc   Data        4096  bsp_spiflash.o(.bss)
    tp_dev                                   0x200012fc   Data          24  bsp_touch.o(.bss)
    TouchPara                                0x20001314   Data          12  bsp_touch.o(.bss)
    USART_RX_BUF                             0x20001320   Data         200  usart.o(.bss)
    __libspace_start                         0x200013e8   Data          96  libspace.o(.bss)
    __temporary_stack_top$libspace           0x20001448   Data           0  libspace.o(.bss)



==============================================================================

Memory Map of the image

  Image Entry point : 0x08000131

  Load Region LR_IROM1 (Base: 0x08000000, Size: 0x0000edb0, Max: 0x00080000, ABSOLUTE, COMPRESSED[0x0000ec44])

    Execution Region ER_IROM1 (Exec base: 0x08000000, Load base: 0x08000000, Size: 0x0000eae8, Max: 0x00080000, ABSOLUTE)

    Exec Addr    Load Addr    Size         Type   Attr      Idx    E Section Name        Object

    0x08000000   0x08000000   0x00000130   Data   RO          505    RESET               startup_stm32f10x_hd.o
    0x08000130   0x08000130   0x00000008   Code   RO          672  * !!!main             c_w.l(__main.o)
    0x08000138   0x08000138   0x00000034   Code   RO          930    !!!scatter          c_w.l(__scatter.o)
    0x0800016c   0x0800016c   0x00000064   Code   RO          928    !!dclz77c           c_w.l(__dclz77c.o)
    0x080001d0   0x080001d0   0x0000001c   Code   RO          932    !!handler_zi        c_w.l(__scatter_zi.o)
    0x080001ec   0x080001ec   0x00000000   Code   RO          669    .ARM.Collect$$_printf_percent$$00000000  c_w.l(_printf_percent.o)
    0x080001ec   0x080001ec   0x00000006   Code   RO          668    .ARM.Collect$$_printf_percent$$00000009  c_w.l(_printf_d.o)
    0x080001f2   0x080001f2   0x00000004   Code   RO          753    .ARM.Collect$$_printf_percent$$00000017  c_w.l(_printf_percent_end.o)
    0x080001f6   0x080001f6   0x00000002   Code   RO          805    .ARM.Collect$$libinit$$00000000  c_w.l(libinit.o)
    0x080001f8   0x080001f8   0x00000000   Code   RO          809    .ARM.Collect$$libinit$$00000002  c_w.l(libinit2.o)
    0x080001f8   0x080001f8   0x00000000   Code   RO          811    .ARM.Collect$$libinit$$00000004  c_w.l(libinit2.o)
    0x080001f8   0x080001f8   0x00000000   Code   RO          814    .ARM.Collect$$libinit$$0000000A  c_w.l(libinit2.o)
    0x080001f8   0x080001f8   0x00000000   Code   RO          816    .ARM.Collect$$libinit$$0000000C  c_w.l(libinit2.o)
    0x080001f8   0x080001f8   0x00000000   Code   RO          818    .ARM.Collect$$libinit$$0000000E  c_w.l(libinit2.o)
    0x080001f8   0x080001f8   0x00000000   Code   RO          821    .ARM.Collect$$libinit$$00000011  c_w.l(libinit2.o)
    0x080001f8   0x080001f8   0x00000000   Code   RO          823    .ARM.Collect$$libinit$$00000013  c_w.l(libinit2.o)
    0x080001f8   0x080001f8   0x00000000   Code   RO          825    .ARM.Collect$$libinit$$00000015  c_w.l(libinit2.o)
    0x080001f8   0x080001f8   0x00000000   Code   RO          827    .ARM.Collect$$libinit$$00000017  c_w.l(libinit2.o)
    0x080001f8   0x080001f8   0x00000000   Code   RO          829    .ARM.Collect$$libinit$$00000019  c_w.l(libinit2.o)
    0x080001f8   0x080001f8   0x00000000   Code   RO          831    .ARM.Collect$$libinit$$0000001B  c_w.l(libinit2.o)
    0x080001f8   0x080001f8   0x00000000   Code   RO          833    .ARM.Collect$$libinit$$0000001D  c_w.l(libinit2.o)
    0x080001f8   0x080001f8   0x00000000   Code   RO          835    .ARM.Collect$$libinit$$0000001F  c_w.l(libinit2.o)
    0x080001f8   0x080001f8   0x00000000   Code   RO          837    .ARM.Collect$$libinit$$00000021  c_w.l(libinit2.o)
    0x080001f8   0x080001f8   0x00000000   Code   RO          839    .ARM.Collect$$libinit$$00000023  c_w.l(libinit2.o)
    0x080001f8   0x080001f8   0x00000000   Code   RO          841    .ARM.Collect$$libinit$$00000025  c_w.l(libinit2.o)
    0x080001f8   0x080001f8   0x00000000   Code   RO          845    .ARM.Collect$$libinit$$0000002C  c_w.l(libinit2.o)
    0x080001f8   0x080001f8   0x00000000   Code   RO          847    .ARM.Collect$$libinit$$0000002E  c_w.l(libinit2.o)
    0x080001f8   0x080001f8   0x00000000   Code   RO          849    .ARM.Collect$$libinit$$00000030  c_w.l(libinit2.o)
    0x080001f8   0x080001f8   0x00000000   Code   RO          851    .ARM.Collect$$libinit$$00000032  c_w.l(libinit2.o)
    0x080001f8   0x080001f8   0x00000002   Code   RO          852    .ARM.Collect$$libinit$$00000033  c_w.l(libinit2.o)
    0x080001fa   0x080001fa   0x00000002   Code   RO          870    .ARM.Collect$$libshutdown$$00000000  c_w.l(libshutdown.o)
    0x080001fc   0x080001fc   0x00000000   Code   RO          880    .ARM.Collect$$libshutdown$$00000002  c_w.l(libshutdown2.o)
    0x080001fc   0x080001fc   0x00000000   Code   RO          882    .ARM.Collect$$libshutdown$$00000004  c_w.l(libshutdown2.o)
    0x080001fc   0x080001fc   0x00000000   Code   RO          885    .ARM.Collect$$libshutdown$$00000007  c_w.l(libshutdown2.o)
    0x080001fc   0x080001fc   0x00000000   Code   RO          888    .ARM.Collect$$libshutdown$$0000000A  c_w.l(libshutdown2.o)
    0x080001fc   0x080001fc   0x00000000   Code   RO          890    .ARM.Collect$$libshutdown$$0000000C  c_w.l(libshutdown2.o)
    0x080001fc   0x080001fc   0x00000000   Code   RO          893    .ARM.Collect$$libshutdown$$0000000F  c_w.l(libshutdown2.o)
    0x080001fc   0x080001fc   0x00000002   Code   RO          894    .ARM.Collect$$libshutdown$$00000010  c_w.l(libshutdown2.o)
    0x080001fe   0x080001fe   0x00000000   Code   RO          742    .ARM.Collect$$rtentry$$00000000  c_w.l(__rtentry.o)
    0x080001fe   0x080001fe   0x00000000   Code   RO          768    .ARM.Collect$$rtentry$$00000002  c_w.l(__rtentry2.o)
    0x080001fe   0x080001fe   0x00000006   Code   RO          780    .ARM.Collect$$rtentry$$00000004  c_w.l(__rtentry4.o)
    0x08000204   0x08000204   0x00000000   Code   RO          770    .ARM.Collect$$rtentry$$00000009  c_w.l(__rtentry2.o)
    0x08000204   0x08000204   0x00000004   Code   RO          771    .ARM.Collect$$rtentry$$0000000A  c_w.l(__rtentry2.o)
    0x08000208   0x08000208   0x00000000   Code   RO          773    .ARM.Collect$$rtentry$$0000000C  c_w.l(__rtentry2.o)
    0x08000208   0x08000208   0x00000008   Code   RO          774    .ARM.Collect$$rtentry$$0000000D  c_w.l(__rtentry2.o)
    0x08000210   0x08000210   0x00000002   Code   RO          806    .ARM.Collect$$rtexit$$00000000  c_w.l(rtexit.o)
    0x08000212   0x08000212   0x00000000   Code   RO          854    .ARM.Collect$$rtexit$$00000002  c_w.l(rtexit2.o)
    0x08000212   0x08000212   0x00000004   Code   RO          855    .ARM.Collect$$rtexit$$00000003  c_w.l(rtexit2.o)
    0x08000216   0x08000216   0x00000006   Code   RO          856    .ARM.Collect$$rtexit$$00000004  c_w.l(rtexit2.o)
    0x0800021c   0x0800021c   0x00000514   Code   RO            1    .text               main.o
    0x08000730   0x08000730   0x0000001a   Code   RO          157    .text               stm32f10x_it.o
    0x0800074a   0x0800074a   0x00000002   PAD
    0x0800074c   0x0800074c   0x000001e0   Code   RO          198    .text               system_stm32f10x.o
    0x0800092c   0x0800092c   0x00000578   Code   RO          216    .text               chess.o
    0x08000ea4   0x08000ea4   0x000007cc   Code   RO          241    .text               check.o
    0x08001670   0x08001670   0x00004f40   Code   RO          253    .text               lcd.o
    0x080065b0   0x080065b0   0x00000690   Code   RO          280    .text               displaychess.o
    0x08006c40   0x08006c40   0x0000006c   Code   RO          300    .text               exti.o
    0x08006cac   0x08006cac   0x00000038   Code   RO          364    .text               beep.o
    0x08006ce4   0x08006ce4   0x000003e0   Code   RO          385    .text               bsp_spiflash.o
    0x080070c4   0x080070c4   0x00000a14   Code   RO          404    .text               bsp_touch.o
    0x08007ad8   0x08007ad8   0x00000214   Code   RO          425    .text               spi.o
    0x08007cec   0x08007cec   0x000000d4   Code   RO          439    .text               delay.o
    0x08007dc0   0x08007dc0   0x00000140   Code   RO          470    .text               usart.o
    0x08007f00   0x08007f00   0x00000040   Code   RO          506    .text               startup_stm32f10x_hd.o
    0x08007f40   0x08007f40   0x000000dc   Code   RO          510    .text               misc.o
    0x0800801c   0x0800801c   0x0000060c   Code   RO          522    .text               stm32f10x_fsmc.o
    0x08008628   0x08008628   0x0000035c   Code   RO          534    .text               stm32f10x_gpio.o
    0x08008984   0x08008984   0x000003a4   Code   RO          546    .text               stm32f10x_rcc.o
    0x08008d28   0x08008d28   0x00000408   Code   RO          560    .text               stm32f10x_usart.o
    0x08009130   0x08009130   0x0000011c   Code   RO          584    .text               stm32f10x_exti.o
    0x0800924c   0x0800924c   0x0000030c   Code   RO          596    .text               stm32f10x_spi.o
    0x08009558   0x08009558   0x00000002   Code   RO          610    .text               c_w.l(use_no_semi_2.o)
    0x0800955a   0x0800955a   0x00000002   PAD
    0x0800955c   0x0800955c   0x00000028   Code   RO          618    .text               c_w.l(noretval__2sprintf.o)
    0x08009584   0x08009584   0x0000004e   Code   RO          622    .text               c_w.l(_printf_pad.o)
    0x080095d2   0x080095d2   0x00000002   PAD
    0x080095d4   0x080095d4   0x00000078   Code   RO          624    .text               c_w.l(_printf_dec.o)
    0x0800964c   0x0800964c   0x00000138   Code   RO          659    .text               c_w.l(__printf_flags_wp.o)
    0x08009784   0x08009784   0x00000006   Code   RO          670    .text               c_w.l(heapauxi.o)
    0x0800978a   0x0800978a   0x00000002   Code   RO          740    .text               c_w.l(use_no_semi.o)
    0x0800978c   0x0800978c   0x00000016   Code   RO          743    .text               c_w.l(_rserrno.o)
    0x080097a2   0x080097a2   0x000000b2   Code   RO          745    .text               c_w.l(_printf_intcommon.o)
    0x08009854   0x08009854   0x00000030   Code   RO          747    .text               c_w.l(_printf_char_common.o)
    0x08009884   0x08009884   0x0000000a   Code   RO          749    .text               c_w.l(_sputc.o)
    0x0800988e   0x0800988e   0x00000002   PAD
    0x08009890   0x08009890   0x00000008   Code   RO          785    .text               c_w.l(rt_errno_addr_intlibspace.o)
    0x08009898   0x08009898   0x00000008   Code   RO          793    .text               c_w.l(libspace.o)
    0x080098a0   0x080098a0   0x0000004a   Code   RO          796    .text               c_w.l(sys_stackheap_outer.o)
    0x080098ea   0x080098ea   0x00000012   Code   RO          798    .text               c_w.l(exit.o)
    0x080098fc   0x080098fc   0x0000000e   Code   RO          657    i._is_digit         c_w.l(__printf_wp.o)
    0x0800990a   0x0800990a   0x0000004c   Code   RO          733    i.sqrt              m_ws.l(sqrt.o)
    0x08009956   0x08009956   0x00000002   PAD
    0x08009958   0x08009958   0x00000150   Code   RO          674    x$fpl$dadd          fz_ws.l(daddsub_clz.o)
    0x08009aa8   0x08009aa8   0x00000018   Code   RO          754    x$fpl$dcmpinf       fz_ws.l(dcmpi.o)
    0x08009ac0   0x08009ac0   0x000002b0   Code   RO          681    x$fpl$ddiv          fz_ws.l(ddiv.o)
    0x08009d70   0x08009d70   0x0000005e   Code   RO          684    x$fpl$dfix          fz_ws.l(dfix.o)
    0x08009dce   0x08009dce   0x00000002   PAD
    0x08009dd0   0x08009dd0   0x0000005a   Code   RO          688    x$fpl$dfixu         fz_ws.l(dfixu.o)
    0x08009e2a   0x08009e2a   0x0000002e   Code   RO          693    x$fpl$dflt          fz_ws.l(dflt_clz.o)
    0x08009e58   0x08009e58   0x00000026   Code   RO          692    x$fpl$dfltu         fz_ws.l(dflt_clz.o)
    0x08009e7e   0x08009e7e   0x00000002   PAD
    0x08009e80   0x08009e80   0x00000078   Code   RO          698    x$fpl$dleqf         fz_ws.l(dleqf.o)
    0x08009ef8   0x08009ef8   0x00000154   Code   RO          700    x$fpl$dmul          fz_ws.l(dmul.o)
    0x0800a04c   0x0800a04c   0x0000009c   Code   RO          756    x$fpl$dnaninf       fz_ws.l(dnaninf.o)
    0x0800a0e8   0x0800a0e8   0x0000000c   Code   RO          758    x$fpl$dretinf       fz_ws.l(dretinf.o)
    0x0800a0f4   0x0800a0f4   0x0000006c   Code   RO          702    x$fpl$drleqf        fz_ws.l(drleqf.o)
    0x0800a160   0x0800a160   0x000001cc   Code   RO          760    x$fpl$dsqrt         fz_ws.l(dsqrt_noumaal.o)
    0x0800a32c   0x0800a32c   0x000001d4   Code   RO          676    x$fpl$dsub          fz_ws.l(daddsub_clz.o)
    0x0800a500   0x0800a500   0x00000056   Code   RO          704    x$fpl$f2d           fz_ws.l(f2d.o)
    0x0800a556   0x0800a556   0x00000002   PAD
    0x0800a558   0x0800a558   0x000000c4   Code   RO          706    x$fpl$fadd          fz_ws.l(faddsub_clz.o)
    0x0800a61c   0x0800a61c   0x00000184   Code   RO          713    x$fpl$fdiv          fz_ws.l(fdiv.o)
    0x0800a7a0   0x0800a7a0   0x00000036   Code   RO          716    x$fpl$ffix          fz_ws.l(ffix.o)
    0x0800a7d6   0x0800a7d6   0x00000002   PAD
    0x0800a7d8   0x0800a7d8   0x0000003e   Code   RO          720    x$fpl$ffixu         fz_ws.l(ffixu.o)
    0x0800a816   0x0800a816   0x00000002   PAD
    0x0800a818   0x0800a818   0x00000030   Code   RO          725    x$fpl$fflt          fz_ws.l(fflt_clz.o)
    0x0800a848   0x0800a848   0x00000026   Code   RO          724    x$fpl$ffltu         fz_ws.l(fflt_clz.o)
    0x0800a86e   0x0800a86e   0x00000002   PAD
    0x0800a870   0x0800a870   0x00000102   Code   RO          730    x$fpl$fmul          fz_ws.l(fmul.o)
    0x0800a972   0x0800a972   0x0000008c   Code   RO          762    x$fpl$fnaninf       fz_ws.l(fnaninf.o)
    0x0800a9fe   0x0800a9fe   0x0000000a   Code   RO          764    x$fpl$fretinf       fz_ws.l(fretinf.o)
    0x0800aa08   0x0800aa08   0x000000ea   Code   RO          708    x$fpl$fsub          fz_ws.l(faddsub_clz.o)
    0x0800aaf2   0x0800aaf2   0x00000000   Code   RO          766    x$fpl$usenofp       fz_ws.l(usenofp.o)
    0x0800aaf2   0x0800aaf2   0x00000002   PAD
    0x0800aaf4   0x0800aaf4   0x00003f38   Data   RO          376    .constdata          font.o
    0x0800ea2c   0x0800ea2c   0x0000000c   Data   RO          406    .constdata          bsp_touch.o
    0x0800ea38   0x0800ea38   0x00000011   Data   RO          660    .constdata          c_w.l(__printf_flags_wp.o)
    0x0800ea49   0x0800ea49   0x00000003   PAD
    0x0800ea4c   0x0800ea4c   0x00000079   Data   RO          407    .conststring        bsp_touch.o
    0x0800eac5   0x0800eac5   0x00000003   PAD
    0x0800eac8   0x0800eac8   0x00000020   Data   RO          926    Region$$Table       anon$$obj.o


    Execution Region RW_IRAM1 (Exec base: 0x20000000, Load base: 0x0800eae8, Size: 0x00001a48, Max: 0x00010000, ABSOLUTE, COMPRESSED[0x0000015c])

    Exec Addr    Load Addr    Size         Type   Attr      Idx    E Section Name        Object

    0x20000000   COMPRESSED   0x00000002   Data   RW            2    .data               main.o
    0x20000002   COMPRESSED   0x00000002   PAD
    0x20000004   COMPRESSED   0x00000014   Data   RW          199    .data               system_stm32f10x.o
    0x20000018   COMPRESSED   0x00000262   Data   RW          217    .data               chess.o
    0x2000027a   COMPRESSED   0x00000004   Data   RW          255    .data               lcd.o
    0x2000027e   COMPRESSED   0x00000002   PAD
    0x20000280   COMPRESSED   0x00000018   Data   RW          282    .data               displaychess.o
    0x20000298   COMPRESSED   0x00000002   Data   RW          387    .data               bsp_spiflash.o
    0x2000029a   COMPRESSED   0x00000002   PAD
    0x2000029c   COMPRESSED   0x00000008   Data   RW          408    .data               bsp_touch.o
    0x200002a4   COMPRESSED   0x00000001   Data   RW          426    .data               spi.o
    0x200002a5   COMPRESSED   0x00000001   PAD
    0x200002a6   COMPRESSED   0x00000004   Data   RW          440    .data               delay.o
    0x200002aa   COMPRESSED   0x00000002   PAD
    0x200002ac   COMPRESSED   0x00000006   Data   RW          472    .data               usart.o
    0x200002b2   COMPRESSED   0x00000014   Data   RW          547    .data               stm32f10x_rcc.o
    0x200002c6   COMPRESSED   0x00000002   PAD
    0x200002c8        -       0x0000000e   Zero   RW          254    .bss                lcd.o
    0x200002d6        -       0x00000026   Zero   RW          281    .bss                displaychess.o
    0x200002fc        -       0x00001000   Zero   RW          386    .bss                bsp_spiflash.o
    0x200012fc        -       0x00000024   Zero   RW          405    .bss                bsp_touch.o
    0x20001320        -       0x000000c8   Zero   RW          471    .bss                usart.o
    0x200013e8        -       0x00000060   Zero   RW          794    .bss                c_w.l(libspace.o)
    0x20001448        -       0x00000200   Zero   RW          504    HEAP                startup_stm32f10x_hd.o
    0x20001648        -       0x00000400   Zero   RW          503    STACK               startup_stm32f10x_hd.o


==============================================================================

Image component sizes


      Code (inc. data)   RO Data    RW Data    ZI Data      Debug   Object Name

        56          6          0          0          0        480   beep.o
       992         20          0          2       4096       5555   bsp_spiflash.o
      2580        194        133          8         36       6353   bsp_touch.o
      1996        142          0          0          0       4588   check.o
      1400         18          0        610          0       6413   chess.o
       212         18          0          4          0       1023   delay.o
      1680        148          0         24         38       4188   displaychess.o
       108          6          0          0          0        676   exti.o
         0          0      16184          0          0        892   font.o
     20288        184          0          4         14      24524   lcd.o
      1300         96          0          2          0     252255   main.o
       220         22          0          0          0       1777   misc.o
       532         22          0          1          0       2522   spi.o
        64         26        304          0       1536        788   startup_stm32f10x_hd.o
       284         10          0          0          0       2235   stm32f10x_exti.o
      1548         18          0          0          0       5359   stm32f10x_fsmc.o
       860         38          0          0          0       5713   stm32f10x_gpio.o
        26          0          0          0          0       1170   stm32f10x_it.o
       932         36          0         20          0       8884   stm32f10x_rcc.o
       780         14          0          0          0       6594   stm32f10x_spi.o
      1032         22          0          0          0       8436   stm32f10x_usart.o
         0          0          0          0          0         32   sys.o
       480         38          0         20          0       1707   system_stm32f10x.o
       320         18          0          6        200       3102   usart.o

    ----------------------------------------------------------------------
     37692       1096      16656        712       5920     355266   Object Totals
         0          0         32          0          0          0   (incl. Generated)
         2          0          3         11          0          0   (incl. Padding)

    ----------------------------------------------------------------------

      Code (inc. data)   RO Data    RW Data    ZI Data      Debug   Library Member Name

       100          0          0          0          0          0   __dclz77c.o
         8          0          0          0          0         68   __main.o
       312          4         17          0          0         92   __printf_flags_wp.o
        14          0          0          0          0         68   __printf_wp.o
         0          0          0          0          0          0   __rtentry.o
        12          0          0          0          0          0   __rtentry2.o
         6          0          0          0          0          0   __rtentry4.o
        52          8          0          0          0          0   __scatter.o
        28          0          0          0          0          0   __scatter_zi.o
        48          6          0          0          0         96   _printf_char_common.o
         6          0          0          0          0          0   _printf_d.o
       120         16          0          0          0         92   _printf_dec.o
       178          0          0          0          0         88   _printf_intcommon.o
        78          0          0          0          0        108   _printf_pad.o
         0          0          0          0          0          0   _printf_percent.o
         4          0          0          0          0          0   _printf_percent_end.o
        22          0          0          0          0        100   _rserrno.o
        10          0          0          0          0         68   _sputc.o
        18          0          0          0          0         80   exit.o
         6          0          0          0          0        152   heapauxi.o
         2          0          0          0          0          0   libinit.o
         2          0          0          0          0          0   libinit2.o
         2          0          0          0          0          0   libshutdown.o
         2          0          0          0          0          0   libshutdown2.o
         8          4          0          0         96         68   libspace.o
        40          6          0          0          0         84   noretval__2sprintf.o
         8          4          0          0          0         68   rt_errno_addr_intlibspace.o
         2          0          0          0          0          0   rtexit.o
        10          0          0          0          0          0   rtexit2.o
        74          0          0          0          0         80   sys_stackheap_outer.o
         2          0          0          0          0         68   use_no_semi.o
         2          0          0          0          0         68   use_no_semi_2.o
       804         16          0          0          0        272   daddsub_clz.o
        24          0          0          0          0         68   dcmpi.o
       688        140          0          0          0        208   ddiv.o
        94          4          0          0          0         92   dfix.o
        90          4          0          0          0         92   dfixu.o
        84          0          0          0          0        136   dflt_clz.o
       120          4          0          0          0         92   dleqf.o
       340         12          0          0          0        104   dmul.o
       156          4          0          0          0         92   dnaninf.o
        12          0          0          0          0         68   dretinf.o
       108          0          0          0          0         80   drleqf.o
       460         56          0          0          0        120   dsqrt_noumaal.o
        86          4          0          0          0         84   f2d.o
       430          8          0          0          0        168   faddsub_clz.o
       388         76          0          0          0         96   fdiv.o
        54          4          0          0          0         84   ffix.o
        62          4          0          0          0         84   ffixu.o
        86          0          0          0          0        136   fflt_clz.o
       258          4          0          0          0         84   fmul.o
       140          4          0          0          0         84   fnaninf.o
        10          0          0          0          0         68   fretinf.o
         0          0          0          0          0          0   usenofp.o
        76          0          0          0          0         84   sqrt.o

    ----------------------------------------------------------------------
      5768        392         20          0         96       3844   Library Totals
        22          0          3          0          0          0   (incl. Padding)

    ----------------------------------------------------------------------

      Code (inc. data)   RO Data    RW Data    ZI Data      Debug   Library Name

      1176         48         17          0         96       1448   c_w.l
      4494        344          0          0          0       2312   fz_ws.l
        76          0          0          0          0         84   m_ws.l

    ----------------------------------------------------------------------
      5768        392         20          0         96       3844   Library Totals

    ----------------------------------------------------------------------

==============================================================================


      Code (inc. data)   RO Data    RW Data    ZI Data      Debug   

     43460       1488      16676        712       6016     355154   Grand Totals
     43460       1488      16676        348       6016     355154   ELF Image Totals (compressed)
     43460       1488      16676        348          0          0   ROM Totals

==============================================================================

    Total RO  Size (Code + RO Data)                60136 (  58.73kB)
    Total RW  Size (RW Data + ZI Data)              6728 (   6.57kB)
    Total ROM Size (Code + RO Data + RW Data)      60484 (  59.07kB)

==============================================================================

